INFO 2026-09-22 00:17:53 bs_patch.py:207 Patched prepare_observation_for_inference to convert images on the device (LEROBOT_FAST_OBS) (rebound in: lerobot.utils.control_utils).
INFO 2026-09-22 00:17:53 rt_utils.py:160 Imported third-party plugin: lerobot_teleoperator_trossen
INFO 2026-09-22 00:17:53 rt_utils.py:160 Imported third-party plugin: lerobot_robot_trossen
INFO 2026-09-22 00:17:53 rt_utils.py:160 Imported third-party plugin: lerobot_robot_trossen
INFO 2026-09-22 00:17:53 rt_utils.py:160 Imported third-party plugin: lerobot_teleoperator_trossen
INFO 2026-09-22 00:17:53 ensemble.py:997 등록된 robot.type: bi_openarm_follower, bi_so_follower, bi_widowxai_follower_robot, earthrover_mini_plus, hope_jr_arm, hope_jr_hand, koch_follower, mobileai_robot, omx_follower, openarm_follower, reachy2, so100_follower, so101_follower, unitree_g1, widowxai_follower_robot
INFO 2026-09-22 00:17:53 ensemble.py:997 등록된 teleop.type: bi_openarm_leader, bi_so_leader, bi_widowxai_leader_teleop, homunculus_arm, homunculus_glove, keyboard, keyboard_ee, keyboard_rover, koch_leader, mobileai_leader_teleop, omx_leader, openarm_leader, openarm_mini, reachy2_teleoperator, so100_leader, so101_leader, unitree_g1, widowxai_leader_teleop
INFO 2026-09-22 00:17:53 nsemble.py:1046 commit=40: 워커는 쉬지 않고 추론하고, 로봇은 청크 하나를 40 스텝 실행한 뒤 그 사이 도착한 청크들의 가중평균으로 크로스페이드해 갈아탄다 (TA, coeff 적용)
INFO 2026-09-22 00:17:53 nsemble.py:1055 샘플링 조정: 초기 노이즈 x0.9, 추론당 노이즈 샘플 1개 평균
INFO 2026-09-22 00:17:53 nsemble.py:1061 temporal ensembling 활성화 (coeff=-1.5, every=1, async/process, align=on, amp=bf16). 추론은 전용 스레드·CUDA 스트림에서 돌고 제어 루프는 안 멈춘다. 매 제어 스텝마다 새 청크를 요청하고, 도착한 청크는 비행 중 흘러간 스텝만큼 앞을 잘라 맞춘 뒤 겹치는 구간을 가중 평균한다.
INFO 2026-09-22 00:17:53 rt_utils.py:160 Imported third-party plugin: lerobot_teleoperator_trossen
INFO 2026-09-22 00:17:53 rt_utils.py:160 Imported third-party plugin: lerobot_robot_trossen
INFO 2026-09-22 00:17:53 rt_utils.py:160 Imported third-party plugin: lerobot_robot_trossen
INFO 2026-09-22 00:17:53 rt_utils.py:160 Imported third-party plugin: lerobot_teleoperator_trossen
INFO 2026-09-22 00:17:56 t_record.py:435 {'dataset': {'encoder_queue_maxsize': 30,
             'encoder_threads': None,
             'episode_time_s': 60,
             'fps': 30,
             'num_episodes': 1,
             'num_image_writer_processes': 0,
             'num_image_writer_threads_per_camera': 4,
             'private': False,
             'push_to_hub': False,
             'rename_map': {},
             'repo_id': 'kiroaiseoul/eval_foundation_smolvla_v1',
             'reset_time_s': 30,
             'root': None,
             'single_task': 'Pick up the two tubes from the rack with both '
                            'hands',
             'streaming_encoding': False,
             'tags': None,
             'vcodec': 'libsvtav1',
             'video': True,
             'video_encoding_batch_size': 1},
 'display_compressed_images': False,
 'display_data': False,
 'display_ip': None,
 'display_port': None,
 'play_sounds': True,
 'policy': {'adapt_to_pi_aloha': False,
            'add_image_special_tokens': False,
            'attention_mode': 'cross_attn',
            'chunk_size': 50,
            'compile_mode': 'max-autotune',
            'compile_model': False,
            'device': 'cuda',
            'empty_cameras': 0,
            'expert_width_multiplier': 0.75,
            'freeze_vision_encoder': True,
            'input_features': {'observation.images.cam_high': {'shape': (3,
                                                                         480,
                                                                         640),
                                                               'type': <FeatureType.VISUAL: 'VISUAL'>},
                               'observation.images.cam_left_wrist': {'shape': (3,
                                                                               480,
                                                                               640),
                                                                     'type': <FeatureType.VISUAL: 'VISUAL'>},
                               'observation.images.cam_right_wrist': {'shape': (3,
                                                                                480,
                                                                                640),
                                                                      'type': <FeatureType.VISUAL: 'VISUAL'>},
                               'observation.state': {'shape': (16,),
                                                     'type': <FeatureType.STATE: 'STATE'>}},
            'license': None,
            'load_vlm_weights': False,
            'max_action_dim': 32,
            'max_period': 4.0,
            'max_state_dim': 32,
            'min_period': 0.004,
            'n_action_steps': 50,
            'n_obs_steps': 1,
            'normalization_mapping': {'ACTION': <NormalizationMode.MEAN_STD: 'MEAN_STD'>,
                                      'STATE': <NormalizationMode.MEAN_STD: 'MEAN_STD'>,
                                      'VISUAL': <NormalizationMode.IDENTITY: 'IDENTITY'>},
            'num_expert_layers': -1,
            'num_steps': 25,
            'num_vlm_layers': 16,
            'optimizer_betas': (0.9, 0.95),
            'optimizer_eps': 1e-08,
            'optimizer_grad_clip_norm': 10.0,
            'optimizer_lr': 1e-05,
            'optimizer_weight_decay': 1e-10,
            'output_features': {'action': {'shape': (16,),
                                           'type': <FeatureType.ACTION: 'ACTION'>}},
            'pad_language_to': 'longest',
            'prefix_length': -1,
            'pretrained_path': '/home/trossen-ai/daehee/models/smolvla_190k_30k_aug_80k_kirogist/pretrained_model',
            'private': None,
            'push_to_hub': False,
            'repo_id': None,
            'resize_imgs_with_padding': (512, 512),
            'rtc_config': None,
            'scheduler_decay_lr': 5e-07,
            'scheduler_decay_steps': 112000,
            'scheduler_warmup_steps': 1000,
            'self_attn_every_n_layers': 2,
            'tags': None,
            'tokenizer_max_length': 48,
            'train_expert_only': True,
            'train_state_proj': True,
            'use_amp': False,
            'use_cache': True,
            'use_delta_joint_actions_aloha': False,
            'use_peft': False,
            'vlm_model_name': 'HuggingFaceTB/SmolVLM2-500M-Video-Instruct'},
 'resume': False,
 'robot': {'calibration_dir': None,
           'cameras': {'cam_high': {'color_mode': <ColorMode.RGB: 'rgb'>,
                                    'fps': 30,
                                    'height': 480,
                                    'rotation': <Cv2Rotation.NO_ROTATION: 0>,
                                    'serial_number_or_name': '230422273501',
                                    'use_depth': False,
                                    'warmup_s': 1,
                                    'width': 640},
                       'cam_left_wrist': {'color_mode': <ColorMode.RGB: 'rgb'>,
                                          'fps': 30,
                                          'height': 480,
                                          'rotation': <Cv2Rotation.NO_ROTATION: 0>,
                                          'serial_number_or_name': '230422271234',
                                          'use_depth': False,
                                          'warmup_s': 1,
                                          'width': 640},
                       'cam_right_wrist': {'color_mode': <ColorMode.RGB: 'rgb'>,
                                           'fps': 30,
                                           'height': 480,
                                           'rotation': <Cv2Rotation.NO_ROTATION: 0>,
                                           'serial_number_or_name': '230322274369',
                                           'use_depth': False,
                                           'warmup_s': 1,
                                           'width': 640}},
           'enable_base_motor_torque': True,
           'estop_check': True,
           'id': 'follower',
           'include_base_in_state': True,
           'include_effort': False,
           'include_external_effort': False,
           'include_velocity': False,
           'left_arm_ip_address': '192.168.1.5',
           'left_arm_max_relative_target': 0.1,
           'loop_rate': 30,
           'min_time_to_move_multiplier': 3.0,
           'right_arm_ip_address': '192.168.1.4',
           'right_arm_max_relative_target': 0.1,
           'velocity_safety_factor': 0.4},
 'teleop': {'calibration_dir': None,
            'id': 'leader',
            'left_arm_ip_address': '192.168.1.3',
            'right_arm_ip_address': '192.168.1.2'}}
INFO 2026-09-22 00:17:56 eo_utils.py:106 Using video codec: libsvtav1
You have video processor config saved in `preprocessor.json` file which is deprecated. Video processor configs should be saved in their own `video_preprocessor.json` file. You can rename the file or load and save the processor back which renames it automatically. Loading from `preprocessor.json` will be removed in v5.0.
Reducing the number of VLM layers to 16 ...
INFO 2026-09-22 00:18:10 follower.py:100 Connecting to the arm controller's TCP server at 192.168.1.5:50001
INFO 2026-09-22 00:18:10 follower.py:100 Connecting to the arm controller's UDP server at 192.168.1.5:50000
INFO 2026-09-22 00:18:10 follower.py:100 Driver version: 'v1.9.0'
INFO 2026-09-22 00:18:10 follower.py:100 Controller firmware version: 'v1.9.1'
INFO 2026-09-22 00:18:12 follower.py:141 192.168.1.5 joint velocity_max (rad/s; m/s for the gripper carriage): joint_0=6.283185, joint_1=6.283185, joint_2=6.283185, joint_3=9.424778, joint_4=9.424778, joint_5=9.424778, left_carriage_joint=0.250000
INFO 2026-09-22 00:18:12 follower.py:113 None WidowXAIFollower connected.
INFO 2026-09-22 00:18:12 follower.py:100 Connecting to the arm controller's TCP server at 192.168.1.4:50001
INFO 2026-09-22 00:18:12 follower.py:100 Connecting to the arm controller's UDP server at 192.168.1.4:50000
INFO 2026-09-22 00:18:12 follower.py:100 Driver version: 'v1.9.0'
INFO 2026-09-22 00:18:12 follower.py:100 Controller firmware version: 'v1.9.1'
INFO 2026-09-22 00:18:14 follower.py:141 192.168.1.4 joint velocity_max (rad/s; m/s for the gripper carriage): joint_0=6.283185, joint_1=6.283185, joint_2=6.283185, joint_3=9.424778, joint_4=9.424778, joint_5=9.424778, left_carriage_joint=0.250000
INFO 2026-09-22 00:18:14 follower.py:113 None WidowXAIFollower connected.
INFO 2026-09-22 00:18:15 ealsense.py:202 RealSenseCamera(230422273501) connected.
INFO 2026-09-22 00:18:17 ealsense.py:202 RealSenseCamera(230422271234) connected.
INFO 2026-09-22 00:18:18 ealsense.py:202 RealSenseCamera(230322274369) connected.
INFO 2026-09-22 00:18:18 ai_leader.py:46 Connecting to the arm controller's TCP server at 192.168.1.3:50001
INFO 2026-09-22 00:18:18 ai_leader.py:46 Connecting to the arm controller's UDP server at 192.168.1.3:50000
INFO 2026-09-22 00:18:18 ai_leader.py:46 Driver version: 'v1.9.0'
INFO 2026-09-22 00:18:18 ai_leader.py:46 Controller firmware version: 'v1.9.1'
INFO 2026-09-22 00:18:20 ai_leader.py:56 leader_left WidowXAILeaderTeleop connected.
INFO 2026-09-22 00:18:20 ai_leader.py:46 Connecting to the arm controller's TCP server at 192.168.1.2:50001
INFO 2026-09-22 00:18:20 ai_leader.py:46 Connecting to the arm controller's UDP server at 192.168.1.2:50000
INFO 2026-09-22 00:18:20 ai_leader.py:46 Driver version: 'v1.9.0'
INFO 2026-09-22 00:18:20 ai_leader.py:46 Controller firmware version: 'v1.9.1'
You have video processor config saved in `preprocessor.json` file which is deprecated. Video processor configs should be saved in their own `video_preprocessor.json` file. You can rename the file or load and save the processor back which renames it automatically. Loading from `preprocessor.json` will be removed in v5.0.
INFO 2026-09-22 00:18:22 ai_leader.py:56 leader_right WidowXAILeaderTeleop connected.
INFO 2026-09-22 00:18:22 t_record.py:526 Streaming encoding is disabled. If you have capable hardware, consider enabling it for way faster episode saving. --dataset.streaming_encoding=true --dataset.encoder_threads=2 # --dataset.vcodec=auto. More info in the documentation: https://huggingface.co/docs/lerobot/streaming_video_encoding
INFO 2026-09-22 00:18:22 ls/utils.py:227 Recording episode 0
INFO 2026-09-22 00:18:22 bs_patch.py:125 GPU-side observation preprocessing is active (converting images on the device instead of the CPU). Disable with LEROBOT_FAST_OBS=0.
INFO 2026-09-22 00:18:27 rate_log.py:205 Control loop rate over last 30 frames (phase=policy, target=30 Hz): mean=20.6 Hz, min=16.5 Hz (divide the recording run's mean by this one for the base over-rotation multiplier) | per-frame: arms_read=2ms  arms_write=2ms  base_read=21ms  base_write=21ms  cam:cam_high=0ms  cam:cam_left_wrist=0ms  cam:cam_right_wrist=0ms  other=3ms
INFO 2026-09-22 00:18:28 rate_log.py:205 Control loop rate over last 30 frames (phase=policy, target=30 Hz): mean=20.7 Hz, min=19.2 Hz (divide the recording run's mean by this one for the base over-rotation multiplier) | per-frame: arms_read=2ms  arms_write=2ms  base_read=21ms  base_write=21ms  cam:cam_high=0ms  cam:cam_left_wrist=0ms  cam:cam_right_wrist=0ms  other=3ms
WARNING 2026-09-22 00:18:29 ts/utils.py:113 Relative goal position magnitude had to be clamped to be safe.
{   'joint_4': {   'original goal_pos': 0.014651298522949219,
                   'safe goal_pos': 0.08406194448471069}}
WARNING 2026-09-22 00:18:29 ts/utils.py:113 Relative goal position magnitude had to be clamped to be safe.
{   'joint_4': {   'original goal_pos': -0.03457590192556381,
                   'safe goal_pos': -0.06880293190479278}}
WARNING 2026-09-22 00:18:29 ts/utils.py:113 Relative goal position magnitude had to be clamped to be safe.
{   'joint_4': {   'original goal_pos': 0.016900204122066498,
                   'safe goal_pos': 0.0504921019077301}}
WARNING 2026-09-22 00:18:29 ts/utils.py:113 Relative goal position magnitude had to be clamped to be safe.
{   'joint_4': {   'original goal_pos': -0.03117585927248001,
                   'safe goal_pos': -0.03256275653839111}}
WARNING 2026-09-22 00:18:29 ts/utils.py:113 Relative goal position magnitude had to be clamped to be safe.
{   'joint_4': {   'original goal_pos': 0.15577569603919983,
                   'safe goal_pos': 0.11430533267557622}}
WARNING 2026-09-22 00:18:29 ts/utils.py:113 Relative goal position magnitude had to be clamped to be safe.
{   'joint_4': {   'original goal_pos': -0.32308048009872437,
                   'safe goal_pos': -0.13681239113211632}}
WARNING 2026-09-22 00:18:29 ts/utils.py:113 Relative goal position magnitude had to be clamped to be safe.
{   'joint_1': {   'original goal_pos': 1.2410987615585327,
                   'safe goal_pos': 1.202655053138733},
    'joint_4': {   'original goal_pos': 0.319126158952713,
                   'safe goal_pos': 0.14863813146948815},
    'joint_5': {   'original goal_pos': 0.1311008185148239,
                   'safe goal_pos': 0.1177386123687029}}
WARNING 2026-09-22 00:18:29 ts/utils.py:113 Relative goal position magnitude had to be clamped to be safe.
{   'joint_4': {   'original goal_pos': -0.6537712812423706,
                   'safe goal_pos': -0.17000076025724412}}
WARNING 2026-09-22 00:18:29 ts/utils.py:113 Relative goal position magnitude had to be clamped to be safe.
{   'joint_4': {   'original goal_pos': 0.3861851394176483,
                   'safe goal_pos': 0.22798504531383515}}
WARNING 2026-09-22 00:18:29 ts/utils.py:113 Relative goal position magnitude had to be clamped to be safe.
{   'joint_4': {   'original goal_pos': -0.7191433310508728,
                   'safe goal_pos': -0.24400701224803925}}
WARNING 2026-09-22 00:18:29 ts/utils.py:113 Relative goal position magnitude had to be clamped to be safe.
{   'joint_4': {   'original goal_pos': 0.4030904173851013,
                   'safe goal_pos': 0.2817730963230133}}
WARNING 2026-09-22 00:18:29 ts/utils.py:113 Relative goal position magnitude had to be clamped to be safe.
{   'joint_4': {   'original goal_pos': -0.7488157153129578,
                   'safe goal_pos': -0.2985580176115036}}
WARNING 2026-09-22 00:18:29 ts/utils.py:113 Relative goal position magnitude had to be clamped to be safe.
{   'joint_4': {   'original goal_pos': 0.43896281719207764,
                   'safe goal_pos': 0.35005722045898435}}
WARNING 2026-09-22 00:18:29 ts/utils.py:113 Relative goal position magnitude had to be clamped to be safe.
{   'joint_4': {   'original goal_pos': -0.8027935028076172,
                   'safe goal_pos': -0.37027541399002073},
    'joint_5': {   'original goal_pos': -0.1805407851934433,
                   'safe goal_pos': -0.17801175117492676}}
WARNING 2026-09-22 00:18:29 ts/utils.py:113 Relative goal position magnitude had to be clamped to be safe.
{   'joint_4': {   'original goal_pos': 0.5674418807029724,
                   'safe goal_pos': 0.4046082258224487}}
WARNING 2026-09-22 00:18:29 ts/utils.py:113 Relative goal position magnitude had to be clamped to be safe.
{   'joint_3': {   'original goal_pos': 0.5220434069633484,
                   'safe goal_pos': 0.5914244294166565},
    'joint_4': {   'original goal_pos': -0.8913204669952393,
                   'safe goal_pos': -0.4240634799003601},
    'joint_5': {   'original goal_pos': -0.2816326916217804,
                   'safe goal_pos': -0.22417028844356537}}
WARNING 2026-09-22 00:18:29 ts/utils.py:113 Relative goal position magnitude had to be clamped to be safe.
{   'joint_4': {   'original goal_pos': 0.6763572692871094,
                   'safe goal_pos': 0.46182954907417295},
    'joint_5': {   'original goal_pos': 0.3260760009288788,
                   'safe goal_pos': 0.3256427854299545}}
WARNING 2026-09-22 00:18:29 ts/utils.py:113 Relative goal position magnitude had to be clamped to be safe.
{   'joint_3': {   'original goal_pos': 0.4670584499835968,
                   'safe goal_pos': 0.5177996397018433},
    'joint_4': {   'original goal_pos': -0.8648365139961243,
                   'safe goal_pos': -0.47708857655525205},
    'joint_5': {   'original goal_pos': -0.34818577766418457,
                   'safe goal_pos': -0.29016556441783903}}
WARNING 2026-09-22 00:18:29 ts/utils.py:113 Relative goal position magnitude had to be clamped to be safe.
{   'joint_4': {   'original goal_pos': 0.7262594699859619,
                   'safe goal_pos': 0.521339750289917}}
WARNING 2026-09-22 00:18:29 ts/utils.py:113 Relative goal position magnitude had to be clamped to be safe.
{   'joint_3': {   'original goal_pos': 0.3928473889827728,
                   'safe goal_pos': 0.46363010406494143},
    'joint_4': {   'original goal_pos': -0.8552451729774475,
                   'safe goal_pos': -0.5324025213718414},
    'joint_5': {   'original goal_pos': -0.3724971115589142,
                   'safe goal_pos': -0.3439536154270172}}
WARNING 2026-09-22 00:18:29 ts/utils.py:113 Relative goal position magnitude had to be clamped to be safe.
{   'joint_4': {   'original goal_pos': 0.7884005308151245,
                   'safe goal_pos': 0.5800869822502136}}
WARNING 2026-09-22 00:18:29 ts/utils.py:113 Relative goal position magnitude had to be clamped to be safe.
{   'joint_4': {   'original goal_pos': -0.8390015959739685,
                   'safe goal_pos': -0.599542236328125}}
WARNING 2026-09-22 00:18:29 ts/utils.py:113 Relative goal position magnitude had to be clamped to be safe.
{   'joint_4': {   'original goal_pos': 0.8785720467567444,
                   'safe goal_pos': 0.6449378490447998}}
WARNING 2026-09-22 00:18:29 ts/utils.py:113 Relative goal position magnitude had to be clamped to be safe.
{   'joint_4': {   'original goal_pos': -0.867270827293396,
                   'safe goal_pos': -0.6693522691726684}}
INFO 2026-09-22 00:18:29 rate_log.py:205 Control loop rate over last 30 frames (phase=policy, target=30 Hz): mean=20.8 Hz, min=19.4 Hz (divide the recording run's mean by this one for the base over-rotation multiplier) | per-frame: arms_read=2ms  arms_write=2ms  base_read=21ms  base_write=21ms  cam:cam_high=0ms  cam:cam_left_wrist=0ms  cam:cam_right_wrist=0ms  other=3ms
WARNING 2026-09-22 00:18:29 ts/utils.py:113 Relative goal position magnitude had to be clamped to be safe.
{   'joint_3': {   'original goal_pos': 0.3146587610244751,
                   'safe goal_pos': 0.33125811219215395},
    'joint_4': {   'original goal_pos': 0.9394029974937439,
                   'safe goal_pos': 0.7063553690910339},
    'joint_5': {   'original goal_pos': 0.5155279636383057,
                   'safe goal_pos': 0.504173344373703}}
WARNING 2026-09-22 00:18:30 ts/utils.py:113 Relative goal position magnitude had to be clamped to be safe.
{   'joint_4': {   'original goal_pos': -0.8751015067100525,
                   'safe goal_pos': -0.7269550323486328}}
WARNING 2026-09-22 00:18:30 ts/utils.py:113 Relative goal position magnitude had to be clamped to be safe.
{   'joint_4': {   'original goal_pos': 0.9970329999923706,
                   'safe goal_pos': 0.764721131324768},
    'joint_5': {   'original goal_pos': 0.5669716000556946,
                   'safe goal_pos': 0.5522392749786377}}
WARNING 2026-09-22 00:18:30 ts/utils.py:113 Relative goal position magnitude had to be clamped to be safe.
{   'joint_4': {   'original goal_pos': -0.8883808255195618,
                   'safe goal_pos': -0.7876096725463867}}
WARNING 2026-09-22 00:18:30 ts/utils.py:113 Relative goal position magnitude had to be clamped to be safe.
{   'joint_4': {   'original goal_pos': 0.940244734287262,
                   'safe goal_pos': 0.8310978770256042}}
WARNING 2026-09-22 00:18:30 ts/utils.py:113 Relative goal position magnitude had to be clamped to be safe.
{   'joint_4': {   'original goal_pos': -0.8567114472389221,
                   'safe goal_pos': -0.8440680265426636}}
WARNING 2026-09-22 00:18:30 ts/utils.py:113 Relative goal position magnitude had to be clamped to be safe.
{   'joint_4': {   'original goal_pos': 0.9490556716918945,
                   'safe goal_pos': 0.8810711860656738}}
INFO 2026-09-22 00:18:31 rate_log.py:205 Control loop rate over last 30 frames (phase=policy, target=30 Hz): mean=20.8 Hz, min=19.7 Hz (divide the recording run's mean by this one for the base over-rotation multiplier) | per-frame: arms_read=1ms  arms_write=2ms  base_read=21ms  base_write=21ms  cam:cam_high=0ms  cam:cam_left_wrist=0ms  cam:cam_right_wrist=0ms  other=3ms
INFO 2026-09-22 00:18:32 rate_log.py:205 Control loop rate over last 30 frames (phase=policy, target=30 Hz): mean=20.7 Hz, min=19.9 Hz (divide the recording run's mean by this one for the base over-rotation multiplier) | per-frame: arms_read=2ms  arms_write=2ms  base_read=21ms  base_write=21ms  cam:cam_high=0ms  cam:cam_left_wrist=0ms  cam:cam_right_wrist=0ms  other=3ms
INFO 2026-09-22 00:18:34 rate_log.py:205 Control loop rate over last 30 frames (phase=policy, target=30 Hz): mean=20.9 Hz, min=19.6 Hz (divide the recording run's mean by this one for the base over-rotation multiplier) | per-frame: arms_read=2ms  arms_write=2ms  base_read=21ms  base_write=21ms  cam:cam_high=0ms  cam:cam_left_wrist=0ms  cam:cam_right_wrist=0ms  other=3ms
INFO 2026-09-22 00:18:35 rate_log.py:205 Control loop rate over last 30 frames (phase=policy, target=30 Hz): mean=20.5 Hz, min=18.9 Hz (divide the recording run's mean by this one for the base over-rotation multiplier) | per-frame: arms_read=2ms  arms_write=2ms  base_read=21ms  base_write=21ms  cam:cam_high=0ms  cam:cam_left_wrist=0ms  cam:cam_right_wrist=0ms  other=3ms
WARNING 2026-09-22 00:18:37 ts/utils.py:113 Relative goal position magnitude had to be clamped to be safe.
{   'joint_3': {   'original goal_pos': 0.19534355401992798,
                   'safe goal_pos': 0.19812315106391906}}
WARNING 2026-09-22 00:18:37 ts/utils.py:113 Relative goal position magnitude had to be clamped to be safe.
{   'joint_1': {   'original goal_pos': 2.0095505714416504,
                   'safe goal_pos': 2.0238651275634765},
    'joint_3': {   'original goal_pos': 0.053103893995285034,
                   'safe goal_pos': 0.10847637951374053}}
INFO 2026-09-22 00:18:37 rate_log.py:205 Control loop rate over last 30 frames (phase=policy, target=30 Hz): mean=20.7 Hz, min=19.8 Hz (divide the recording run's mean by this one for the base over-rotation multiplier) | per-frame: arms_read=2ms  arms_write=2ms  base_read=21ms  base_write=20ms  cam:cam_high=0ms  cam:cam_left_wrist=0ms  cam:cam_right_wrist=0ms  other=3ms
WARNING 2026-09-22 00:18:37 ts/utils.py:113 Relative goal position magnitude had to be clamped to be safe.
{   'joint_3': {   'original goal_pos': 0.1801759898662567,
                   'safe goal_pos': 0.17763027399778367}}
WARNING 2026-09-22 00:18:37 ts/utils.py:113 Relative goal position magnitude had to be clamped to be safe.
{   'joint_1': {   'original goal_pos': 2.1603007316589355,
                   'safe goal_pos': 2.093781924247742},
    'joint_3': {   'original goal_pos': 0.2911835312843323,
                   'safe goal_pos': 0.16809338182210923}}
WARNING 2026-09-22 00:18:37 ts/utils.py:113 Relative goal position magnitude had to be clamped to be safe.
{   'joint_1': {   'original goal_pos': 2.157961845397949,
                   'safe goal_pos': 2.152147626876831}}
INFO 2026-09-22 00:18:38 rate_log.py:205 Control loop rate over last 30 frames (phase=policy, target=30 Hz): mean=20.7 Hz, min=19.6 Hz (divide the recording run's mean by this one for the base over-rotation multiplier) | per-frame: arms_read=1ms  arms_write=2ms  base_read=21ms  base_write=21ms  cam:cam_high=0ms  cam:cam_left_wrist=0ms  cam:cam_right_wrist=0ms  other=3ms
INFO 2026-09-22 00:18:40 rate_log.py:205 Control loop rate over last 30 frames (phase=policy, target=30 Hz): mean=20.6 Hz, min=18.6 Hz (divide the recording run's mean by this one for the base over-rotation multiplier) | per-frame: arms_read=2ms  arms_write=2ms  base_read=21ms  base_write=21ms  cam:cam_high=0ms  cam:cam_left_wrist=0ms  cam:cam_right_wrist=0ms  other=4ms
WARNING 2026-09-22 00:18:40 ts/utils.py:113 Relative goal position magnitude had to be clamped to be safe.
{   'joint_3': {   'original goal_pos': 0.1308651864528656,
                   'safe goal_pos': 0.13327229917049407}}
INFO 2026-09-22 00:18:41 rate_log.py:205 Control loop rate over last 30 frames (phase=policy, target=30 Hz): mean=20.7 Hz, min=19.3 Hz (divide the recording run's mean by this one for the base over-rotation multiplier) | per-frame: arms_read=2ms  arms_write=2ms  base_read=21ms  base_write=21ms  cam:cam_high=0ms  cam:cam_left_wrist=0ms  cam:cam_right_wrist=0ms  other=3ms
INFO 2026-09-22 00:18:43 rate_log.py:205 Control loop rate over last 30 frames (phase=policy, target=30 Hz): mean=20.7 Hz, min=19.2 Hz (divide the recording run's mean by this one for the base over-rotation multiplier) | per-frame: arms_read=2ms  arms_write=2ms  base_read=21ms  base_write=21ms  cam:cam_high=0ms  cam:cam_left_wrist=0ms  cam:cam_right_wrist=0ms  other=3ms
INFO 2026-09-22 00:18:44 rate_log.py:205 Control loop rate over last 30 frames (phase=policy, target=30 Hz): mean=20.6 Hz, min=19.1 Hz (divide the recording run's mean by this one for the base over-rotation multiplier) | per-frame: arms_read=2ms  arms_write=2ms  base_read=21ms  base_write=21ms  cam:cam_high=0ms  cam:cam_left_wrist=0ms  cam:cam_right_wrist=0ms  other=3ms
INFO 2026-09-22 00:18:45 rate_log.py:205 Control loop rate over last 30 frames (phase=policy, target=30 Hz): mean=20.6 Hz, min=19.3 Hz (divide the recording run's mean by this one for the base over-rotation multiplier) | per-frame: arms_read=2ms  arms_write=2ms  base_read=21ms  base_write=21ms  cam:cam_high=0ms  cam:cam_left_wrist=0ms  cam:cam_right_wrist=0ms  other=3ms
INFO 2026-09-22 00:18:47 rate_log.py:205 Control loop rate over last 30 frames (phase=policy, target=30 Hz): mean=20.7 Hz, min=19.5 Hz (divide the recording run's mean by this one for the base over-rotation multiplier) | per-frame: arms_read=2ms  arms_write=2ms  base_read=21ms  base_write=21ms  cam:cam_high=0ms  cam:cam_left_wrist=0ms  cam:cam_right_wrist=0ms  other=3ms
INFO 2026-09-22 00:18:48 rate_log.py:205 Control loop rate over last 30 frames (phase=policy, target=30 Hz): mean=20.9 Hz, min=19.2 Hz (divide the recording run's mean by this one for the base over-rotation multiplier) | per-frame: arms_read=1ms  arms_write=2ms  base_read=21ms  base_write=21ms  cam:cam_high=0ms  cam:cam_left_wrist=0ms  cam:cam_right_wrist=0ms  other=3ms
INFO 2026-09-22 00:18:50 rate_log.py:205 Control loop rate over last 30 frames (phase=policy, target=30 Hz): mean=20.7 Hz, min=19.3 Hz (divide the recording run's mean by this one for the base over-rotation multiplier) | per-frame: arms_read=2ms  arms_write=2ms  base_read=21ms  base_write=21ms  cam:cam_high=0ms  cam:cam_left_wrist=0ms  cam:cam_right_wrist=0ms  other=3ms
INFO 2026-09-22 00:18:51 rate_log.py:205 Control loop rate over last 30 frames (phase=policy, target=30 Hz): mean=20.8 Hz, min=19.9 Hz (divide the recording run's mean by this one for the base over-rotation multiplier) | per-frame: arms_read=2ms  arms_write=2ms  base_read=21ms  base_write=21ms  cam:cam_high=0ms  cam:cam_left_wrist=0ms  cam:cam_right_wrist=0ms  other=3ms
INFO 2026-09-22 00:18:52 ls/utils.py:227 Stop recording
Process ensemble-inference:
INFO 2026-09-22 00:18:53 nsemble.py:1076 추론 107회 · 평균 240.9 ms (최악 502.2 ms) -> 동기로 돌렸다면 지속 가능한 제어 주파수 약 4 Hz · 비행 중 지연 평균 5.2 스텝 (최악 7) · 프로세스 워커: 제출(관측 복사) 평균 1.1 ms/회 | 내역: 큐 대기 1.5 ms (최악 28.1)
Loading weights from local directory
Traceback (most recent call last):
  File "/home/trossen-ai/NAJY/lerobot_trossen/.venv/lib/python3.11/site-packages/lerobot/scripts/lerobot_record.py", line 534, in record
    record_loop(
  File "/home/trossen-ai/NAJY/lerobot_trossen/packages/lerobot_robot_trossen/src/lerobot_robot_trossen/loop_rate_log.py", line 270, in record_loop
Traceback (most recent call last):
    return original(*args, **kwargs)
           ^^^^^^^^^^^^^^^^^^^^^^^^^
  File "/home/trossen-ai/NAJY/lerobot_trossen/.venv/lib/python3.11/site-packages/lerobot/datasets/image_writer.py", line 29, in wrapper
    return func(*args, **kwargs)
           ^^^^^^^^^^^^^^^^^^^^^
  File "/home/trossen-ai/NAJY/lerobot_trossen/.venv/lib/python3.11/site-packages/lerobot/scripts/lerobot_record.py", line 348, in record_loop
  File "/home/trossen-ai/.local/share/uv/python/cpython-3.11.15-linux-x86_64-gnu/lib/python3.11/multiprocessing/process.py", line 314, in _bootstrap
    self.run()
  File "/home/trossen-ai/.local/share/uv/python/cpython-3.11.15-linux-x86_64-gnu/lib/python3.11/multiprocessing/process.py", line 108, in run
    self._target(*self._args, **self._kwargs)
  File "/home/trossen-ai/NAJY/lerobot_trossen/scripts/record_ensemble.py", line 244, in _proc_main
    msg = requests.get()
          ^^^^^^^^^^^^^^
    obs = robot.get_observation()
  File "/home/trossen-ai/.local/share/uv/python/cpython-3.11.15-linux-x86_64-gnu/lib/python3.11/multiprocessing/queues.py", line 103, in get
    res = self._recv_bytes()
          ^^^^^^^^^^^^^^^^^^
  File "/home/trossen-ai/.local/share/uv/python/cpython-3.11.15-linux-x86_64-gnu/lib/python3.11/multiprocessing/connection.py", line 216, in recv_bytes
    buf = self._recv_bytes(maxlength)
          ^^^^^^^^^^^^^^^^^^^^^^^^^^^
  File "/home/trossen-ai/.local/share/uv/python/cpython-3.11.15-linux-x86_64-gnu/lib/python3.11/multiprocessing/connection.py", line 430, in _recv_bytes
    buf = self._recv(4)
          ^^^^^^^^^^^^^
  File "/home/trossen-ai/.local/share/uv/python/cpython-3.11.15-linux-x86_64-gnu/lib/python3.11/multiprocessing/connection.py", line 395, in _recv
    chunk = read(handle, remaining)
            ^^^^^^^^^^^^^^^^^^^^^^^
          ^^^^^^^^^^^^^^^^^^^^^^^
  File "/home/trossen-ai/NAJY/lerobot_trossen/packages/lerobot_robot_trossen/src/lerobot_robot_trossen/mobileai.py", line 416, in get_observation
KeyboardInterrupt
    if not self.base.update_state():
           ^^^^^^^^^^^^^^^^^^^^^^^^
KeyboardInterrupt

During handling of the above exception, another exception occurred:

Traceback (most recent call last):
  File "/home/trossen-ai/NAJY/lerobot_trossen/scripts/record_ensemble.py", line 1080, in <module>
    main()
  File "/home/trossen-ai/NAJY/lerobot_trossen/scripts/record_ensemble.py", line 1074, in main
    lerobot_record.main()
  File "/home/trossen-ai/NAJY/lerobot_trossen/.venv/lib/python3.11/site-packages/lerobot/scripts/lerobot_record.py", line 608, in main
    record()
  File "/home/trossen-ai/NAJY/lerobot_trossen/.venv/lib/python3.11/site-packages/lerobot/configs/parser.py", line 233, in wrapper_inner
    response = fn(cfg, *args, **kwargs)
               ^^^^^^^^^^^^^^^^^^^^^^^^
  File "/home/trossen-ai/NAJY/lerobot_trossen/.venv/lib/python3.11/site-packages/lerobot/scripts/lerobot_record.py", line 586, in record
    log_say("Stop recording", cfg.play_sounds, blocking=True)
  File "/home/trossen-ai/NAJY/lerobot_trossen/.venv/lib/python3.11/site-packages/lerobot/utils/utils.py", line 230, in log_say
    say(text, blocking)
  File "/home/trossen-ai/NAJY/lerobot_trossen/.venv/lib/python3.11/site-packages/lerobot/utils/utils.py", line 221, in say
    subprocess.run(cmd, check=True)
  File "/home/trossen-ai/.local/share/uv/python/cpython-3.11.15-linux-x86_64-gnu/lib/python3.11/subprocess.py", line 550, in run
    stdout, stderr = process.communicate(input, timeout=timeout)
                     ^^^^^^^^^^^^^^^^^^^^^^^^^^^^^^^^^^^^^^^^^^^
  File "/home/trossen-ai/.local/share/uv/python/cpython-3.11.15-linux-x86_64-gnu/lib/python3.11/subprocess.py", line 1201, in communicate
    self.wait()
  File "/home/trossen-ai/.local/share/uv/python/cpython-3.11.15-linux-x86_64-gnu/lib/python3.11/subprocess.py", line 1264, in wait
    return self._wait(timeout=timeout)
           ^^^^^^^^^^^^^^^^^^^^^^^^^^^
  File "/home/trossen-ai/.local/share/uv/python/cpython-3.11.15-linux-x86_64-gnu/lib/python3.11/subprocess.py", line 2053, in _wait
    (pid, sts) = self._try_wait(0)
                 ^^^^^^^^^^^^^^^^^
  File "/home/trossen-ai/.local/share/uv/python/cpython-3.11.15-linux-x86_64-gnu/lib/python3.11/subprocess.py", line 2011, in _try_wait
    (pid, sts) = os.waitpid(self.pid, wait_flags)
                 ^^^^^^^^^^^^^^^^^^^^^^^^^^^^^^^^
KeyboardInterrupt
Reducing the number of VLM layers to 16 ...
Loading weights from local directory
terminate called without an active exception
