INFO 2026-09-21 22:41:22 bs_patch.py:207 Patched prepare_observation_for_inference to convert images on the device (LEROBOT_FAST_OBS) (rebound in: lerobot.utils.control_utils).
INFO 2026-09-21 22:41:22 rt_utils.py:160 Imported third-party plugin: lerobot_teleoperator_trossen
INFO 2026-09-21 22:41:22 rt_utils.py:160 Imported third-party plugin: lerobot_robot_trossen
INFO 2026-09-21 22:41:22 rt_utils.py:160 Imported third-party plugin: lerobot_robot_trossen
INFO 2026-09-21 22:41:22 rt_utils.py:160 Imported third-party plugin: lerobot_teleoperator_trossen
INFO 2026-09-21 22:41:22 ensemble.py:675 등록된 robot.type: bi_openarm_follower, bi_so_follower, bi_widowxai_follower_robot, earthrover_mini_plus, hope_jr_arm, hope_jr_hand, koch_follower, mobileai_robot, omx_follower, openarm_follower, reachy2, so100_follower, so101_follower, unitree_g1, widowxai_follower_robot
INFO 2026-09-21 22:41:22 ensemble.py:675 등록된 teleop.type: bi_openarm_leader, bi_so_leader, bi_widowxai_leader_teleop, homunculus_arm, homunculus_glove, keyboard, keyboard_ee, keyboard_rover, koch_leader, mobileai_leader_teleop, omx_leader, openarm_leader, openarm_mini, reachy2_teleoperator, so100_leader, so101_leader, unitree_g1, widowxai_leader_teleop
INFO 2026-09-21 22:41:22 ensemble.py:710 샘플링 조정: 초기 노이즈 x0.9, 추론당 노이즈 샘플 4개 평균
WARNING 2026-09-21 22:41:22 ensemble.py:723 temporal ensembling 활성화 (coeff=0.01, every=50, 동기). 정책을 50 스텝마다 호출하고 그동안 제어 루프가 멈춘다 -- 이 로봇에서 루프 저하는 그대로 base 과회전이다. A/B 목적이 아니라면 --ensemble.async=true 로 돌릴 것.
INFO 2026-09-21 22:41:22 rt_utils.py:160 Imported third-party plugin: lerobot_teleoperator_trossen
INFO 2026-09-21 22:41:22 rt_utils.py:160 Imported third-party plugin: lerobot_robot_trossen
INFO 2026-09-21 22:41:22 rt_utils.py:160 Imported third-party plugin: lerobot_robot_trossen
INFO 2026-09-21 22:41:22 rt_utils.py:160 Imported third-party plugin: lerobot_teleoperator_trossen
INFO 2026-09-21 22:41:25 t_record.py:435 {'dataset': {'encoder_queue_maxsize': 30,
             'encoder_threads': None,
             'episode_time_s': 60,
             'fps': 30,
             'num_episodes': 1,
             'num_image_writer_processes': 0,
             'num_image_writer_threads_per_camera': 4,
             'private': False,
             'push_to_hub': False,
             'rename_map': {},
             'repo_id': 'kiroaiseoul/eval_foundation_smolvla_v1',
             'reset_time_s': 30,
             'root': None,
             'single_task': 'Grab and shake the filled beaker, then move to '
                            'the front of the fridge',
             'streaming_encoding': False,
             'tags': None,
             'vcodec': 'libsvtav1',
             'video': True,
             'video_encoding_batch_size': 1},
 'display_compressed_images': False,
 'display_data': False,
 'display_ip': None,
 'display_port': None,
 'play_sounds': True,
 'policy': {'adapt_to_pi_aloha': False,
            'add_image_special_tokens': False,
            'attention_mode': 'cross_attn',
            'chunk_size': 50,
            'compile_mode': 'max-autotune',
            'compile_model': False,
            'device': 'cuda',
            'empty_cameras': 0,
            'expert_width_multiplier': 0.75,
            'freeze_vision_encoder': True,
            'input_features': {'observation.images.cam_high': {'shape': (3,
                                                                         480,
                                                                         640),
                                                               'type': <FeatureType.VISUAL: 'VISUAL'>},
                               'observation.images.cam_left_wrist': {'shape': (3,
                                                                               480,
                                                                               640),
                                                                     'type': <FeatureType.VISUAL: 'VISUAL'>},
                               'observation.images.cam_right_wrist': {'shape': (3,
                                                                                480,
                                                                                640),
                                                                      'type': <FeatureType.VISUAL: 'VISUAL'>},
                               'observation.state': {'shape': (16,),
                                                     'type': <FeatureType.STATE: 'STATE'>}},
            'license': None,
            'load_vlm_weights': False,
            'max_action_dim': 32,
            'max_period': 4.0,
            'max_state_dim': 32,
            'min_period': 0.004,
            'n_action_steps': 50,
            'n_obs_steps': 1,
            'normalization_mapping': {'ACTION': <NormalizationMode.MEAN_STD: 'MEAN_STD'>,
                                      'STATE': <NormalizationMode.MEAN_STD: 'MEAN_STD'>,
                                      'VISUAL': <NormalizationMode.IDENTITY: 'IDENTITY'>},
            'num_expert_layers': -1,
            'num_steps': 20,
            'num_vlm_layers': 16,
            'optimizer_betas': (0.9, 0.95),
            'optimizer_eps': 1e-08,
            'optimizer_grad_clip_norm': 10.0,
            'optimizer_lr': 1e-05,
            'optimizer_weight_decay': 1e-10,
            'output_features': {'action': {'shape': (16,),
                                           'type': <FeatureType.ACTION: 'ACTION'>}},
            'pad_language_to': 'longest',
            'prefix_length': -1,
            'pretrained_path': '/home/trossen-ai/daehee/models/smolvla_190k_30k_aug_80k_kirogist/pretrained_model',
            'private': None,
            'push_to_hub': False,
            'repo_id': None,
            'resize_imgs_with_padding': (512, 512),
            'rtc_config': None,
            'scheduler_decay_lr': 5e-07,
            'scheduler_decay_steps': 112000,
            'scheduler_warmup_steps': 1000,
            'self_attn_every_n_layers': 2,
            'tags': None,
            'tokenizer_max_length': 48,
            'train_expert_only': True,
            'train_state_proj': True,
            'use_amp': False,
            'use_cache': True,
            'use_delta_joint_actions_aloha': False,
            'use_peft': False,
            'vlm_model_name': 'HuggingFaceTB/SmolVLM2-500M-Video-Instruct'},
 'resume': False,
 'robot': {'calibration_dir': None,
           'cameras': {'cam_high': {'color_mode': <ColorMode.RGB: 'rgb'>,
                                    'fps': 30,
                                    'height': 480,
                                    'rotation': <Cv2Rotation.NO_ROTATION: 0>,
                                    'serial_number_or_name': '230422273501',
                                    'use_depth': False,
                                    'warmup_s': 1,
                                    'width': 640},
                       'cam_left_wrist': {'color_mode': <ColorMode.RGB: 'rgb'>,
                                          'fps': 30,
                                          'height': 480,
                                          'rotation': <Cv2Rotation.NO_ROTATION: 0>,
                                          'serial_number_or_name': '230422271234',
                                          'use_depth': False,
                                          'warmup_s': 1,
                                          'width': 640},
                       'cam_right_wrist': {'color_mode': <ColorMode.RGB: 'rgb'>,
                                           'fps': 30,
                                           'height': 480,
                                           'rotation': <Cv2Rotation.NO_ROTATION: 0>,
                                           'serial_number_or_name': '230322274369',
                                           'use_depth': False,
                                           'warmup_s': 1,
                                           'width': 640}},
           'enable_base_motor_torque': True,
           'estop_check': True,
           'id': 'follower',
           'include_base_in_state': True,
           'include_effort': False,
           'include_external_effort': False,
           'include_velocity': False,
           'left_arm_ip_address': '192.168.1.5',
           'left_arm_max_relative_target': 0.1,
           'loop_rate': 30,
           'min_time_to_move_multiplier': 3.0,
           'right_arm_ip_address': '192.168.1.4',
           'right_arm_max_relative_target': 0.1,
           'velocity_safety_factor': 0.4},
 'teleop': {'calibration_dir': None,
            'id': 'leader',
            'left_arm_ip_address': '192.168.1.3',
            'right_arm_ip_address': '192.168.1.2'}}
INFO 2026-09-21 22:41:25 eo_utils.py:106 Using video codec: libsvtav1
You have video processor config saved in `preprocessor.json` file which is deprecated. Video processor configs should be saved in their own `video_preprocessor.json` file. You can rename the file or load and save the processor back which renames it automatically. Loading from `preprocessor.json` will be removed in v5.0.
INFO 2026-09-21 22:41:38 follower.py:100 Connecting to the arm controller's TCP server at 192.168.1.5:50001
INFO 2026-09-21 22:41:38 follower.py:100 Connecting to the arm controller's UDP server at 192.168.1.5:50000
INFO 2026-09-21 22:41:38 follower.py:100 Driver version: 'v1.9.0'
INFO 2026-09-21 22:41:38 follower.py:100 Controller firmware version: 'v1.9.1'
INFO 2026-09-21 22:41:40 follower.py:141 192.168.1.5 joint velocity_max (rad/s; m/s for the gripper carriage): joint_0=6.283185, joint_1=6.283185, joint_2=6.283185, joint_3=9.424778, joint_4=9.424778, joint_5=9.424778, left_carriage_joint=0.250000
INFO 2026-09-21 22:41:40 follower.py:113 None WidowXAIFollower connected.
INFO 2026-09-21 22:41:40 follower.py:100 Connecting to the arm controller's TCP server at 192.168.1.4:50001
INFO 2026-09-21 22:41:40 follower.py:100 Connecting to the arm controller's UDP server at 192.168.1.4:50000
INFO 2026-09-21 22:41:40 follower.py:100 Driver version: 'v1.9.0'
INFO 2026-09-21 22:41:40 follower.py:100 Controller firmware version: 'v1.9.1'
INFO 2026-09-21 22:41:42 follower.py:141 192.168.1.4 joint velocity_max (rad/s; m/s for the gripper carriage): joint_0=6.283185, joint_1=6.283185, joint_2=6.283185, joint_3=9.424778, joint_4=9.424778, joint_5=9.424778, left_carriage_joint=0.250000
INFO 2026-09-21 22:41:42 follower.py:113 None WidowXAIFollower connected.
INFO 2026-09-21 22:41:43 ealsense.py:202 RealSenseCamera(230422273501) connected.
INFO 2026-09-21 22:41:44 ealsense.py:202 RealSenseCamera(230422271234) connected.
INFO 2026-09-21 22:41:46 ealsense.py:202 RealSenseCamera(230322274369) connected.
INFO 2026-09-21 22:41:46 ai_leader.py:46 Connecting to the arm controller's TCP server at 192.168.1.3:50001
INFO 2026-09-21 22:41:46 ai_leader.py:46 Connecting to the arm controller's UDP server at 192.168.1.3:50000
INFO 2026-09-21 22:41:46 ai_leader.py:46 Driver version: 'v1.9.0'
INFO 2026-09-21 22:41:46 ai_leader.py:46 Controller firmware version: 'v1.9.1'
INFO 2026-09-21 22:41:48 ai_leader.py:56 leader_left WidowXAILeaderTeleop connected.
INFO 2026-09-21 22:41:48 ai_leader.py:46 Connecting to the arm controller's TCP server at 192.168.1.2:50001
INFO 2026-09-21 22:41:48 ai_leader.py:46 Connecting to the arm controller's UDP server at 192.168.1.2:50000
INFO 2026-09-21 22:41:48 ai_leader.py:46 Driver version: 'v1.9.0'
INFO 2026-09-21 22:41:48 ai_leader.py:46 Controller firmware version: 'v1.9.1'
INFO 2026-09-21 22:41:50 ai_leader.py:56 leader_right WidowXAILeaderTeleop connected.
INFO 2026-09-21 22:41:50 t_record.py:526 Streaming encoding is disabled. If you have capable hardware, consider enabling it for way faster episode saving. --dataset.streaming_encoding=true --dataset.encoder_threads=2 # --dataset.vcodec=auto. More info in the documentation: https://huggingface.co/docs/lerobot/streaming_video_encoding
INFO 2026-09-21 22:41:50 ls/utils.py:227 Recording episode 0
INFO 2026-09-21 22:41:50 bs_patch.py:125 GPU-side observation preprocessing is active (converting images on the device instead of the CPU). Disable with LEROBOT_FAST_OBS=0.
INFO 2026-09-21 22:41:52 rate_log.py:205 Control loop rate over last 30 frames (phase=policy, target=30 Hz): mean=21.1 Hz, min=20.6 Hz (divide the recording run's mean by this one for the base over-rotation multiplier) | per-frame: arms_read=2ms  arms_write=2ms  base_read=21ms  base_write=21ms  cam:cam_high=0ms  cam:cam_left_wrist=0ms  cam:cam_right_wrist=0ms  other=1ms
INFO 2026-09-21 22:41:53 rate_log.py:205 Control loop rate over last 30 frames (phase=policy, target=30 Hz): mean=18.2 Hz, min=3.8 Hz (divide the recording run's mean by this one for the base over-rotation multiplier) | per-frame: arms_read=2ms  arms_write=2ms  base_read=21ms  base_write=21ms  cam:cam_high=0ms  cam:cam_left_wrist=0ms  cam:cam_right_wrist=0ms  other=9ms
INFO 2026-09-21 22:41:55 rate_log.py:205 Control loop rate over last 30 frames (phase=policy, target=30 Hz): mean=20.7 Hz, min=19.5 Hz (divide the recording run's mean by this one for the base over-rotation multiplier) | per-frame: arms_read=2ms  arms_write=2ms  base_read=21ms  base_write=21ms  cam:cam_high=0ms  cam:cam_left_wrist=0ms  cam:cam_right_wrist=0ms  other=2ms
INFO 2026-09-21 22:41:56 rate_log.py:205 Control loop rate over last 30 frames (phase=policy, target=30 Hz): mean=18.1 Hz, min=3.8 Hz (divide the recording run's mean by this one for the base over-rotation multiplier) | per-frame: arms_read=2ms  arms_write=2ms  base_read=21ms  base_write=21ms  cam:cam_high=0ms  cam:cam_left_wrist=0ms  cam:cam_right_wrist=0ms  other=10ms
INFO 2026-09-21 22:41:58 rate_log.py:205 Control loop rate over last 30 frames (phase=policy, target=30 Hz): mean=18.4 Hz, min=3.8 Hz (divide the recording run's mean by this one for the base over-rotation multiplier) | per-frame: arms_read=1ms  arms_write=2ms  base_read=21ms  base_write=21ms  cam:cam_high=0ms  cam:cam_left_wrist=0ms  cam:cam_right_wrist=0ms  other=9ms
INFO 2026-09-21 22:41:59 rate_log.py:205 Control loop rate over last 30 frames (phase=policy, target=30 Hz): mean=21.2 Hz, min=20.5 Hz (divide the recording run's mean by this one for the base over-rotation multiplier) | per-frame: arms_read=2ms  arms_write=2ms  base_read=21ms  base_write=21ms  cam:cam_high=0ms  cam:cam_left_wrist=0ms  cam:cam_right_wrist=0ms  other=2ms
INFO 2026-09-21 22:42:01 rate_log.py:205 Control loop rate over last 30 frames (phase=policy, target=30 Hz): mean=18.0 Hz, min=3.8 Hz (divide the recording run's mean by this one for the base over-rotation multiplier) | per-frame: arms_read=2ms  arms_write=2ms  base_read=21ms  base_write=21ms  cam:cam_high=0ms  cam:cam_left_wrist=0ms  cam:cam_right_wrist=0ms  other=10ms
INFO 2026-09-21 22:42:02 rate_log.py:205 Control loop rate over last 30 frames (phase=policy, target=30 Hz): mean=21.0 Hz, min=19.8 Hz (divide the recording run's mean by this one for the base over-rotation multiplier) | per-frame: arms_read=2ms  arms_write=2ms  base_read=21ms  base_write=21ms  cam:cam_high=0ms  cam:cam_left_wrist=0ms  cam:cam_right_wrist=0ms  other=2ms
INFO 2026-09-21 22:42:04 rate_log.py:205 Control loop rate over last 30 frames (phase=policy, target=30 Hz): mean=18.3 Hz, min=3.7 Hz (divide the recording run's mean by this one for the base over-rotation multiplier) | per-frame: arms_read=2ms  arms_write=2ms  base_read=21ms  base_write=21ms  cam:cam_high=0ms  cam:cam_left_wrist=0ms  cam:cam_right_wrist=0ms  other=9ms
INFO 2026-09-21 22:42:06 rate_log.py:205 Control loop rate over last 30 frames (phase=policy, target=30 Hz): mean=18.3 Hz, min=3.8 Hz (divide the recording run's mean by this one for the base over-rotation multiplier) | per-frame: arms_read=1ms  arms_write=2ms  base_read=21ms  base_write=21ms  cam:cam_high=0ms  cam:cam_left_wrist=0ms  cam:cam_right_wrist=0ms  other=10ms
INFO 2026-09-21 22:42:07 rate_log.py:205 Control loop rate over last 30 frames (phase=policy, target=30 Hz): mean=21.0 Hz, min=20.3 Hz (divide the recording run's mean by this one for the base over-rotation multiplier) | per-frame: arms_read=2ms  arms_write=2ms  base_read=21ms  base_write=21ms  cam:cam_high=0ms  cam:cam_left_wrist=0ms  cam:cam_right_wrist=0ms  other=2ms
INFO 2026-09-21 22:42:09 rate_log.py:205 Control loop rate over last 30 frames (phase=policy, target=30 Hz): mean=18.3 Hz, min=3.8 Hz (divide the recording run's mean by this one for the base over-rotation multiplier) | per-frame: arms_read=2ms  arms_write=2ms  base_read=21ms  base_write=21ms  cam:cam_high=0ms  cam:cam_left_wrist=0ms  cam:cam_right_wrist=0ms  other=9ms
INFO 2026-09-21 22:42:09 ls/utils.py:227 Reset the environment
WARNING 2026-09-21 22:42:09 ts/utils.py:113 Relative goal position magnitude had to be clamped to be safe.
{   'joint_0': {   'original goal_pos': -0.00019073777366429567,
                   'safe goal_pos': 0.3739833772182465},
    'joint_1': {   'original goal_pos': 1.0538262128829956,
                   'safe goal_pos': 1.6191195487976073},
    'joint_2': {   'original goal_pos': 0.5224307775497437,
                   'safe goal_pos': 0.7928435444831848},
    'joint_3': {   'original goal_pos': 0.2603570520877838,
                   'safe goal_pos': 0.6459754347801209},
    'joint_4': {   'original goal_pos': -0.001716639962978661,
                   'safe goal_pos': -0.2759441375732422}}
WARNING 2026-09-21 22:42:09 ts/utils.py:113 Relative goal position magnitude had to be clamped to be safe.
{   'joint_0': {   'original goal_pos': -0.00019073777366429567,
                   'safe goal_pos': 0.33354696035385134},
    'joint_1': {   'original goal_pos': 1.0538262128829956,
                   'safe goal_pos': 1.5840238571166991},
    'joint_2': {   'original goal_pos': 0.5224307775497437,
                   'safe goal_pos': 0.7615625500679016},
    'joint_3': {   'original goal_pos': 0.2603570520877838,
                   'safe goal_pos': 0.6131685614585877},
    'joint_4': {   'original goal_pos': -0.001716639962978661,
                   'safe goal_pos': -0.23398184180259704}}
WARNING 2026-09-21 22:42:09 ts/utils.py:113 Relative goal position magnitude had to be clamped to be safe.
{   'joint_0': {   'original goal_pos': 0.00019073777366429567,
                   'safe goal_pos': 0.278233015537262},
    'joint_1': {   'original goal_pos': 1.053444743156433,
                   'safe goal_pos': 1.5065843105316161},
    'joint_2': {   'original goal_pos': 0.5224307775497437,
                   'safe goal_pos': 0.6852674126625061},
    'joint_3': {   'original goal_pos': 0.2618829607963562,
                   'safe goal_pos': 0.5406881809234619},
    'joint_4': {   'original goal_pos': -0.001716639962978661,
                   'safe goal_pos': -0.1946898639202118}}
WARNING 2026-09-21 22:42:09 ts/utils.py:113 Relative goal position magnitude had to be clamped to be safe.
{   'joint_0': {   'original goal_pos': 0.0009536888683214784,
                   'safe goal_pos': 0.21643396615982055},
    'joint_1': {   'original goal_pos': 1.0553520917892456,
                   'safe goal_pos': 1.4566109418869018},
    'joint_2': {   'original goal_pos': 0.5224307775497437,
                   'safe goal_pos': 0.6425421476364136},
    'joint_3': {   'original goal_pos': 0.27218279242515564,
                   'safe goal_pos': 0.504066550731659},
    'joint_4': {   'original goal_pos': -0.002479590941220522,
                   'safe goal_pos': -0.13250934481620788}}
WARNING 2026-09-21 22:42:09 ts/utils.py:113 Relative goal position magnitude had to be clamped to be safe.
{   'joint_0': {   'original goal_pos': -0.00019073777366429567,
                   'safe goal_pos': 0.15539788603782653},
    'joint_1': {   'original goal_pos': 1.055733561515808,
                   'safe goal_pos': 1.3936674833297729},
    'joint_2': {   'original goal_pos': 0.5224307775497437,
                   'safe goal_pos': 0.5765468716621399},
    'joint_3': {   'original goal_pos': 0.2588311731815338,
                   'safe goal_pos': 0.4403600931167603},
    'joint_4': {   'original goal_pos': -0.0020981156267225742,
                   'safe goal_pos': -0.06880293190479278}}
WARNING 2026-09-21 22:42:09 ts/utils.py:113 Relative goal position magnitude had to be clamped to be safe.
{   'joint_0': {   'original goal_pos': 0.00019073777366429567,
                   'safe goal_pos': 0.09474326074123382},
    'joint_1': {   'original goal_pos': 1.0545891523361206,
                   'safe goal_pos': 1.3383535385131835},
    'joint_3': {   'original goal_pos': 0.26836803555488586,
                   'safe goal_pos': 0.3705500900745392}}
WARNING 2026-09-21 22:42:10 ts/utils.py:113 Relative goal position magnitude had to be clamped to be safe.
{   'joint_0': {   'original goal_pos': -0.00019073777366429567,
                   'safe goal_pos': 0.03561455905437469},
    'joint_1': {   'original goal_pos': 1.0606927871704102,
                   'safe goal_pos': 1.2799878358840941},
    'joint_3': {   'original goal_pos': 0.2611200213432312,
                   'safe goal_pos': 0.3255359768867493}}
WARNING 2026-09-21 22:42:10 ts/utils.py:113 Relative goal position magnitude had to be clamped to be safe.
{   'joint_1': {   'original goal_pos': 1.0576409101486206,
                   'safe goal_pos': 1.2166629076004027}}
WARNING 2026-09-21 22:42:10 ts/utils.py:113 Relative goal position magnitude had to be clamped to be safe.
{   'joint_1': {   'original goal_pos': 1.0595483779907227,
                   'safe goal_pos': 1.1632563114166259}}
WARNING 2026-09-21 22:42:10 ts/utils.py:113 Relative goal position magnitude had to be clamped to be safe.
{   'joint_1': {   'original goal_pos': 1.054970622062683,
                   'safe goal_pos': 1.102601671218872}}
INFO 2026-09-21 22:42:11 rate_log.py:205 Control loop rate over last 30 frames (phase=teleop, target=30 Hz): mean=22.0 Hz, min=21.2 Hz (divide the recording run's mean by this one for the base over-rotation multiplier) | per-frame: arms_read=1ms  arms_write=2ms  base_read=21ms  base_write=20ms  cam:cam_high=0ms  cam:cam_left_wrist=0ms  cam:cam_right_wrist=0ms  other=0ms
WARNING 2026-09-21 22:42:11 ts/utils.py:113 Relative goal position magnitude had to be clamped to be safe.
{   'joint_5': {   'original goal_pos': -0.10051880776882172,
                   'safe goal_pos': -0.09980926222633571}}
WARNING 2026-09-21 22:42:11 ts/utils.py:113 Relative goal position magnitude had to be clamped to be safe.
{   'joint_5': {   'original goal_pos': -0.2149614691734314,
                   'safe goal_pos': -0.13223468363285065}}
WARNING 2026-09-21 22:42:11 ts/utils.py:113 Relative goal position magnitude had to be clamped to be safe.
{   'joint_4': {   'original goal_pos': 0.16346226632595062,
                   'safe goal_pos': 0.1547417402267456},
    'joint_5': {   'original goal_pos': -0.26798656582832336,
                   'safe goal_pos': -0.2035706102848053}}
WARNING 2026-09-21 22:42:11 ts/utils.py:113 Relative goal position magnitude had to be clamped to be safe.
{   'joint_4': {   'original goal_pos': 0.22259098291397095,
                   'safe goal_pos': 0.21005569249391556},
    'joint_5': {   'original goal_pos': -0.26760509610176086,
                   'safe goal_pos': -0.25583276748657224}}
WARNING 2026-09-21 22:42:12 ts/utils.py:113 Relative goal position magnitude had to be clamped to be safe.
{   'joint_1': {   'original goal_pos': 1.4646753072738647,
                   'safe goal_pos': 1.4639658689498902},
    'joint_3': {   'original goal_pos': 0.4797055125236511,
                   'safe goal_pos': 0.4644998967647552},
    'joint_5': {   'original goal_pos': -0.17185473442077637,
                   'safe goal_pos': -0.12193484455347062}}
WARNING 2026-09-21 22:42:12 ts/utils.py:113 Relative goal position magnitude had to be clamped to be safe.
{   'joint_1': {   'original goal_pos': 1.5234225988388062,
                   'safe goal_pos': 1.5185168743133546},
    'joint_3': {   'original goal_pos': 0.5395971536636353,
                   'safe goal_pos': 0.5175249934196472},
    'joint_5': {   'original goal_pos': -0.31681543588638306,
                   'safe goal_pos': -0.1715266615152359}}
WARNING 2026-09-21 22:42:12 ts/utils.py:113 Relative goal position magnitude had to be clamped to be safe.
{   'joint_5': {   'original goal_pos': -0.14744029939174652,
                   'safe goal_pos': -0.1592126429080963}}
WARNING 2026-09-21 22:42:12 ts/utils.py:113 Relative goal position magnitude had to be clamped to be safe.
{   'joint_1': {   'original goal_pos': 1.583314299583435,
                   'safe goal_pos': 1.576882576942444},
    'joint_3': {   'original goal_pos': 0.6067368388175964,
                   'safe goal_pos': 0.5781796038150787},
    'joint_5': {   'original goal_pos': -0.3767071068286896,
                   'safe goal_pos': -0.23103684782981873}}
WARNING 2026-09-21 22:42:12 ts/utils.py:113 Relative goal position magnitude had to be clamped to be safe.
{   'joint_5': {   'original goal_pos': -0.0707637146115303,
                   'safe goal_pos': -0.10428015291690826}}
WARNING 2026-09-21 22:42:12 ts/utils.py:113 Relative goal position magnitude had to be clamped to be safe.
{   'joint_1': {   'original goal_pos': 1.6504539251327515,
                   'safe goal_pos': 1.6321965217590333},
    'joint_3': {   'original goal_pos': 0.6940947771072388,
                   'safe goal_pos': 0.6312047004699707},
    'joint_5': {   'original goal_pos': -0.3934920132160187,
                   'safe goal_pos': -0.28482489883899687}}
WARNING 2026-09-21 22:42:12 ts/utils.py:113 Relative goal position magnitude had to be clamped to be safe.
{   'joint_5': {   'original goal_pos': 0.000572213320992887,
                   'safe goal_pos': -0.047821769118309015}}
WARNING 2026-09-21 22:42:12 ts/utils.py:113 Relative goal position magnitude had to be clamped to be safe.
{   'joint_1': {   'original goal_pos': 1.7126344442367554,
                   'safe goal_pos': 1.6890363454818726},
    'joint_3': {   'original goal_pos': 0.7822155952453613,
                   'safe goal_pos': 0.6876630544662475},
    'joint_4': {   'original goal_pos': -0.23289081454277039,
                   'safe goal_pos': -0.15970092490315438},
    'joint_5': {   'original goal_pos': -0.39387351274490356,
                   'safe goal_pos': -0.3412832826375961}}
WARNING 2026-09-21 22:42:12 ts/utils.py:113 Relative goal position magnitude had to be clamped to be safe.
{   'joint_3': {   'original goal_pos': 0.5575265288352966,
                   'safe goal_pos': 0.5003585875034332},
    'joint_5': {   'original goal_pos': 0.04406042397022247,
                   'safe goal_pos': 0.00711070597171784}}
WARNING 2026-09-21 22:42:12 ts/utils.py:113 Relative goal position magnitude had to be clamped to be safe.
{   'joint_1': {   'original goal_pos': 1.7675669193267822,
                   'safe goal_pos': 1.743587350845337},
    'joint_3': {   'original goal_pos': 0.8554589152336121,
                   'safe goal_pos': 0.7429770588874817},
    'joint_4': {   'original goal_pos': -0.344663143157959,
                   'safe goal_pos': -0.2214999631047249}}
WARNING 2026-09-21 22:42:12 ts/utils.py:113 Relative goal position magnitude had to be clamped to be safe.
{   'joint_2': {   'original goal_pos': 0.3839551508426666,
                   'safe goal_pos': 0.41060503721237185},
    'joint_3': {   'original goal_pos': 0.7150759100914001,
                   'safe goal_pos': 0.5606317281723022},
    'joint_5': {   'original goal_pos': 0.07495994865894318,
                   'safe goal_pos': 0.06280613541603089}}
WARNING 2026-09-21 22:42:12 ts/utils.py:113 Relative goal position magnitude had to be clamped to be safe.
{   'joint_1': {   'original goal_pos': 1.8110551834106445,
                   'safe goal_pos': 1.801190233230591},
    'joint_3': {   'original goal_pos': 0.9069581031799316,
                   'safe goal_pos': 0.8001983523368835},
    'joint_4': {   'original goal_pos': -0.4079881012439728,
                   'safe goal_pos': -0.2760509610176086}}
WARNING 2026-09-21 22:42:12 ts/utils.py:113 Relative goal position magnitude had to be clamped to be safe.
{   'joint_1': {   'original goal_pos': 1.201075792312622,
                   'safe goal_pos': 1.1919737815856934},
    'joint_2': {   'original goal_pos': 0.308804452419281,
                   'safe goal_pos': 0.34918745756149294},
    'joint_3': {   'original goal_pos': 0.8974212408065796,
                   'safe goal_pos': 0.6125123858451843}}
WARNING 2026-09-21 22:42:12 ts/utils.py:113 Relative goal position magnitude had to be clamped to be safe.
{   'joint_3': {   'original goal_pos': 0.9355688095092773,
                   'safe goal_pos': 0.8539864182472229},
    'joint_4': {   'original goal_pos': -0.4335469603538513,
                   'safe goal_pos': -0.33441672325134275}}
INFO 2026-09-21 22:42:12 rate_log.py:205 Control loop rate over last 30 frames (phase=teleop, target=30 Hz): mean=22.6 Hz, min=21.9 Hz (divide the recording run's mean by this one for the base over-rotation multiplier) | per-frame: arms_read=1ms  arms_write=2ms  base_read=20ms  base_write=20ms  cam:cam_high=0ms  cam:cam_left_wrist=0ms  cam:cam_right_wrist=0ms  other=1ms
WARNING 2026-09-21 22:42:12 ts/utils.py:113 Relative goal position magnitude had to be clamped to be safe.
{   'joint_1': {   'original goal_pos': 1.2926298379898071,
                   'safe goal_pos': 1.2472877264022828},
    'joint_2': {   'original goal_pos': 0.23975738883018494,
                   'safe goal_pos': 0.2957808911800385},
    'joint_3': {   'original goal_pos': 1.0912108421325684,
                   'safe goal_pos': 0.6685893297195434}}
WARNING 2026-09-21 22:42:12 ts/utils.py:113 Relative goal position magnitude had to be clamped to be safe.
{   'joint_3': {   'original goal_pos': 0.9569314122200012,
                   'safe goal_pos': 0.913878059387207},
    'joint_4': {   'original goal_pos': -0.43125811219215393,
                   'safe goal_pos': -0.390875107049942}}
WARNING 2026-09-21 22:42:12 ts/utils.py:113 Relative goal position magnitude had to be clamped to be safe.
{   'joint_1': {   'original goal_pos': 1.3941023349761963,
                   'safe goal_pos': 1.3083238363265992},
    'joint_2': {   'original goal_pos': 0.1832990050315857,
                   'safe goal_pos': 0.23398184180259704},
    'joint_3': {   'original goal_pos': 1.267833948135376,
                   'safe goal_pos': 0.7250476837158203}}
WARNING 2026-09-21 22:42:12 ts/utils.py:113 Relative goal position magnitude had to be clamped to be safe.
{   'joint_3': {   'original goal_pos': 0.9809643626213074,
                   'safe goal_pos': 0.9703364729881286}}
WARNING 2026-09-21 22:42:12 ts/utils.py:113 Relative goal position magnitude had to be clamped to be safe.
{   'joint_1': {   'original goal_pos': 1.4993896484375,
                   'safe goal_pos': 1.366308069229126},
    'joint_2': {   'original goal_pos': 0.14667734503746033,
                   'safe goal_pos': 0.17904936671257018},
    'joint_3': {   'original goal_pos': 1.41165030002594,
                   'safe goal_pos': 0.7742580533027649}}
WARNING 2026-09-21 22:42:12 ts/utils.py:113 Relative goal position magnitude had to be clamped to be safe.
{   'joint_1': {   'original goal_pos': 1.6035324335098267,
                   'safe goal_pos': 1.4242924213409425},
    'joint_3': {   'original goal_pos': 1.5238040685653687,
                   'safe goal_pos': 0.8387273907661438}}
WARNING 2026-09-21 22:42:12 ts/utils.py:113 Relative goal position magnitude had to be clamped to be safe.
{   'joint_1': {   'original goal_pos': 1.7015717029571533,
                   'safe goal_pos': 1.4807507753372193},
    'joint_3': {   'original goal_pos': 1.5737773180007935,
                   'safe goal_pos': 0.8925154566764831}}
WARNING 2026-09-21 22:42:12 ts/utils.py:113 Relative goal position magnitude had to be clamped to be safe.
{   'joint_1': {   'original goal_pos': 1.7717632055282593,
                   'safe goal_pos': 1.5406423568725587},
    'joint_3': {   'original goal_pos': 1.571869969367981,
                   'safe goal_pos': 0.94592205286026}}
WARNING 2026-09-21 22:42:12 ts/utils.py:113 Relative goal position magnitude had to be clamped to be safe.
{   'joint_1': {   'original goal_pos': 1.8400473594665527,
                   'safe goal_pos': 1.595956301689148},
    'joint_3': {   'original goal_pos': 1.5707255601882935,
                   'safe goal_pos': 1.002380406856537}}
WARNING 2026-09-21 22:42:12 ts/utils.py:113 Relative goal position magnitude had to be clamped to be safe.
{   'joint_1': {   'original goal_pos': 1.902227759361267,
                   'safe goal_pos': 1.6539406538009644},
    'joint_2': {   'original goal_pos': 0.3099488914012909,
                   'safe goal_pos': 0.3096208184957504},
    'joint_3': {   'original goal_pos': 1.570344090461731,
                   'safe goal_pos': 1.0657053351402284}}
WARNING 2026-09-21 22:42:12 ts/utils.py:113 Relative goal position magnitude had to be clamped to be safe.
{   'joint_3': {   'original goal_pos': 0.8646143078804016,
                   'safe goal_pos': 0.8763866662979126}}
WARNING 2026-09-21 22:42:12 ts/utils.py:113 Relative goal position magnitude had to be clamped to be safe.
{   'joint_1': {   'original goal_pos': 1.955634355545044,
                   'safe goal_pos': 1.7088731288909913},
    'joint_3': {   'original goal_pos': 1.570344090461731,
                   'safe goal_pos': 1.1282673835754395}}
WARNING 2026-09-21 22:42:12 ts/utils.py:113 Relative goal position magnitude had to be clamped to be safe.
{   'joint_3': {   'original goal_pos': 0.7810711860656738,
                   'safe goal_pos': 0.8332799315452576}}
WARNING 2026-09-21 22:42:12 ts/utils.py:113 Relative goal position magnitude had to be clamped to be safe.
{   'joint_1': {   'original goal_pos': 1.9964523315429688,
                   'safe goal_pos': 1.7668573617935182},
    'joint_3': {   'original goal_pos': 1.5707255601882935,
                   'safe goal_pos': 1.182818388938904}}
WARNING 2026-09-21 22:42:12 ts/utils.py:113 Relative goal position magnitude had to be clamped to be safe.
{   'joint_3': {   'original goal_pos': 0.7162203192710876,
                   'safe goal_pos': 0.773769760131836}}
WARNING 2026-09-21 22:42:12 ts/utils.py:113 Relative goal position magnitude had to be clamped to be safe.
{   'joint_1': {   'original goal_pos': 2.0197222232818604,
                   'safe goal_pos': 1.8248417139053346},
    'joint_3': {   'original goal_pos': 1.5699626207351685,
                   'safe goal_pos': 1.2381323337554933}}
WARNING 2026-09-21 22:42:12 ts/utils.py:113 Relative goal position magnitude had to be clamped to be safe.
{   'joint_3': {   'original goal_pos': 0.6719691753387451,
                   'safe goal_pos': 0.7161669373512268}}
WARNING 2026-09-21 22:42:12 ts/utils.py:113 Relative goal position magnitude had to be clamped to be safe.
{   'joint_1': {   'original goal_pos': 2.028496265411377,
                   'safe goal_pos': 1.8828259468078614},
    'joint_3': {   'original goal_pos': 1.569581151008606,
                   'safe goal_pos': 1.2987868547439576}}
WARNING 2026-09-21 22:42:12 ts/utils.py:113 Relative goal position magnitude had to be clamped to be safe.
{   'joint_3': {   'original goal_pos': 0.6536583304405212,
                   'safe goal_pos': 0.6600900530815125}}
WARNING 2026-09-21 22:42:12 ts/utils.py:113 Relative goal position magnitude had to be clamped to be safe.
{   'joint_1': {   'original goal_pos': 2.0243000984191895,
                   'safe goal_pos': 1.9389028310775758},
    'joint_3': {   'original goal_pos': 1.5657663345336914,
                   'safe goal_pos': 1.356771206855774},
    'joint_5': {   'original goal_pos': 0.059319447726011276,
                   'safe goal_pos': 0.06384375095367431}}
WARNING 2026-09-21 22:42:13 ts/utils.py:113 Relative goal position magnitude had to be clamped to be safe.
{   'joint_1': {   'original goal_pos': 2.0067520141601562,
                   'safe goal_pos': 1.9961242437362672},
    'joint_3': {   'original goal_pos': 1.5520333051681519,
                   'safe goal_pos': 1.4117036819458009}}
WARNING 2026-09-21 22:42:13 ts/utils.py:113 Relative goal position magnitude had to be clamped to be safe.
{   'joint_3': {   'original goal_pos': 1.5283818244934082,
                   'safe goal_pos': 1.4654917478561402}}
WARNING 2026-09-21 22:42:13 ts/utils.py:113 Relative goal position magnitude had to be clamped to be safe.
{   'joint_3': {   'original goal_pos': 1.3117036819458008,
                   'safe goal_pos': 1.3578088521957397}}
WARNING 2026-09-21 22:42:13 ts/utils.py:113 Relative goal position magnitude had to be clamped to be safe.
{   'joint_3': {   'original goal_pos': 1.2155718803405762,
                   'safe goal_pos': 1.2933393955230712}}
WARNING 2026-09-21 22:42:13 ts/utils.py:113 Relative goal position magnitude had to be clamped to be safe.
{   'joint_3': {   'original goal_pos': 1.120202898979187,
                   'safe goal_pos': 1.2254368305206298}}
WARNING 2026-09-21 22:42:13 ts/utils.py:113 Relative goal position magnitude had to be clamped to be safe.
{   'joint_3': {   'original goal_pos': 1.0591669082641602,
                   'safe goal_pos': 1.1659265995025634}}
WARNING 2026-09-21 22:42:13 ts/utils.py:113 Relative goal position magnitude had to be clamped to be safe.
{   'joint_3': {   'original goal_pos': 1.050011396408081,
                   'safe goal_pos': 1.120149517059326},
    'joint_4': {   'original goal_pos': 0.4987792670726776,
                   'safe goal_pos': 0.4500038087368011}}
WARNING 2026-09-21 22:42:13 ts/utils.py:113 Relative goal position magnitude had to be clamped to be safe.
{   'joint_3': {   'original goal_pos': 1.0645074844360352,
                   'safe goal_pos': 1.0663614511489867},
    'joint_4': {   'original goal_pos': 0.6315327882766724,
                   'safe goal_pos': 0.504173344373703}}
WARNING 2026-09-21 22:42:13 ts/utils.py:113 Relative goal position magnitude had to be clamped to be safe.
{   'joint_4': {   'original goal_pos': 0.7734416723251343,
                   'safe goal_pos': 0.5629205763339996}}
WARNING 2026-09-21 22:42:13 ts/utils.py:113 Relative goal position magnitude had to be clamped to be safe.
{   'joint_4': {   'original goal_pos': 0.8749141693115234,
                   'safe goal_pos': 0.6186160206794739}}
WARNING 2026-09-21 22:42:13 ts/utils.py:113 Relative goal position magnitude had to be clamped to be safe.
{   'joint_4': {   'original goal_pos': 0.9012359976768494,
                   'safe goal_pos': 0.676981782913208}}
WARNING 2026-09-21 22:42:13 ts/utils.py:113 Relative goal position magnitude had to be clamped to be safe.
{   'joint_4': {   'original goal_pos': 0.8707179427146912,
                   'safe goal_pos': 0.7319142580032348}}
WARNING 2026-09-21 22:42:13 ts/utils.py:113 Relative goal position magnitude had to be clamped to be safe.
{   'joint_4': {   'original goal_pos': 0.7963302135467529,
                   'safe goal_pos': 0.7891355514526367}}
INFO 2026-09-21 22:42:13 rate_log.py:205 Control loop rate over last 30 frames (phase=teleop, target=30 Hz): mean=22.4 Hz, min=21.6 Hz (divide the recording run's mean by this one for the base over-rotation multiplier) | per-frame: arms_read=1ms  arms_write=2ms  base_read=20ms  base_write=20ms  cam:cam_high=0ms  cam:cam_left_wrist=0ms  cam:cam_right_wrist=0ms  other=1ms
WARNING 2026-09-21 22:42:13 ts/utils.py:113 Relative goal position magnitude had to be clamped to be safe.
{   'joint_4': {   'original goal_pos': 0.6464102864265442,
                   'safe goal_pos': 0.661997401714325}}
INFO 2026-09-21 22:42:15 rate_log.py:205 Control loop rate over last 30 frames (phase=teleop, target=30 Hz): mean=22.1 Hz, min=21.4 Hz (divide the recording run's mean by this one for the base over-rotation multiplier) | per-frame: arms_read=1ms  arms_write=2ms  base_read=20ms  base_write=20ms  cam:cam_high=0ms  cam:cam_left_wrist=0ms  cam:cam_right_wrist=0ms  other=1ms
INFO 2026-09-21 22:42:16 ls/utils.py:227 Re-record episode
INFO 2026-09-21 22:42:16 ls/utils.py:227 Recording episode 0
INFO 2026-09-21 22:42:18 rate_log.py:205 Control loop rate over last 30 frames (phase=policy, target=30 Hz): mean=21.2 Hz, min=20.1 Hz (divide the recording run's mean by this one for the base over-rotation multiplier) | per-frame: arms_read=2ms  arms_write=2ms  base_read=22ms  base_write=21ms  cam:cam_high=0ms  cam:cam_left_wrist=0ms  cam:cam_right_wrist=0ms  other=1ms
INFO 2026-09-21 22:42:19 rate_log.py:205 Control loop rate over last 30 frames (phase=policy, target=30 Hz): mean=18.4 Hz, min=3.8 Hz (divide the recording run's mean by this one for the base over-rotation multiplier) | per-frame: arms_read=2ms  arms_write=2ms  base_read=21ms  base_write=21ms  cam:cam_high=0ms  cam:cam_left_wrist=0ms  cam:cam_right_wrist=0ms  other=9ms
INFO 2026-09-21 22:42:21 rate_log.py:205 Control loop rate over last 30 frames (phase=policy, target=30 Hz): mean=21.0 Hz, min=20.0 Hz (divide the recording run's mean by this one for the base over-rotation multiplier) | per-frame: arms_read=1ms  arms_write=2ms  base_read=21ms  base_write=21ms  cam:cam_high=0ms  cam:cam_left_wrist=0ms  cam:cam_right_wrist=0ms  other=2ms
INFO 2026-09-21 22:42:22 rate_log.py:205 Control loop rate over last 30 frames (phase=policy, target=30 Hz): mean=18.2 Hz, min=3.7 Hz (divide the recording run's mean by this one for the base over-rotation multiplier) | per-frame: arms_read=2ms  arms_write=2ms  base_read=21ms  base_write=21ms  cam:cam_high=0ms  cam:cam_left_wrist=0ms  cam:cam_right_wrist=0ms  other=10ms
INFO 2026-09-21 22:42:24 rate_log.py:205 Control loop rate over last 30 frames (phase=policy, target=30 Hz): mean=18.2 Hz, min=3.8 Hz (divide the recording run's mean by this one for the base over-rotation multiplier) | per-frame: arms_read=2ms  arms_write=2ms  base_read=21ms  base_write=21ms  cam:cam_high=0ms  cam:cam_left_wrist=0ms  cam:cam_right_wrist=0ms  other=10ms
INFO 2026-09-21 22:42:25 ls/utils.py:227 Reset the environment
WARNING 2026-09-21 22:42:25 ts/utils.py:113 Relative goal position magnitude had to be clamped to be safe.
{   'joint_0': {   'original goal_pos': 0.11387044936418533,
                   'safe goal_pos': 0.36444648504257204},
    'joint_1': {   'original goal_pos': 1.6092545986175537,
                   'safe goal_pos': 1.637048864364624},
    'joint_3': {   'original goal_pos': 0.46253910660743713,
                   'safe goal_pos': 0.888593876361847},
    'joint_4': {   'original goal_pos': -0.6368734240531921,
                   'safe goal_pos': -0.44657052159309385},
    'joint_5': {   'original goal_pos': -0.3107118308544159,
                   'safe goal_pos': -0.12574959956109524}}
WARNING 2026-09-21 22:42:25 ts/utils.py:113 Relative goal position magnitude had to be clamped to be safe.
{   'joint_0': {   'original goal_pos': 0.11387044936418533,
                   'safe goal_pos': 0.3266803860664368},
    'joint_3': {   'original goal_pos': 0.46253910660743713,
                   'safe goal_pos': 0.8569314122200012},
    'joint_4': {   'original goal_pos': -0.6368734240531921,
                   'safe goal_pos': -0.45877776145935056},
    'joint_5': {   'original goal_pos': -0.3107118308544159,
                   'safe goal_pos': -0.15207141116261483}}
WARNING 2026-09-21 22:42:25 ts/utils.py:113 Relative goal position magnitude had to be clamped to be safe.
{   'joint_0': {   'original goal_pos': 0.11387044936418533,
                   'safe goal_pos': 0.2603036403656006},
    'joint_3': {   'original goal_pos': 0.46292057633399963,
                   'safe goal_pos': 0.7726252913475037},
    'joint_4': {   'original goal_pos': -0.6372548937797546,
                   'safe goal_pos': -0.5633020460605621},
    'joint_5': {   'original goal_pos': -0.3107118308544159,
                   'safe goal_pos': -0.23103684782981873}}
WARNING 2026-09-21 22:42:25 ts/utils.py:113 Relative goal position magnitude had to be clamped to be safe.
{   'joint_0': {   'original goal_pos': 0.11387044936418533,
                   'safe goal_pos': 0.2072785437107086},
    'joint_3': {   'original goal_pos': 0.4655908942222595,
                   'safe goal_pos': 0.7390554785728455},
    'joint_4': {   'original goal_pos': -0.6364919543266296,
                   'safe goal_pos': -0.5846646785736084},
    'joint_5': {   'original goal_pos': -0.3107118308544159,
                   'safe goal_pos': -0.27109178006649015}}
WARNING 2026-09-21 22:42:25 ts/utils.py:113 Relative goal position magnitude had to be clamped to be safe.
{   'joint_0': {   'original goal_pos': 0.11387044936418533,
                   'safe goal_pos': 0.1450980395078659},
    'joint_3': {   'original goal_pos': 0.465209424495697,
                   'safe goal_pos': 0.6860303521156311}}
WARNING 2026-09-21 22:42:25 ts/utils.py:113 Relative goal position magnitude had to be clamped to be safe.
{   'joint_3': {   'original goal_pos': 0.4655908942222595,
                   'safe goal_pos': 0.6131685614585877}}
WARNING 2026-09-21 22:42:25 ts/utils.py:113 Relative goal position magnitude had to be clamped to be safe.
{   'joint_3': {   'original goal_pos': 0.4655908942222595,
                   'safe goal_pos': 0.554421329498291}}
WARNING 2026-09-21 22:42:25 ts/utils.py:113 Relative goal position magnitude had to be clamped to be safe.
{   'joint_3': {   'original goal_pos': 0.4667353332042694,
                   'safe goal_pos': 0.4968185067176819}}
INFO 2026-09-21 22:42:26 rate_log.py:205 Control loop rate over last 30 frames (phase=teleop, target=30 Hz): mean=22.0 Hz, min=21.2 Hz (divide the recording run's mean by this one for the base over-rotation multiplier) | per-frame: arms_read=1ms  arms_write=2ms  base_read=21ms  base_write=20ms  cam:cam_high=0ms  cam:cam_left_wrist=0ms  cam:cam_right_wrist=0ms  other=0ms
WARNING 2026-09-21 22:42:27 ts/utils.py:113 Relative goal position magnitude had to be clamped to be safe.
{   'joint_4': {   'original goal_pos': -0.7616159319877625,
                   'safe goal_pos': -0.7521324515342712}}
WARNING 2026-09-21 22:42:27 ts/utils.py:113 Relative goal position magnitude had to be clamped to be safe.
{   'joint_4': {   'original goal_pos': -0.8695735335350037,
                   'safe goal_pos': -0.799816882610321}}
WARNING 2026-09-21 22:42:27 ts/utils.py:113 Relative goal position magnitude had to be clamped to be safe.
{   'joint_4': {   'original goal_pos': -0.9718089699745178,
                   'safe goal_pos': -0.8646677494049072}}
WARNING 2026-09-21 22:42:27 ts/utils.py:113 Relative goal position magnitude had to be clamped to be safe.
{   'joint_4': {   'original goal_pos': -1.0297932624816895,
                   'safe goal_pos': -0.9196002244949341}}
WARNING 2026-09-21 22:42:27 ts/utils.py:113 Relative goal position magnitude had to be clamped to be safe.
{   'joint_4': {   'original goal_pos': -1.0290303230285645,
                   'safe goal_pos': -0.9806362748146057}}
WARNING 2026-09-21 22:42:27 ts/utils.py:113 Relative goal position magnitude had to be clamped to be safe.
{   'joint_3': {   'original goal_pos': 0.5983443856239319,
                   'safe goal_pos': 0.5986724734306336}}
WARNING 2026-09-21 22:42:27 ts/utils.py:113 Relative goal position magnitude had to be clamped to be safe.
{   'joint_3': {   'original goal_pos': 0.5201418995857239,
                   'safe goal_pos': 0.5437399983406067}}
WARNING 2026-09-21 22:42:27 ts/utils.py:113 Relative goal position magnitude had to be clamped to be safe.
{   'joint_3': {   'original goal_pos': 0.42591744661331177,
                   'safe goal_pos': 0.4811780095100403},
    'joint_5': {   'original goal_pos': 0.6692988276481628,
                   'safe goal_pos': 0.6624856948852539}}
WARNING 2026-09-21 22:42:27 ts/utils.py:113 Relative goal position magnitude had to be clamped to be safe.
{   'joint_3': {   'original goal_pos': 0.2977416515350342,
                   'safe goal_pos': 0.31714352369308474}}
WARNING 2026-09-21 22:42:27 ts/utils.py:113 Relative goal position magnitude had to be clamped to be safe.
{   'joint_3': {   'original goal_pos': 0.3412298858165741,
                   'safe goal_pos': 0.42700847387313845},
    'joint_5': {   'original goal_pos': 0.7413977384567261,
                   'safe goal_pos': 0.7170367002487182}}
WARNING 2026-09-21 22:42:27 ts/utils.py:113 Relative goal position magnitude had to be clamped to be safe.
{   'joint_3': {   'original goal_pos': 0.2145799994468689,
                   'safe goal_pos': 0.2576333224773407}}
WARNING 2026-09-21 22:42:27 ts/utils.py:113 Relative goal position magnitude had to be clamped to be safe.
{   'joint_3': {   'original goal_pos': 0.28667888045310974,
                   'safe goal_pos': 0.3682612419128418},
    'joint_5': {   'original goal_pos': 0.7986190319061279,
                   'safe goal_pos': 0.7750209927558899}}
WARNING 2026-09-21 22:42:27 ts/utils.py:113 Relative goal position magnitude had to be clamped to be safe.
{   'joint_3': {   'original goal_pos': 0.1367589831352234,
                   'safe goal_pos': 0.20155640840530395},
    'joint_5': {   'original goal_pos': -0.6578545570373535,
                   'safe goal_pos': -0.6575265288352966}}
WARNING 2026-09-21 22:42:27 ts/utils.py:113 Relative goal position magnitude had to be clamped to be safe.
{   'joint_3': {   'original goal_pos': 0.26874953508377075,
                   'safe goal_pos': 0.3098954796791077}}
WARNING 2026-09-21 22:42:27 ts/utils.py:113 Relative goal position magnitude had to be clamped to be safe.
{   'joint_3': {   'original goal_pos': 0.06198977679014206,
                   'safe goal_pos': 0.14052032828330993},
    'joint_5': {   'original goal_pos': -0.7181277275085449,
                   'safe goal_pos': -0.7170367002487182}}
WARNING 2026-09-21 22:42:27 ts/utils.py:113 Relative goal position magnitude had to be clamped to be safe.
{   'joint_3': {   'original goal_pos': -0.0036240178160369396,
                   'safe goal_pos': 0.0817730963230133},
    'joint_5': {   'original goal_pos': -0.7814526557922363,
                   'safe goal_pos': -0.7750209927558899}}
WARNING 2026-09-21 22:42:27 ts/utils.py:113 Relative goal position magnitude had to be clamped to be safe.
{   'joint_3': {   'original goal_pos': -0.059319447726011276,
                   'safe goal_pos': 0.023788818717002863},
    'joint_5': {   'original goal_pos': -0.840962827205658,
                   'safe goal_pos': -0.8330052852630615}}
WARNING 2026-09-21 22:42:27 ts/utils.py:113 Relative goal position magnitude had to be clamped to be safe.
{   'joint_3': {   'original goal_pos': -0.09212634712457657,
                   'safe goal_pos': -0.034958420693874365}}
WARNING 2026-09-21 22:42:27 ts/utils.py:113 Relative goal position magnitude had to be clamped to be safe.
{   'joint_3': {   'original goal_pos': -0.11158160120248795,
                   'safe goal_pos': -0.09408712889999152}}
INFO 2026-09-21 22:42:28 rate_log.py:205 Control loop rate over last 30 frames (phase=teleop, target=30 Hz): mean=21.9 Hz, min=21.4 Hz (divide the recording run's mean by this one for the base over-rotation multiplier) | per-frame: arms_read=1ms  arms_write=2ms  base_read=20ms  base_write=20ms  cam:cam_high=0ms  cam:cam_left_wrist=0ms  cam:cam_right_wrist=0ms  other=1ms
INFO 2026-09-21 22:42:29 rate_log.py:205 Control loop rate over last 30 frames (phase=teleop, target=30 Hz): mean=22.1 Hz, min=21.3 Hz (divide the recording run's mean by this one for the base over-rotation multiplier) | per-frame: arms_read=1ms  arms_write=2ms  base_read=20ms  base_write=20ms  cam:cam_high=0ms  cam:cam_left_wrist=0ms  cam:cam_right_wrist=0ms  other=1ms
WARNING 2026-09-21 22:42:30 ts/utils.py:113 Relative goal position magnitude had to be clamped to be safe.
{   'joint_4': {   'original goal_pos': -1.126688003540039,
                   'safe goal_pos': -1.1225452184677125}}
WARNING 2026-09-21 22:42:30 ts/utils.py:113 Relative goal position magnitude had to be clamped to be safe.
{   'joint_3': {   'original goal_pos': 0.16880293190479279,
                   'safe goal_pos': 0.17218279242515563}}
WARNING 2026-09-21 22:42:30 ts/utils.py:113 Relative goal position magnitude had to be clamped to be safe.
{   'joint_3': {   'original goal_pos': 0.10814831405878067,
                   'safe goal_pos': 0.11534295380115508}}
WARNING 2026-09-21 22:42:30 ts/utils.py:113 Relative goal position magnitude had to be clamped to be safe.
{   'joint_3': {   'original goal_pos': 0.058175019919872284,
                   'safe goal_pos': 0.05964750945568084}}
WARNING 2026-09-21 22:42:30 ts/utils.py:113 Relative goal position magnitude had to be clamped to be safe.
{   'joint_3': {   'original goal_pos': 0.26836803555488586,
                   'safe goal_pos': 0.25506981313228605}}
WARNING 2026-09-21 22:42:30 ts/utils.py:113 Relative goal position magnitude had to be clamped to be safe.
{   'joint_3': {   'original goal_pos': 0.3614480793476105,
                   'safe goal_pos': 0.3134355753660202},
    'joint_5': {   'original goal_pos': 0.6006332635879517,
                   'safe goal_pos': 0.6188906669616699}}
WARNING 2026-09-21 22:42:30 ts/utils.py:113 Relative goal position magnitude had to be clamped to be safe.
{   'joint_3': {   'original goal_pos': 0.46292057633399963,
                   'safe goal_pos': 0.36913100481033323},
    'joint_4': {   'original goal_pos': 1.0091935396194458,
                   'safe goal_pos': 1.0350804567337035},
    'joint_5': {   'original goal_pos': 0.5231937170028687,
                   'safe goal_pos': 0.5631952524185181}}
WARNING 2026-09-21 22:42:30 ts/utils.py:113 Relative goal position magnitude had to be clamped to be safe.
{   'joint_3': {   'original goal_pos': 0.5716410875320435,
                   'safe goal_pos': 0.42787823677062986},
    'joint_4': {   'original goal_pos': 0.8768215179443359,
                   'safe goal_pos': 0.9851072072982788},
    'joint_5': {   'original goal_pos': 0.45834288001060486,
                   'safe goal_pos': 0.5086442470550537}}
WARNING 2026-09-21 22:42:30 ts/utils.py:113 Relative goal position magnitude had to be clamped to be safe.
{   'joint_3': {   'original goal_pos': 0.6696802973747253,
                   'safe goal_pos': 0.4824292421340942},
    'joint_4': {   'original goal_pos': 0.7223239541053772,
                   'safe goal_pos': 0.9263599157333374},
    'joint_5': {   'original goal_pos': 0.41103988885879517,
                   'safe goal_pos': 0.4533303022384644}}
WARNING 2026-09-21 22:42:30 ts/utils.py:113 Relative goal position magnitude had to be clamped to be safe.
{   'joint_3': {   'original goal_pos': 0.7562752962112427,
                   'safe goal_pos': 0.5446097612380981},
    'joint_4': {   'original goal_pos': 0.5971999764442444,
                   'safe goal_pos': 0.8699015617370606},
    'joint_5': {   'original goal_pos': 0.37975889444351196,
                   'safe goal_pos': 0.39572747945785525}}
WARNING 2026-09-21 22:42:30 ts/utils.py:113 Relative goal position magnitude had to be clamped to be safe.
{   'joint_3': {   'original goal_pos': 0.8150225281715393,
                   'safe goal_pos': 0.5983977973461151},
    'joint_4': {   'original goal_pos': 0.5380712747573853,
                   'safe goal_pos': 0.8126802682876587}}
INFO 2026-09-21 22:42:30 rate_log.py:205 Control loop rate over last 30 frames (phase=teleop, target=30 Hz): mean=22.0 Hz, min=21.4 Hz (divide the recording run's mean by this one for the base over-rotation multiplier) | per-frame: arms_read=1ms  arms_write=2ms  base_read=20ms  base_write=20ms  cam:cam_high=0ms  cam:cam_left_wrist=0ms  cam:cam_right_wrist=0ms  other=1ms
WARNING 2026-09-21 22:42:30 ts/utils.py:113 Relative goal position magnitude had to be clamped to be safe.
{   'joint_3': {   'original goal_pos': 0.8493552803993225,
                   'safe goal_pos': 0.6605783462524414},
    'joint_4': {   'original goal_pos': 0.5422675013542175,
                   'safe goal_pos': 0.7573662638664246}}
WARNING 2026-09-21 22:42:30 ts/utils.py:113 Relative goal position magnitude had to be clamped to be safe.
{   'joint_3': {   'original goal_pos': 0.8558403849601746,
                   'safe goal_pos': 0.7181811094284057},
    'joint_4': {   'original goal_pos': 0.5579079985618591,
                   'safe goal_pos': 0.697856092453003}}
WARNING 2026-09-21 22:42:30 ts/utils.py:113 Relative goal position magnitude had to be clamped to be safe.
{   'joint_3': {   'original goal_pos': 0.8550774455070496,
                   'safe goal_pos': 0.7700618267059326},
    'joint_4': {   'original goal_pos': 0.5693522691726685,
                   'safe goal_pos': 0.6448310256004334}}
WARNING 2026-09-21 22:42:31 ts/utils.py:113 Relative goal position magnitude had to be clamped to be safe.
{   'joint_3': {   'original goal_pos': 0.8550774455070496,
                   'safe goal_pos': 0.8310978770256042},
    'joint_4': {   'original goal_pos': 0.5682078003883362,
                   'safe goal_pos': 0.584557855129242}}
WARNING 2026-09-21 22:42:31 ts/utils.py:113 Relative goal position magnitude had to be clamped to be safe.
{   'joint_4': {   'original goal_pos': -1.031700611114502,
                   'safe goal_pos': -1.040421152114868},
    'joint_5': {   'original goal_pos': -0.5540932416915894,
                   'safe goal_pos': -0.5586175560951233}}
WARNING 2026-09-21 22:42:31 ts/utils.py:113 Relative goal position magnitude had to be clamped to be safe.
{   'joint_4': {   'original goal_pos': -0.9370946884155273,
                   'safe goal_pos': -0.9854886770248413},
    'joint_5': {   'original goal_pos': -0.47589075565338135,
                   'safe goal_pos': -0.5029220819473267}}
WARNING 2026-09-21 22:42:31 ts/utils.py:113 Relative goal position magnitude had to be clamped to be safe.
{   'joint_3': {   'original goal_pos': 0.21076524257659912,
                   'safe goal_pos': 0.20624094307422638},
    'joint_4': {   'original goal_pos': -0.8157854676246643,
                   'safe goal_pos': -0.9290303230285645},
    'joint_5': {   'original goal_pos': -0.39654383063316345,
                   'safe goal_pos': -0.4472266674041748}}
WARNING 2026-09-21 22:42:31 ts/utils.py:113 Relative goal position magnitude had to be clamped to be safe.
{   'joint_4': {   'original goal_pos': -0.6849393248558044,
                   'safe goal_pos': -0.8729533791542053},
    'joint_5': {   'original goal_pos': -0.3404669165611267,
                   'safe goal_pos': -0.39191272258758547}}
WARNING 2026-09-21 22:42:31 ts/utils.py:113 Relative goal position magnitude had to be clamped to be safe.
{   'joint_4': {   'original goal_pos': -0.577744722366333,
                   'safe goal_pos': -0.8145876169204712},
    'joint_5': {   'original goal_pos': -0.30270084738731384,
                   'safe goal_pos': -0.33392843008041384}}
WARNING 2026-09-21 22:42:31 ts/utils.py:113 Relative goal position magnitude had to be clamped to be safe.
{   'joint_4': {   'original goal_pos': -0.5262455344200134,
                   'safe goal_pos': -0.7577477931976319}}
WARNING 2026-09-21 22:42:31 ts/utils.py:113 Relative goal position magnitude had to be clamped to be safe.
{   'joint_4': {   'original goal_pos': -0.5350194573402405,
                   'safe goal_pos': -0.7005264401435852}}
WARNING 2026-09-21 22:42:31 ts/utils.py:113 Relative goal position magnitude had to be clamped to be safe.
{   'joint_4': {   'original goal_pos': -0.5754558444023132,
                   'safe goal_pos': -0.6455939650535584}}
WARNING 2026-09-21 22:42:31 ts/utils.py:113 Relative goal position magnitude had to be clamped to be safe.
{   'joint_4': {   'original goal_pos': -0.47589075565338135,
                   'safe goal_pos': -0.5094071865081787}}
WARNING 2026-09-21 22:42:31 ts/utils.py:113 Relative goal position magnitude had to be clamped to be safe.
{   'joint_4': {   'original goal_pos': -0.4175249934196472,
                   'safe goal_pos': -0.4464637279510498}}
INFO 2026-09-21 22:42:32 rate_log.py:205 Control loop rate over last 30 frames (phase=teleop, target=30 Hz): mean=22.0 Hz, min=21.4 Hz (divide the recording run's mean by this one for the base over-rotation multiplier) | per-frame: arms_read=1ms  arms_write=2ms  base_read=20ms  base_write=20ms  cam:cam_high=0ms  cam:cam_left_wrist=0ms  cam:cam_right_wrist=0ms  other=1ms
INFO 2026-09-21 22:42:33 rate_log.py:205 Control loop rate over last 30 frames (phase=teleop, target=30 Hz): mean=22.2 Hz, min=21.7 Hz (divide the recording run's mean by this one for the base over-rotation multiplier) | per-frame: arms_read=1ms  arms_write=2ms  base_read=20ms  base_write=20ms  cam:cam_high=0ms  cam:cam_left_wrist=0ms  cam:cam_right_wrist=0ms  other=1ms
INFO 2026-09-21 22:42:33 ls/utils.py:227 Re-record episode
INFO 2026-09-21 22:42:33 ls/utils.py:227 Recording episode 0
INFO 2026-09-21 22:42:35 rate_log.py:205 Control loop rate over last 30 frames (phase=policy, target=30 Hz): mean=21.3 Hz, min=20.3 Hz (divide the recording run's mean by this one for the base over-rotation multiplier) | per-frame: arms_read=2ms  arms_write=2ms  base_read=21ms  base_write=21ms  cam:cam_high=0ms  cam:cam_left_wrist=0ms  cam:cam_right_wrist=0ms  other=1ms
INFO 2026-09-21 22:42:36 rate_log.py:205 Control loop rate over last 30 frames (phase=policy, target=30 Hz): mean=18.1 Hz, min=3.8 Hz (divide the recording run's mean by this one for the base over-rotation multiplier) | per-frame: arms_read=2ms  arms_write=2ms  base_read=21ms  base_write=21ms  cam:cam_high=0ms  cam:cam_left_wrist=0ms  cam:cam_right_wrist=0ms  other=9ms
INFO 2026-09-21 22:42:37 ls/utils.py:227 Reset the environment
INFO 2026-09-21 22:42:39 rate_log.py:205 Control loop rate over last 30 frames (phase=teleop, target=30 Hz): mean=22.8 Hz, min=21.8 Hz (divide the recording run's mean by this one for the base over-rotation multiplier) | per-frame: arms_read=1ms  arms_write=2ms  base_read=21ms  base_write=20ms  cam:cam_high=0ms  cam:cam_left_wrist=0ms  cam:cam_right_wrist=0ms  other=-0ms
WARNING 2026-09-21 22:42:39 mobileai.py:376 [MOBILE AI BASE] Emergency stop is engaged; the base will not move.
INFO 2026-09-21 22:42:40 rate_log.py:205 Control loop rate over last 30 frames (phase=teleop, target=30 Hz): mean=22.2 Hz, min=21.7 Hz (divide the recording run's mean by this one for the base over-rotation multiplier) | per-frame: arms_read=1ms  arms_write=2ms  base_read=20ms  base_write=20ms  cam:cam_high=0ms  cam:cam_left_wrist=0ms  cam:cam_right_wrist=0ms  other=1ms
INFO 2026-09-21 22:42:41 rate_log.py:205 Control loop rate over last 30 frames (phase=teleop, target=30 Hz): mean=22.2 Hz, min=21.3 Hz (divide the recording run's mean by this one for the base over-rotation multiplier) | per-frame: arms_read=1ms  arms_write=2ms  base_read=20ms  base_write=20ms  cam:cam_high=0ms  cam:cam_left_wrist=0ms  cam:cam_right_wrist=0ms  other=1ms
INFO 2026-09-21 22:42:43 rate_log.py:205 Control loop rate over last 30 frames (phase=teleop, target=30 Hz): mean=22.1 Hz, min=21.5 Hz (divide the recording run's mean by this one for the base over-rotation multiplier) | per-frame: arms_read=1ms  arms_write=2ms  base_read=20ms  base_write=20ms  cam:cam_high=0ms  cam:cam_left_wrist=0ms  cam:cam_right_wrist=0ms  other=1ms
INFO 2026-09-21 22:42:44 rate_log.py:205 Control loop rate over last 30 frames (phase=teleop, target=30 Hz): mean=22.2 Hz, min=21.2 Hz (divide the recording run's mean by this one for the base over-rotation multiplier) | per-frame: arms_read=1ms  arms_write=2ms  base_read=20ms  base_write=20ms  cam:cam_high=0ms  cam:cam_left_wrist=0ms  cam:cam_right_wrist=0ms  other=1ms
INFO 2026-09-21 22:42:45 rate_log.py:205 Control loop rate over last 30 frames (phase=teleop, target=30 Hz): mean=22.1 Hz, min=21.2 Hz (divide the recording run's mean by this one for the base over-rotation multiplier) | per-frame: arms_read=1ms  arms_write=2ms  base_read=20ms  base_write=20ms  cam:cam_high=0ms  cam:cam_left_wrist=0ms  cam:cam_right_wrist=0ms  other=1ms
INFO 2026-09-21 22:42:47 rate_log.py:205 Control loop rate over last 30 frames (phase=teleop, target=30 Hz): mean=22.1 Hz, min=21.5 Hz (divide the recording run's mean by this one for the base over-rotation multiplier) | per-frame: arms_read=1ms  arms_write=2ms  base_read=20ms  base_write=20ms  cam:cam_high=0ms  cam:cam_left_wrist=0ms  cam:cam_right_wrist=0ms  other=1ms
INFO 2026-09-21 22:42:47 ls/utils.py:227 Re-record episode
INFO 2026-09-21 22:42:47 ls/utils.py:227 Recording episode 0
WARNING 2026-09-21 22:42:48 mobileai.py:387 [MOBILE AI BASE] The base state is back to normal.
INFO 2026-09-21 22:42:49 rate_log.py:205 Control loop rate over last 30 frames (phase=policy, target=30 Hz): mean=20.9 Hz, min=20.0 Hz (divide the recording run's mean by this one for the base over-rotation multiplier) | per-frame: arms_read=2ms  arms_write=2ms  base_read=22ms  base_write=21ms  cam:cam_high=0ms  cam:cam_left_wrist=0ms  cam:cam_right_wrist=0ms  other=1ms
INFO 2026-09-21 22:42:50 rate_log.py:205 Control loop rate over last 30 frames (phase=policy, target=30 Hz): mean=18.2 Hz, min=3.8 Hz (divide the recording run's mean by this one for the base over-rotation multiplier) | per-frame: arms_read=2ms  arms_write=2ms  base_read=21ms  base_write=21ms  cam:cam_high=0ms  cam:cam_left_wrist=0ms  cam:cam_right_wrist=0ms  other=9ms
INFO 2026-09-21 22:42:52 ls/utils.py:227 Reset the environment
INFO 2026-09-21 22:42:53 rate_log.py:205 Control loop rate over last 30 frames (phase=teleop, target=30 Hz): mean=22.1 Hz, min=21.4 Hz (divide the recording run's mean by this one for the base over-rotation multiplier) | per-frame: arms_read=1ms  arms_write=2ms  base_read=21ms  base_write=20ms  cam:cam_high=0ms  cam:cam_left_wrist=0ms  cam:cam_right_wrist=0ms  other=0ms
WARNING 2026-09-21 22:42:54 mobileai.py:376 [MOBILE AI BASE] Emergency stop is engaged; the base will not move.
INFO 2026-09-21 22:42:54 rate_log.py:205 Control loop rate over last 30 frames (phase=teleop, target=30 Hz): mean=22.2 Hz, min=21.4 Hz (divide the recording run's mean by this one for the base over-rotation multiplier) | per-frame: arms_read=1ms  arms_write=2ms  base_read=20ms  base_write=20ms  cam:cam_high=0ms  cam:cam_left_wrist=0ms  cam:cam_right_wrist=0ms  other=1ms
INFO 2026-09-21 22:42:56 rate_log.py:205 Control loop rate over last 30 frames (phase=teleop, target=30 Hz): mean=22.0 Hz, min=21.4 Hz (divide the recording run's mean by this one for the base over-rotation multiplier) | per-frame: arms_read=1ms  arms_write=2ms  base_read=20ms  base_write=20ms  cam:cam_high=0ms  cam:cam_left_wrist=0ms  cam:cam_right_wrist=0ms  other=1ms
INFO 2026-09-21 22:42:57 rate_log.py:205 Control loop rate over last 30 frames (phase=teleop, target=30 Hz): mean=21.9 Hz, min=21.2 Hz (divide the recording run's mean by this one for the base over-rotation multiplier) | per-frame: arms_read=1ms  arms_write=2ms  base_read=20ms  base_write=20ms  cam:cam_high=0ms  cam:cam_left_wrist=0ms  cam:cam_right_wrist=0ms  other=1ms
INFO 2026-09-21 22:42:58 rate_log.py:205 Control loop rate over last 30 frames (phase=teleop, target=30 Hz): mean=22.2 Hz, min=21.1 Hz (divide the recording run's mean by this one for the base over-rotation multiplier) | per-frame: arms_read=1ms  arms_write=2ms  base_read=20ms  base_write=20ms  cam:cam_high=0ms  cam:cam_left_wrist=0ms  cam:cam_right_wrist=0ms  other=1ms
INFO 2026-09-21 22:43:00 rate_log.py:205 Control loop rate over last 30 frames (phase=teleop, target=30 Hz): mean=22.1 Hz, min=21.3 Hz (divide the recording run's mean by this one for the base over-rotation multiplier) | per-frame: arms_read=1ms  arms_write=2ms  base_read=20ms  base_write=20ms  cam:cam_high=0ms  cam:cam_left_wrist=0ms  cam:cam_right_wrist=0ms  other=1ms
INFO 2026-09-21 22:43:01 rate_log.py:205 Control loop rate over last 30 frames (phase=teleop, target=30 Hz): mean=22.2 Hz, min=21.3 Hz (divide the recording run's mean by this one for the base over-rotation multiplier) | per-frame: arms_read=1ms  arms_write=2ms  base_read=20ms  base_write=20ms  cam:cam_high=0ms  cam:cam_left_wrist=0ms  cam:cam_right_wrist=0ms  other=1ms
INFO 2026-09-21 22:43:02 rate_log.py:205 Control loop rate over last 30 frames (phase=teleop, target=30 Hz): mean=22.2 Hz, min=21.4 Hz (divide the recording run's mean by this one for the base over-rotation multiplier) | per-frame: arms_read=1ms  arms_write=2ms  base_read=20ms  base_write=20ms  cam:cam_high=0ms  cam:cam_left_wrist=0ms  cam:cam_right_wrist=0ms  other=1ms
INFO 2026-09-21 22:43:04 rate_log.py:205 Control loop rate over last 30 frames (phase=teleop, target=30 Hz): mean=22.2 Hz, min=21.5 Hz (divide the recording run's mean by this one for the base over-rotation multiplier) | per-frame: arms_read=1ms  arms_write=2ms  base_read=20ms  base_write=20ms  cam:cam_high=0ms  cam:cam_left_wrist=0ms  cam:cam_right_wrist=0ms  other=1ms
INFO 2026-09-21 22:43:05 rate_log.py:205 Control loop rate over last 30 frames (phase=teleop, target=30 Hz): mean=22.4 Hz, min=21.5 Hz (divide the recording run's mean by this one for the base over-rotation multiplier) | per-frame: arms_read=1ms  arms_write=2ms  base_read=20ms  base_write=20ms  cam:cam_high=0ms  cam:cam_left_wrist=0ms  cam:cam_right_wrist=0ms  other=1ms
INFO 2026-09-21 22:43:07 rate_log.py:205 Control loop rate over last 30 frames (phase=teleop, target=30 Hz): mean=22.4 Hz, min=21.8 Hz (divide the recording run's mean by this one for the base over-rotation multiplier) | per-frame: arms_read=1ms  arms_write=2ms  base_read=20ms  base_write=20ms  cam:cam_high=0ms  cam:cam_left_wrist=0ms  cam:cam_right_wrist=0ms  other=1ms
INFO 2026-09-21 22:43:08 rate_log.py:205 Control loop rate over last 30 frames (phase=teleop, target=30 Hz): mean=22.3 Hz, min=21.5 Hz (divide the recording run's mean by this one for the base over-rotation multiplier) | per-frame: arms_read=1ms  arms_write=2ms  base_read=20ms  base_write=20ms  cam:cam_high=0ms  cam:cam_left_wrist=0ms  cam:cam_right_wrist=0ms  other=1ms
INFO 2026-09-21 22:43:09 rate_log.py:205 Control loop rate over last 30 frames (phase=teleop, target=30 Hz): mean=22.1 Hz, min=21.4 Hz (divide the recording run's mean by this one for the base over-rotation multiplier) | per-frame: arms_read=1ms  arms_write=2ms  base_read=20ms  base_write=20ms  cam:cam_high=0ms  cam:cam_left_wrist=0ms  cam:cam_right_wrist=0ms  other=1ms
INFO 2026-09-21 22:43:11 rate_log.py:205 Control loop rate over last 30 frames (phase=teleop, target=30 Hz): mean=22.0 Hz, min=21.1 Hz (divide the recording run's mean by this one for the base over-rotation multiplier) | per-frame: arms_read=1ms  arms_write=2ms  base_read=20ms  base_write=20ms  cam:cam_high=0ms  cam:cam_left_wrist=0ms  cam:cam_right_wrist=0ms  other=1ms
INFO 2026-09-21 22:43:12 rate_log.py:205 Control loop rate over last 30 frames (phase=teleop, target=30 Hz): mean=22.2 Hz, min=21.6 Hz (divide the recording run's mean by this one for the base over-rotation multiplier) | per-frame: arms_read=1ms  arms_write=2ms  base_read=20ms  base_write=20ms  cam:cam_high=0ms  cam:cam_left_wrist=0ms  cam:cam_right_wrist=0ms  other=1ms
INFO 2026-09-21 22:43:13 rate_log.py:205 Control loop rate over last 30 frames (phase=teleop, target=30 Hz): mean=22.4 Hz, min=21.8 Hz (divide the recording run's mean by this one for the base over-rotation multiplier) | per-frame: arms_read=1ms  arms_write=2ms  base_read=20ms  base_write=20ms  cam:cam_high=0ms  cam:cam_left_wrist=0ms  cam:cam_right_wrist=0ms  other=1ms
INFO 2026-09-21 22:43:15 rate_log.py:205 Control loop rate over last 30 frames (phase=teleop, target=30 Hz): mean=22.2 Hz, min=21.6 Hz (divide the recording run's mean by this one for the base over-rotation multiplier) | per-frame: arms_read=1ms  arms_write=2ms  base_read=20ms  base_write=20ms  cam:cam_high=0ms  cam:cam_left_wrist=0ms  cam:cam_right_wrist=0ms  other=1ms
INFO 2026-09-21 22:43:16 rate_log.py:205 Control loop rate over last 30 frames (phase=teleop, target=30 Hz): mean=22.2 Hz, min=21.4 Hz (divide the recording run's mean by this one for the base over-rotation multiplier) | per-frame: arms_read=1ms  arms_write=2ms  base_read=20ms  base_write=20ms  cam:cam_high=0ms  cam:cam_left_wrist=0ms  cam:cam_right_wrist=0ms  other=1ms
INFO 2026-09-21 22:43:17 rate_log.py:205 Control loop rate over last 30 frames (phase=teleop, target=30 Hz): mean=22.1 Hz, min=21.5 Hz (divide the recording run's mean by this one for the base over-rotation multiplier) | per-frame: arms_read=1ms  arms_write=2ms  base_read=20ms  base_write=20ms  cam:cam_high=0ms  cam:cam_left_wrist=0ms  cam:cam_right_wrist=0ms  other=1ms
INFO 2026-09-21 22:43:19 rate_log.py:205 Control loop rate over last 30 frames (phase=teleop, target=30 Hz): mean=22.2 Hz, min=21.5 Hz (divide the recording run's mean by this one for the base over-rotation multiplier) | per-frame: arms_read=1ms  arms_write=2ms  base_read=20ms  base_write=20ms  cam:cam_high=0ms  cam:cam_left_wrist=0ms  cam:cam_right_wrist=0ms  other=1ms
INFO 2026-09-21 22:43:20 rate_log.py:205 Control loop rate over last 30 frames (phase=teleop, target=30 Hz): mean=21.9 Hz, min=20.9 Hz (divide the recording run's mean by this one for the base over-rotation multiplier) | per-frame: arms_read=1ms  arms_write=2ms  base_read=20ms  base_write=20ms  cam:cam_high=0ms  cam:cam_left_wrist=0ms  cam:cam_right_wrist=0ms  other=1ms
INFO 2026-09-21 22:43:21 rate_log.py:205 Control loop rate over last 30 frames (phase=teleop, target=30 Hz): mean=22.2 Hz, min=21.3 Hz (divide the recording run's mean by this one for the base over-rotation multiplier) | per-frame: arms_read=1ms  arms_write=2ms  base_read=20ms  base_write=20ms  cam:cam_high=0ms  cam:cam_left_wrist=0ms  cam:cam_right_wrist=0ms  other=1ms
INFO 2026-09-21 22:43:22 ls/utils.py:227 Re-record episode
INFO 2026-09-21 22:43:22 ls/utils.py:227 Recording episode 0
INFO 2026-09-21 22:43:23 rate_log.py:205 Control loop rate over last 30 frames (phase=policy, target=30 Hz): mean=21.3 Hz, min=20.1 Hz (divide the recording run's mean by this one for the base over-rotation multiplier) | per-frame: arms_read=2ms  arms_write=2ms  base_read=21ms  base_write=20ms  cam:cam_high=0ms  cam:cam_left_wrist=0ms  cam:cam_right_wrist=0ms  other=1ms
INFO 2026-09-21 22:43:25 rate_log.py:205 Control loop rate over last 30 frames (phase=policy, target=30 Hz): mean=18.3 Hz, min=3.7 Hz (divide the recording run's mean by this one for the base over-rotation multiplier) | per-frame: arms_read=1ms  arms_write=2ms  base_read=21ms  base_write=20ms  cam:cam_high=0ms  cam:cam_left_wrist=0ms  cam:cam_right_wrist=0ms  other=10ms
INFO 2026-09-21 22:43:26 ls/utils.py:227 Stop recording
INFO 2026-09-21 22:43:29 ensemble.py:731 추론 18회 · 평균 234.2 ms (최악 502.9 ms) -> 동기로 돌렸다면 지속 가능한 제어 주파수 약 4 Hz
Reducing the number of VLM layers to 16 ...
Loading weights from local directory
Left arrow key pressed. Exiting loop and rerecord the last episode...
Left arrow key pressed. Exiting loop and rerecord the last episode...
Left arrow key pressed. Exiting loop and rerecord the last episode...
Left arrow key pressed. Exiting loop and rerecord the last episode...
Left arrow key pressed. Exiting loop and rerecord the last episode...
Left arrow key pressed. Exiting loop and rerecord the last episode...
Left arrow key pressed. Exiting loop and rerecord the last episode...
Traceback (most recent call last):
  File "/home/trossen-ai/NAJY/lerobot_trossen/.venv/lib/python3.11/site-packages/lerobot/scripts/lerobot_record.py", line 534, in record
    record_loop(
  File "/home/trossen-ai/NAJY/lerobot_trossen/packages/lerobot_robot_trossen/src/lerobot_robot_trossen/loop_rate_log.py", line 270, in record_loop
    return original(*args, **kwargs)
           ^^^^^^^^^^^^^^^^^^^^^^^^^
  File "/home/trossen-ai/NAJY/lerobot_trossen/.venv/lib/python3.11/site-packages/lerobot/datasets/image_writer.py", line 29, in wrapper
    return func(*args, **kwargs)
           ^^^^^^^^^^^^^^^^^^^^^
  File "/home/trossen-ai/NAJY/lerobot_trossen/.venv/lib/python3.11/site-packages/lerobot/scripts/lerobot_record.py", line 406, in record_loop
    _sent_action = robot.send_action(robot_action_to_send)
                   ^^^^^^^^^^^^^^^^^^^^^^^^^^^^^^^^^^^^^^^
  File "/home/trossen-ai/NAJY/lerobot_trossen/packages/lerobot_robot_trossen/src/lerobot_robot_trossen/mobileai.py", line 474, in send_action
    if not self.base.set_cmd_vel(action_base_x_vel, action_base_theta_vel):
           ^^^^^^^^^^^^^^^^^^^^^^^^^^^^^^^^^^^^^^^^^^^^^^^^^^^^^^^^^^^^^^^
KeyboardInterrupt

During handling of the above exception, another exception occurred:

Traceback (most recent call last):
  File "/home/trossen-ai/NAJY/lerobot_trossen/scripts/record_ensemble.py", line 735, in <module>
    main()
  File "/home/trossen-ai/NAJY/lerobot_trossen/scripts/record_ensemble.py", line 729, in main
    lerobot_record.main()
  File "/home/trossen-ai/NAJY/lerobot_trossen/.venv/lib/python3.11/site-packages/lerobot/scripts/lerobot_record.py", line 608, in main
    record()
  File "/home/trossen-ai/NAJY/lerobot_trossen/.venv/lib/python3.11/site-packages/lerobot/configs/parser.py", line 233, in wrapper_inner
    response = fn(cfg, *args, **kwargs)
               ^^^^^^^^^^^^^^^^^^^^^^^^
  File "/home/trossen-ai/NAJY/lerobot_trossen/.venv/lib/python3.11/site-packages/lerobot/scripts/lerobot_record.py", line 592, in record
    robot.disconnect()
  File "/home/trossen-ai/NAJY/lerobot_trossen/packages/lerobot_robot_trossen/src/lerobot_robot_trossen/mobileai.py", line 494, in disconnect
    self.arms.disconnect()
  File "/home/trossen-ai/NAJY/lerobot_trossen/packages/lerobot_robot_trossen/src/lerobot_robot_trossen/bi_widowxai_follower.py", line 165, in disconnect
    self.left_arm.disconnect()
  File "/home/trossen-ai/NAJY/lerobot_trossen/packages/lerobot_robot_trossen/src/lerobot_robot_trossen/widowxai_follower.py", line 312, in disconnect
    self.driver.set_all_positions(
KeyboardInterrupt
terminate called without an active exception
terminate called without an active exception
