INFO 2026-09-21 23:31:22 bs_patch.py:207 Patched prepare_observation_for_inference to convert images on the device (LEROBOT_FAST_OBS) (rebound in: lerobot.utils.control_utils).
INFO 2026-09-21 23:31:22 rt_utils.py:160 Imported third-party plugin: lerobot_teleoperator_trossen
INFO 2026-09-21 23:31:22 rt_utils.py:160 Imported third-party plugin: lerobot_robot_trossen
INFO 2026-09-21 23:31:22 rt_utils.py:160 Imported third-party plugin: lerobot_robot_trossen
INFO 2026-09-21 23:31:22 rt_utils.py:160 Imported third-party plugin: lerobot_teleoperator_trossen
INFO 2026-09-21 23:31:22 ensemble.py:997 등록된 robot.type: bi_openarm_follower, bi_so_follower, bi_widowxai_follower_robot, earthrover_mini_plus, hope_jr_arm, hope_jr_hand, koch_follower, mobileai_robot, omx_follower, openarm_follower, reachy2, so100_follower, so101_follower, unitree_g1, widowxai_follower_robot
INFO 2026-09-21 23:31:22 ensemble.py:997 등록된 teleop.type: bi_openarm_leader, bi_so_leader, bi_widowxai_leader_teleop, homunculus_arm, homunculus_glove, keyboard, keyboard_ee, keyboard_rover, koch_leader, mobileai_leader_teleop, omx_leader, openarm_leader, openarm_mini, reachy2_teleoperator, so100_leader, so101_leader, unitree_g1, widowxai_leader_teleop
INFO 2026-09-21 23:31:22 nsemble.py:1046 commit=50: 워커는 쉬지 않고 추론하고, 로봇은 청크 하나를 50 스텝 실행한 뒤 그 사이 도착한 청크들의 가중평균으로 크로스페이드해 갈아탄다 (TA, coeff 적용)
INFO 2026-09-21 23:31:22 nsemble.py:1055 샘플링 조정: 초기 노이즈 x0.9, 추론당 노이즈 샘플 1개 평균
INFO 2026-09-21 23:31:22 nsemble.py:1061 temporal ensembling 활성화 (coeff=-0.3, every=1, async/process, align=on, amp=bf16). 추론은 전용 스레드·CUDA 스트림에서 돌고 제어 루프는 안 멈춘다. 매 제어 스텝마다 새 청크를 요청하고, 도착한 청크는 비행 중 흘러간 스텝만큼 앞을 잘라 맞춘 뒤 겹치는 구간을 가중 평균한다.
INFO 2026-09-21 23:31:22 rt_utils.py:160 Imported third-party plugin: lerobot_teleoperator_trossen
INFO 2026-09-21 23:31:22 rt_utils.py:160 Imported third-party plugin: lerobot_robot_trossen
INFO 2026-09-21 23:31:22 rt_utils.py:160 Imported third-party plugin: lerobot_robot_trossen
INFO 2026-09-21 23:31:22 rt_utils.py:160 Imported third-party plugin: lerobot_teleoperator_trossen
INFO 2026-09-21 23:31:25 t_record.py:435 {'dataset': {'encoder_queue_maxsize': 30,
             'encoder_threads': None,
             'episode_time_s': 60,
             'fps': 30,
             'num_episodes': 1,
             'num_image_writer_processes': 0,
             'num_image_writer_threads_per_camera': 4,
             'private': False,
             'push_to_hub': False,
             'rename_map': {},
             'repo_id': 'kiroaiseoul/eval_foundation_smolvla_v1',
             'reset_time_s': 30,
             'root': None,
             'single_task': 'Grab and shake the filled beaker, t fridge',
             'streaming_encoding': False,
             'tags': None,
             'vcodec': 'libsvtav1',
             'video': True,
             'video_encoding_batch_size': 1},
 'display_compressed_images': False,
 'display_data': False,
 'display_ip': None,
 'display_port': None,
 'play_sounds': True,
 'policy': {'adapt_to_pi_aloha': False,
            'add_image_special_tokens': False,
            'attention_mode': 'cross_attn',
            'chunk_size': 50,
            'compile_mode': 'max-autotune',
            'compile_model': False,
            'device': 'cuda',
            'empty_cameras': 0,
            'expert_width_multiplier': 0.75,
            'freeze_vision_encoder': True,
            'input_features': {'observation.images.cam_high': {'shape': (3,
                                                                         480,
                                                                         640),
                                                               'type': <FeatureType.VISUAL: 'VISUAL'>},
                               'observation.images.cam_left_wrist': {'shape': (3,
                                                                               480,
                                                                               640),
                                                                     'type': <FeatureType.VISUAL: 'VISUAL'>},
                               'observation.images.cam_right_wrist': {'shape': (3,
                                                                                480,
                                                                                640),
                                                                      'type': <FeatureType.VISUAL: 'VISUAL'>},
                               'observation.state': {'shape': (16,),
                                                     'type': <FeatureType.STATE: 'STATE'>}},
            'license': None,
            'load_vlm_weights': False,
            'max_action_dim': 32,
            'max_period': 4.0,
            'max_state_dim': 32,
            'min_period': 0.004,
            'n_action_steps': 50,
            'n_obs_steps': 1,
            'normalization_mapping': {'ACTION': <NormalizationMode.MEAN_STD: 'MEAN_STD'>,
                                      'STATE': <NormalizationMode.MEAN_STD: 'MEAN_STD'>,
                                      'VISUAL': <NormalizationMode.IDENTITY: 'IDENTITY'>},
            'num_expert_layers': -1,
            'num_steps': 10,
            'num_vlm_layers': 16,
            'optimizer_betas': (0.9, 0.95),
            'optimizer_eps': 1e-08,
            'optimizer_grad_clip_norm': 10.0,
            'optimizer_lr': 1e-05,
            'optimizer_weight_decay': 1e-10,
            'output_features': {'action': {'shape': (16,),
                                           'type': <FeatureType.ACTION: 'ACTION'>}},
            'pad_language_to': 'longest',
            'prefix_length': -1,
            'pretrained_path': '/home/trossen-ai/daehee/models/smolvla_190k_30k_aug_80k_kirogist/pretrained_model',
            'private': None,
            'push_to_hub': False,
            'repo_id': None,
            'resize_imgs_with_padding': (512, 512),
            'rtc_config': None,
            'scheduler_decay_lr': 5e-07,
            'scheduler_decay_steps': 112000,
            'scheduler_warmup_steps': 1000,
            'self_attn_every_n_layers': 2,
            'tags': None,
            'tokenizer_max_length': 48,
            'train_expert_only': True,
            'train_state_proj': True,
            'use_amp': False,
            'use_cache': True,
            'use_delta_joint_actions_aloha': False,
            'use_peft': False,
            'vlm_model_name': 'HuggingFaceTB/SmolVLM2-500M-Video-Instruct'},
 'resume': False,
 'robot': {'calibration_dir': None,
           'cameras': {'cam_high': {'color_mode': <ColorMode.RGB: 'rgb'>,
                                    'fps': 30,
                                    'height': 480,
                                    'rotation': <Cv2Rotation.NO_ROTATION: 0>,
                                    'serial_number_or_name': '230422273501',
                                    'use_depth': False,
                                    'warmup_s': 1,
                                    'width': 640},
                       'cam_left_wrist': {'color_mode': <ColorMode.RGB: 'rgb'>,
                                          'fps': 30,
                                          'height': 480,
                                          'rotation': <Cv2Rotation.NO_ROTATION: 0>,
                                          'serial_number_or_name': '230422271234',
                                          'use_depth': False,
                                          'warmup_s': 1,
                                          'width': 640},
                       'cam_right_wrist': {'color_mode': <ColorMode.RGB: 'rgb'>,
                                           'fps': 30,
                                           'height': 480,
                                           'rotation': <Cv2Rotation.NO_ROTATION: 0>,
                                           'serial_number_or_name': '230322274369',
                                           'use_depth': False,
                                           'warmup_s': 1,
                                           'width': 640}},
           'enable_base_motor_torque': True,
           'estop_check': True,
           'id': 'follower',
           'include_base_in_state': True,
           'include_effort': False,
           'include_external_effort': False,
           'include_velocity': False,
           'left_arm_ip_address': '192.168.1.5',
           'left_arm_max_relative_target': 0.1,
           'loop_rate': 30,
           'min_time_to_move_multiplier': 3.0,
           'right_arm_ip_address': '192.168.1.4',
           'right_arm_max_relative_target': 0.1,
           'velocity_safety_factor': 0.4},
 'teleop': {'calibration_dir': None,
            'id': 'leader',
            'left_arm_ip_address': '192.168.1.3',
            'right_arm_ip_address': '192.168.1.2'}}
INFO 2026-09-21 23:31:25 eo_utils.py:106 Using video codec: libsvtav1
You have video processor config saved in `preprocessor.json` file which is deprecated. Video processor configs should be saved in their own `video_preprocessor.json` file. You can rename the file or load and save the processor back which renames it automatically. Loading from `preprocessor.json` will be removed in v5.0.
Reducing the number of VLM layers to 16 ...
INFO 2026-09-21 23:31:38 follower.py:100 Connecting to the arm controller's TCP server at 192.168.1.5:50001
INFO 2026-09-21 23:31:38 follower.py:100 Connecting to the arm controller's UDP server at 192.168.1.5:50000
INFO 2026-09-21 23:31:38 follower.py:100 Driver version: 'v1.9.0'
INFO 2026-09-21 23:31:38 follower.py:100 Controller firmware version: 'v1.9.1'
INFO 2026-09-21 23:31:40 follower.py:141 192.168.1.5 joint velocity_max (rad/s; m/s for the gripper carriage): joint_0=6.283185, joint_1=6.283185, joint_2=6.283185, joint_3=9.424778, joint_4=9.424778, joint_5=9.424778, left_carriage_joint=0.250000
INFO 2026-09-21 23:31:40 follower.py:113 None WidowXAIFollower connected.
INFO 2026-09-21 23:31:40 follower.py:100 Connecting to the arm controller's TCP server at 192.168.1.4:50001
INFO 2026-09-21 23:31:40 follower.py:100 Connecting to the arm controller's UDP server at 192.168.1.4:50000
INFO 2026-09-21 23:31:40 follower.py:100 Driver version: 'v1.9.0'
INFO 2026-09-21 23:31:40 follower.py:100 Controller firmware version: 'v1.9.1'
INFO 2026-09-21 23:31:42 follower.py:141 192.168.1.4 joint velocity_max (rad/s; m/s for the gripper carriage): joint_0=6.283185, joint_1=6.283185, joint_2=6.283185, joint_3=9.424778, joint_4=9.424778, joint_5=9.424778, left_carriage_joint=0.250000
INFO 2026-09-21 23:31:42 follower.py:113 None WidowXAIFollower connected.
INFO 2026-09-21 23:31:44 ealsense.py:202 RealSenseCamera(230422273501) connected.
INFO 2026-09-21 23:31:45 ealsense.py:202 RealSenseCamera(230422271234) connected.
INFO 2026-09-21 23:31:46 ealsense.py:202 RealSenseCamera(230322274369) connected.
INFO 2026-09-21 23:31:46 ai_leader.py:46 Connecting to the arm controller's TCP server at 192.168.1.3:50001
INFO 2026-09-21 23:31:46 ai_leader.py:46 Connecting to the arm controller's UDP server at 192.168.1.3:50000
INFO 2026-09-21 23:31:46 ai_leader.py:46 Driver version: 'v1.9.0'
INFO 2026-09-21 23:31:46 ai_leader.py:46 Controller firmware version: 'v1.9.1'
INFO 2026-09-21 23:31:48 ai_leader.py:56 leader_left WidowXAILeaderTeleop connected.
INFO 2026-09-21 23:31:48 ai_leader.py:46 Connecting to the arm controller's TCP server at 192.168.1.2:50001
INFO 2026-09-21 23:31:48 ai_leader.py:46 Connecting to the arm controller's UDP server at 192.168.1.2:50000
INFO 2026-09-21 23:31:48 ai_leader.py:46 Driver version: 'v1.9.0'
INFO 2026-09-21 23:31:48 ai_leader.py:46 Controller firmware version: 'v1.9.1'
You have video processor config saved in `preprocessor.json` file which is deprecated. Video processor configs should be saved in their own `video_preprocessor.json` file. You can rename the file or load and save the processor back which renames it automatically. Loading from `preprocessor.json` will be removed in v5.0.
INFO 2026-09-21 23:31:50 ai_leader.py:56 leader_right WidowXAILeaderTeleop connected.
INFO 2026-09-21 23:31:50 t_record.py:526 Streaming encoding is disabled. If you have capable hardware, consider enabling it for way faster episode saving. --dataset.streaming_encoding=true --dataset.encoder_threads=2 # --dataset.vcodec=auto. More info in the documentation: https://huggingface.co/docs/lerobot/streaming_video_encoding
INFO 2026-09-21 23:31:50 ls/utils.py:227 Recording episode 0
INFO 2026-09-21 23:31:50 bs_patch.py:125 GPU-side observation preprocessing is active (converting images on the device instead of the CPU). Disable with LEROBOT_FAST_OBS=0.
WARNING 2026-09-21 23:31:53 ts/utils.py:113 Relative goal position magnitude had to be clamped to be safe.
{   'joint_4': {   'original goal_pos': -0.25506824254989624,
                   'safe goal_pos': -0.2356145590543747}}
INFO 2026-09-21 23:31:54 rate_log.py:205 Control loop rate over last 30 frames (phase=policy, target=30 Hz): mean=20.8 Hz, min=16.9 Hz (divide the recording run's mean by this one for the base over-rotation multiplier) | per-frame: arms_read=1ms  arms_write=2ms  base_read=21ms  base_write=21ms  cam:cam_high=0ms  cam:cam_left_wrist=0ms  cam:cam_right_wrist=0ms  other=3ms
WARNING 2026-09-21 23:31:54 ts/utils.py:113 Relative goal position magnitude had to be clamped to be safe.
{   'joint_3': {   'original goal_pos': 0.16214020550251007,
                   'safe goal_pos': 0.18477150201797485}}
WARNING 2026-09-21 23:31:55 ts/utils.py:113 Relative goal position magnitude had to be clamped to be safe.
{   'joint_3': {   'original goal_pos': 0.27929434180259705,
                   'safe goal_pos': 0.2787212938070297}}
WARNING 2026-09-21 23:31:55 ts/utils.py:113 Relative goal position magnitude had to be clamped to be safe.
{   'joint_4': {   'original goal_pos': 0.21091040968894958,
                   'safe goal_pos': 0.15092698708176613}}
WARNING 2026-09-21 23:31:55 ts/utils.py:113 Relative goal position magnitude had to be clamped to be safe.
{   'joint_3': {   'original goal_pos': 0.18225696682929993,
                   'safe goal_pos': 0.2591592311859131},
    'joint_4': {   'original goal_pos': -0.43286043405532837,
                   'safe goal_pos': -0.4221561014652252}}
WARNING 2026-09-21 23:31:55 ts/utils.py:113 Relative goal position magnitude had to be clamped to be safe.
{   'joint_4': {   'original goal_pos': 0.23406782746315002,
                   'safe goal_pos': 0.18258945494890214}}
WARNING 2026-09-21 23:31:55 ts/utils.py:113 Relative goal position magnitude had to be clamped to be safe.
{   'joint_3': {   'original goal_pos': 0.18055513501167297,
                   'safe goal_pos': 0.20270084738731384}}
INFO 2026-09-21 23:31:55 rate_log.py:205 Control loop rate over last 30 frames (phase=policy, target=30 Hz): mean=20.7 Hz, min=19.2 Hz (divide the recording run's mean by this one for the base over-rotation multiplier) | per-frame: arms_read=2ms  arms_write=2ms  base_read=21ms  base_write=21ms  cam:cam_high=0ms  cam:cam_left_wrist=0ms  cam:cam_right_wrist=0ms  other=3ms
INFO 2026-09-21 23:31:57 rate_log.py:205 Control loop rate over last 30 frames (phase=policy, target=30 Hz): mean=20.7 Hz, min=19.6 Hz (divide the recording run's mean by this one for the base over-rotation multiplier) | per-frame: arms_read=1ms  arms_write=2ms  base_read=21ms  base_write=21ms  cam:cam_high=0ms  cam:cam_left_wrist=0ms  cam:cam_right_wrist=0ms  other=3ms
WARNING 2026-09-21 23:31:57 ts/utils.py:113 Relative goal position magnitude had to be clamped to be safe.
{   'joint_3': {   'original goal_pos': 0.01688864827156067,
                   'safe goal_pos': 0.05354390442371368},
    'joint_4': {   'original goal_pos': -0.1858234405517578,
                   'safe goal_pos': -0.2889143168926239}}
WARNING 2026-09-21 23:31:57 ts/utils.py:113 Relative goal position magnitude had to be clamped to be safe.
{   'joint_4': {   'original goal_pos': -0.2020626962184906,
                   'safe goal_pos': -0.26449989676475527}}
WARNING 2026-09-21 23:31:57 ts/utils.py:113 Relative goal position magnitude had to be clamped to be safe.
{   'joint_1': {   'original goal_pos': 1.1683710813522339,
                   'safe goal_pos': 1.0489204287528993},
    'joint_3': {   'original goal_pos': 0.34616079926490784,
                   'safe goal_pos': 0.14825665801763535},
    'joint_4': {   'original goal_pos': -0.38748684525489807,
                   'safe goal_pos': -0.355016416311264}}
WARNING 2026-09-21 23:31:57 ts/utils.py:113 Relative goal position magnitude had to be clamped to be safe.
{   'joint_1': {   'original goal_pos': 1.1784168481826782,
                   'safe goal_pos': 1.0882124066352845},
    'joint_3': {   'original goal_pos': 0.34051546454429626,
                   'safe goal_pos': 0.19250781685113907}}
WARNING 2026-09-21 23:31:57 ts/utils.py:113 Relative goal position magnitude had to be clamped to be safe.
{   'joint_1': {   'original goal_pos': 1.188520908355713,
                   'safe goal_pos': 1.1587854385375977},
    'joint_3': {   'original goal_pos': 0.34576985239982605,
                   'safe goal_pos': 0.27185473442077634}}
WARNING 2026-09-21 23:31:57 ts/utils.py:113 Relative goal position magnitude had to be clamped to be safe.
{   'joint_3': {   'original goal_pos': 0.35679054260253906,
                   'safe goal_pos': 0.2802472025156021}}
WARNING 2026-09-21 23:31:57 ts/utils.py:113 Relative goal position magnitude had to be clamped to be safe.
{   'joint_3': {   'original goal_pos': 0.36679837107658386,
                   'safe goal_pos': 0.3622644305229187}}
INFO 2026-09-21 23:31:58 rate_log.py:205 Control loop rate over last 30 frames (phase=policy, target=30 Hz): mean=20.9 Hz, min=19.7 Hz (divide the recording run's mean by this one for the base over-rotation multiplier) | per-frame: arms_read=2ms  arms_write=2ms  base_read=21ms  base_write=21ms  cam:cam_high=0ms  cam:cam_left_wrist=0ms  cam:cam_right_wrist=0ms  other=3ms
WARNING 2026-09-21 23:31:59 ts/utils.py:113 Relative goal position magnitude had to be clamped to be safe.
{   'joint_1': {   'original goal_pos': 1.436564564704895,
                   'safe goal_pos': 1.3113755941390992},
    'joint_5': {   'original goal_pos': 0.24045981466770172,
                   'safe goal_pos': 0.1875486359000206}}
WARNING 2026-09-21 23:31:59 ts/utils.py:113 Relative goal position magnitude had to be clamped to be safe.
{   'joint_1': {   'original goal_pos': 1.43256413936615,
                   'safe goal_pos': 1.354482388496399},
    'joint_5': {   'original goal_pos': 0.30758190155029297,
                   'safe goal_pos': 0.22951095402240754}}
WARNING 2026-09-21 23:31:59 ts/utils.py:113 Relative goal position magnitude had to be clamped to be safe.
{   'joint_1': {   'original goal_pos': 1.1699117422103882,
                   'safe goal_pos': 1.2746471405029296},
    'joint_3': {   'original goal_pos': 0.39708614349365234,
                   'safe goal_pos': 0.41174944639205935},
    'joint_5': {   'original goal_pos': -0.0064815497025847435,
                   'safe goal_pos': 0.1470054179430008}}
WARNING 2026-09-21 23:31:59 ts/utils.py:113 Relative goal position magnitude had to be clamped to be safe.
{   'joint_1': {   'original goal_pos': 1.1716136932373047,
                   'safe goal_pos': 1.2544288873672484},
    'joint_3': {   'original goal_pos': 0.3853093385696411,
                   'safe goal_pos': 0.39343863129615786},
    'joint_5': {   'original goal_pos': -0.013927037827670574,
                   'safe goal_pos': 0.12373540699481964}}
WARNING 2026-09-21 23:31:59 ts/utils.py:113 Relative goal position magnitude had to be clamped to be safe.
{   'joint_5': {   'original goal_pos': -0.014176664873957634,
                   'safe goal_pos': 0.034470134973525995}}
WARNING 2026-09-21 23:31:59 ts/utils.py:113 Relative goal position magnitude had to be clamped to be safe.
{   'joint_5': {   'original goal_pos': -0.021256541833281517,
                   'safe goal_pos': -0.006347751617431646}}
INFO 2026-09-21 23:32:00 rate_log.py:205 Control loop rate over last 30 frames (phase=policy, target=30 Hz): mean=20.7 Hz, min=19.3 Hz (divide the recording run's mean by this one for the base over-rotation multiplier) | per-frame: arms_read=2ms  arms_write=2ms  base_read=21ms  base_write=20ms  cam:cam_high=0ms  cam:cam_left_wrist=0ms  cam:cam_right_wrist=0ms  other=3ms
INFO 2026-09-21 23:32:01 rate_log.py:205 Control loop rate over last 30 frames (phase=policy, target=30 Hz): mean=20.9 Hz, min=19.6 Hz (divide the recording run's mean by this one for the base over-rotation multiplier) | per-frame: arms_read=2ms  arms_write=2ms  base_read=21ms  base_write=21ms  cam:cam_high=0ms  cam:cam_left_wrist=0ms  cam:cam_right_wrist=0ms  other=3ms
WARNING 2026-09-21 23:32:01 ts/utils.py:113 Relative goal position magnitude had to be clamped to be safe.
{   'joint_1': {   'original goal_pos': 1.3771072626113892,
                   'safe goal_pos': 1.3483787536621095}}
WARNING 2026-09-21 23:32:01 ts/utils.py:113 Relative goal position magnitude had to be clamped to be safe.
{   'joint_1': {   'original goal_pos': 1.1532601118087769,
                   'safe goal_pos': 1.2769359588623046},
    'joint_2': {   'original goal_pos': 0.7284830808639526,
                   'safe goal_pos': 0.7367666006088257},
    'joint_3': {   'original goal_pos': 0.3223108649253845,
                   'safe goal_pos': 0.34613564014434817}}
WARNING 2026-09-21 23:32:01 ts/utils.py:113 Relative goal position magnitude had to be clamped to be safe.
{   'joint_1': {   'original goal_pos': 1.1338164806365967,
                   'safe goal_pos': 1.249469780921936}}
WARNING 2026-09-21 23:32:01 ts/utils.py:113 Relative goal position magnitude had to be clamped to be safe.
{   'joint_1': {   'original goal_pos': 1.138213872909546,
                   'safe goal_pos': 1.1659265995025634}}
INFO 2026-09-21 23:32:02 rate_log.py:205 Control loop rate over last 30 frames (phase=policy, target=30 Hz): mean=20.8 Hz, min=19.9 Hz (divide the recording run's mean by this one for the base over-rotation multiplier) | per-frame: arms_read=1ms  arms_write=2ms  base_read=21ms  base_write=21ms  cam:cam_high=0ms  cam:cam_left_wrist=0ms  cam:cam_right_wrist=0ms  other=3ms
INFO 2026-09-21 23:32:04 rate_log.py:205 Control loop rate over last 30 frames (phase=policy, target=30 Hz): mean=20.7 Hz, min=19.9 Hz (divide the recording run's mean by this one for the base over-rotation multiplier) | per-frame: arms_read=2ms  arms_write=2ms  base_read=21ms  base_write=21ms  cam:cam_high=0ms  cam:cam_left_wrist=0ms  cam:cam_right_wrist=0ms  other=3ms
INFO 2026-09-21 23:32:05 rate_log.py:205 Control loop rate over last 30 frames (phase=policy, target=30 Hz): mean=20.7 Hz, min=19.5 Hz (divide the recording run's mean by this one for the base over-rotation multiplier) | per-frame: arms_read=2ms  arms_write=2ms  base_read=21ms  base_write=21ms  cam:cam_high=0ms  cam:cam_left_wrist=0ms  cam:cam_right_wrist=0ms  other=3ms
WARNING 2026-09-21 23:32:05 ts/utils.py:113 Relative goal position magnitude had to be clamped to be safe.
{   'joint_3': {   'original goal_pos': 0.41470980644226074,
                   'safe goal_pos': 0.30275425910949705}}
WARNING 2026-09-21 23:32:06 ts/utils.py:113 Relative goal position magnitude had to be clamped to be safe.
{   'joint_3': {   'original goal_pos': 0.38338300585746765,
                   'safe goal_pos': 0.2997024416923523}}
WARNING 2026-09-21 23:32:06 ts/utils.py:113 Relative goal position magnitude had to be clamped to be safe.
{   'joint_4': {   'original goal_pos': -0.16216924786567688,
                   'safe goal_pos': -0.1551232174038887}}
INFO 2026-09-21 23:32:07 rate_log.py:205 Control loop rate over last 30 frames (phase=policy, target=30 Hz): mean=20.8 Hz, min=19.5 Hz (divide the recording run's mean by this one for the base over-rotation multiplier) | per-frame: arms_read=2ms  arms_write=2ms  base_read=21ms  base_write=21ms  cam:cam_high=0ms  cam:cam_left_wrist=0ms  cam:cam_right_wrist=0ms  other=3ms
WARNING 2026-09-21 23:32:08 ts/utils.py:113 Relative goal position magnitude had to be clamped to be safe.
{   'joint_2': {   'original goal_pos': 0.6111705899238586,
                   'safe goal_pos': 0.6181277275085449}}
WARNING 2026-09-21 23:32:08 ts/utils.py:113 Relative goal position magnitude had to be clamped to be safe.
{   'joint_2': {   'original goal_pos': 0.7286775708198547,
                   'safe goal_pos': 0.721614396572113}}
INFO 2026-09-21 23:32:08 rate_log.py:205 Control loop rate over last 30 frames (phase=policy, target=30 Hz): mean=20.7 Hz, min=19.5 Hz (divide the recording run's mean by this one for the base over-rotation multiplier) | per-frame: arms_read=2ms  arms_write=2ms  base_read=21ms  base_write=21ms  cam:cam_high=0ms  cam:cam_left_wrist=0ms  cam:cam_right_wrist=0ms  other=3ms
INFO 2026-09-21 23:32:10 rate_log.py:205 Control loop rate over last 30 frames (phase=policy, target=30 Hz): mean=20.7 Hz, min=19.2 Hz (divide the recording run's mean by this one for the base over-rotation multiplier) | per-frame: arms_read=2ms  arms_write=2ms  base_read=21ms  base_write=20ms  cam:cam_high=0ms  cam:cam_left_wrist=0ms  cam:cam_right_wrist=0ms  other=3ms
INFO 2026-09-21 23:32:10 ls/utils.py:227 Reset the environment
WARNING 2026-09-21 23:32:10 ts/utils.py:113 Relative goal position magnitude had to be clamped to be safe.
{   'joint_0': {   'original goal_pos': -0.026512550190091133,
                   'safe goal_pos': -0.02504005134105683},
    'joint_1': {   'original goal_pos': 1.1182955503463745,
                   'safe goal_pos': 0.9497368097305298},
    'joint_2': {   'original goal_pos': 0.5312047004699707,
                   'safe goal_pos': 0.51294726729393},
    'joint_3': {   'original goal_pos': 0.2920195460319519,
                   'safe goal_pos': 0.3537651538848877},
    'joint_4': {   'original goal_pos': 0.02079041674733162,
                   'safe goal_pos': 0.21300067901611328}}
WARNING 2026-09-21 23:32:10 ts/utils.py:113 Relative goal position magnitude had to be clamped to be safe.
{   'joint_0': {   'original goal_pos': -0.005912871100008488,
                   'safe goal_pos': 0.45905240774154665},
    'joint_2': {   'original goal_pos': 0.5167086124420166,
                   'safe goal_pos': 0.6051575779914856},
    'joint_3': {   'original goal_pos': 0.05855649709701538,
                   'safe goal_pos': 0.2404669165611267},
    'joint_4': {   'original goal_pos': -0.008201723918318748,
                   'safe goal_pos': -0.24695202112197875}}
INFO 2026-09-21 23:32:10 follower.py:288 pacing[192.168.1.4] FIRED goal_time=125.5ms max_delta=0.1000@joint_3 avg_v=0.797 deltas=[0.1000,0.0637,0.1000,0.1000,0.1000,0.0294,0.0125]
WARNING 2026-09-21 23:32:10 ts/utils.py:113 Relative goal position magnitude had to be clamped to be safe.
{   'joint_1': {   'original goal_pos': 1.114862322807312,
                   'safe goal_pos': 0.9783474564552307},
    'joint_3': {   'original goal_pos': 0.2931639552116394,
                   'safe goal_pos': 0.30150302648544314},
    'joint_4': {   'original goal_pos': 0.021553369238972664,
                   'safe goal_pos': 0.1904936373233795}}
WARNING 2026-09-21 23:32:10 ts/utils.py:113 Relative goal position magnitude had to be clamped to be safe.
{   'joint_0': {   'original goal_pos': -0.005531395319849253,
                   'safe goal_pos': 0.4350194573402405},
    'joint_2': {   'original goal_pos': 0.5144197940826416,
                   'safe goal_pos': 0.5799801588058472},
    'joint_3': {   'original goal_pos': 0.05054550990462303,
                   'safe goal_pos': 0.19659724235534667},
    'joint_4': {   'original goal_pos': -0.008201723918318748,
                   'safe goal_pos': -0.22253757119178771}}
INFO 2026-09-21 23:32:10 follower.py:288 pacing[192.168.1.4] FIRED goal_time=134.4ms max_delta=0.1000@joint_3 avg_v=0.744 deltas=[0.1000,0.0477,0.1000,0.1000,0.1000,0.0149,0.0134]
WARNING 2026-09-21 23:32:10 ts/utils.py:113 Relative goal position magnitude had to be clamped to be safe.
{   'joint_1': {   'original goal_pos': 1.1167696714401245,
                   'safe goal_pos': 1.0504463076591493},
    'joint_4': {   'original goal_pos': 0.020027466118335724,
                   'safe goal_pos': 0.10466163754463195}}
WARNING 2026-09-21 23:32:10 ts/utils.py:113 Relative goal position magnitude had to be clamped to be safe.
{   'joint_0': {   'original goal_pos': -0.005531395319849253,
                   'safe goal_pos': 0.38123139142990115},
    'joint_2': {   'original goal_pos': 0.5148012638092041,
                   'safe goal_pos': 0.5208514571189881},
    'joint_3': {   'original goal_pos': 0.05436026677489281,
                   'safe goal_pos': 0.13517967760562896},
    'joint_4': {   'original goal_pos': -0.00858320016413927,
                   'safe goal_pos': -0.17218279242515563}}
INFO 2026-09-21 23:32:10 follower.py:288 pacing[192.168.1.4] FIRED goal_time=103.5ms max_delta=0.1000@joint_3 avg_v=0.966 deltas=[0.1000,0.0122,0.1000,0.1000,0.1000,0.0061,0.0103]
WARNING 2026-09-21 23:32:10 ts/utils.py:113 Relative goal position magnitude had to be clamped to be safe.
{   'joint_1': {   'original goal_pos': 1.123636245727539,
                   'safe goal_pos': 1.1038528442382813},
    'joint_4': {   'original goal_pos': 0.021553369238972664,
                   'safe goal_pos': 0.06193637251853942}}
WARNING 2026-09-21 23:32:10 ts/utils.py:113 Relative goal position magnitude had to be clamped to be safe.
{   'joint_0': {   'original goal_pos': -0.005531395319849253,
                   'safe goal_pos': 0.3266803860664368},
    'joint_3': {   'original goal_pos': 0.05245288833975792,
                   'safe goal_pos': 0.10618753135204315},
    'joint_4': {   'original goal_pos': -0.00858320016413927,
                   'safe goal_pos': -0.11915769577026367}}
WARNING 2026-09-21 23:32:10 ts/utils.py:113 Relative goal position magnitude had to be clamped to be safe.
{   'joint_0': {   'original goal_pos': -0.010109102353453636,
                   'safe goal_pos': 0.26755168437957766},
    'joint_4': {   'original goal_pos': -0.004386968910694122,
                   'safe goal_pos': -0.05774014592170715}}
WARNING 2026-09-21 23:32:10 ts/utils.py:113 Relative goal position magnitude had to be clamped to be safe.
{   'joint_0': {   'original goal_pos': -0.010490577667951584,
                   'safe goal_pos': 0.2110933005809784}}
WARNING 2026-09-21 23:32:10 ts/utils.py:113 Relative goal position magnitude had to be clamped to be safe.
{   'joint_0': {   'original goal_pos': -0.012779430486261845,
                   'safe goal_pos': 0.15349050760269164}}
WARNING 2026-09-21 23:32:10 ts/utils.py:113 Relative goal position magnitude had to be clamped to be safe.
{   'joint_0': {   'original goal_pos': -0.016594186425209045,
                   'safe goal_pos': 0.09550621509552001}}
WARNING 2026-09-21 23:32:10 ts/utils.py:113 Relative goal position magnitude had to be clamped to be safe.
{   'joint_0': {   'original goal_pos': -0.01430533267557621,
                   'safe goal_pos': 0.035233074426650995}}
INFO 2026-09-21 23:32:11 rate_log.py:205 Control loop rate over last 30 frames (phase=teleop, target=30 Hz): mean=22.2 Hz, min=21.4 Hz (divide the recording run's mean by this one for the base over-rotation multiplier) | per-frame: arms_read=1ms  arms_write=2ms  base_read=21ms  base_write=20ms  cam:cam_high=0ms  cam:cam_left_wrist=0ms  cam:cam_right_wrist=0ms  other=0ms
Process ensemble-inference:
Traceback (most recent call last):
  File "/home/trossen-ai/.local/share/uv/python/cpython-3.11.15-linux-x86_64-gnu/lib/python3.11/multiprocessing/process.py", line 314, in _bootstrap
    self.run()
  File "/home/trossen-ai/.local/share/uv/python/cpython-3.11.15-linux-x86_64-gnu/lib/python3.11/multiprocessing/process.py", line 108, in run
    self._target(*self._args, **self._kwargs)
  File "/home/trossen-ai/NAJY/lerobot_trossen/scripts/record_ensemble.py", line 244, in _proc_main
    msg = requests.get()
          ^^^^^^^^^^^^^^
  File "/home/trossen-ai/.local/share/uv/python/cpython-3.11.15-linux-x86_64-gnu/lib/python3.11/multiprocessing/queues.py", line 103, in get
    res = self._recv_bytes()
          ^^^^^^^^^^^^^^^^^^
  File "/home/trossen-ai/.local/share/uv/python/cpython-3.11.15-linux-x86_64-gnu/lib/python3.11/multiprocessing/connection.py", line 216, in recv_bytes
    buf = self._recv_bytes(maxlength)
          ^^^^^^^^^^^^^^^^^^^^^^^^^^^
  File "/home/trossen-ai/.local/share/uv/python/cpython-3.11.15-linux-x86_64-gnu/lib/python3.11/multiprocessing/connection.py", line 430, in _recv_bytes
    buf = self._recv(4)
          ^^^^^^^^^^^^^
  File "/home/trossen-ai/.local/share/uv/python/cpython-3.11.15-linux-x86_64-gnu/lib/python3.11/multiprocessing/connection.py", line 395, in _recv
    chunk = read(handle, remaining)
            ^^^^^^^^^^^^^^^^^^^^^^^
KeyboardInterrupt
Reducing the number of VLM layers to 16 ...
Loading weights from local directory
INFO 2026-09-21 23:32:12 ls/utils.py:227 Stop recording
INFO 2026-09-21 23:32:18 follower.py:328 None WidowXAIFollower disconnected.
INFO 2026-09-21 23:32:22 follower.py:328 None WidowXAIFollower disconnected.
INFO 2026-09-21 23:32:22 ealsense.py:639 RealSenseCamera(230422273501) disconnected.
INFO 2026-09-21 23:32:22 ealsense.py:639 RealSenseCamera(230422271234) disconnected.
INFO 2026-09-21 23:32:23 ealsense.py:639 RealSenseCamera(230322274369) disconnected.
INFO 2026-09-21 23:32:27 i_leader.py:122 leader_left WidowXAILeaderTeleop disconnected.
INFO 2026-09-21 23:32:31 i_leader.py:122 leader_right WidowXAILeaderTeleop disconnected.
INFO 2026-09-21 23:32:31 ls/utils.py:227 Exiting
INFO 2026-09-21 23:32:31 nsemble.py:1076 추론 122회 · 평균 112.7 ms (최악 390.5 ms) -> 동기로 돌렸다면 지속 가능한 제어 주파수 약 9 Hz · 비행 중 지연 평균 3.0 스텝 (최악 3) · 프로세스 워커: 제출(관측 복사) 평균 0.9 ms/회 | 내역: 큐 대기 1.3 ms (최악 10.5)
Loading weights from local directory
Left arrow key pressed. Exiting loop and rerecord the last episode...
Traceback (most recent call last):
  File "/home/trossen-ai/NAJY/lerobot_trossen/scripts/record_ensemble.py", line 1080, in <module>
    main()
  File "/home/trossen-ai/NAJY/lerobot_trossen/scripts/record_ensemble.py", line 1074, in main
    lerobot_record.main()
  File "/home/trossen-ai/NAJY/lerobot_trossen/.venv/lib/python3.11/site-packages/lerobot/scripts/lerobot_record.py", line 608, in main
    record()
  File "/home/trossen-ai/NAJY/lerobot_trossen/.venv/lib/python3.11/site-packages/lerobot/configs/parser.py", line 233, in wrapper_inner
    response = fn(cfg, *args, **kwargs)
               ^^^^^^^^^^^^^^^^^^^^^^^^
  File "/home/trossen-ai/NAJY/lerobot_trossen/.venv/lib/python3.11/site-packages/lerobot/scripts/lerobot_record.py", line 563, in record
    record_loop(
  File "/home/trossen-ai/NAJY/lerobot_trossen/packages/lerobot_robot_trossen/src/lerobot_robot_trossen/loop_rate_log.py", line 270, in record_loop
    return original(*args, **kwargs)
           ^^^^^^^^^^^^^^^^^^^^^^^^^
  File "/home/trossen-ai/NAJY/lerobot_trossen/.venv/lib/python3.11/site-packages/lerobot/datasets/image_writer.py", line 29, in wrapper
    return func(*args, **kwargs)
           ^^^^^^^^^^^^^^^^^^^^^
  File "/home/trossen-ai/NAJY/lerobot_trossen/.venv/lib/python3.11/site-packages/lerobot/scripts/lerobot_record.py", line 348, in record_loop
    obs = robot.get_observation()
          ^^^^^^^^^^^^^^^^^^^^^^^
  File "/home/trossen-ai/NAJY/lerobot_trossen/packages/lerobot_robot_trossen/src/lerobot_robot_trossen/mobileai.py", line 416, in get_observation
    if not self.base.update_state():
           ^^^^^^^^^^^^^^^^^^^^^^^^
KeyboardInterrupt
