INFO 2026-09-21 23:52:50 bs_patch.py:207 Patched prepare_observation_for_inference to convert images on the device (LEROBOT_FAST_OBS) (rebound in: lerobot.utils.control_utils).
INFO 2026-09-21 23:52:50 rt_utils.py:160 Imported third-party plugin: lerobot_teleoperator_trossen
INFO 2026-09-21 23:52:50 rt_utils.py:160 Imported third-party plugin: lerobot_robot_trossen
INFO 2026-09-21 23:52:50 rt_utils.py:160 Imported third-party plugin: lerobot_robot_trossen
INFO 2026-09-21 23:52:50 rt_utils.py:160 Imported third-party plugin: lerobot_teleoperator_trossen
INFO 2026-09-21 23:52:50 ensemble.py:997 등록된 robot.type: bi_openarm_follower, bi_so_follower, bi_widowxai_follower_robot, earthrover_mini_plus, hope_jr_arm, hope_jr_hand, koch_follower, mobileai_robot, omx_follower, openarm_follower, reachy2, so100_follower, so101_follower, unitree_g1, widowxai_follower_robot
INFO 2026-09-21 23:52:50 ensemble.py:997 등록된 teleop.type: bi_openarm_leader, bi_so_leader, bi_widowxai_leader_teleop, homunculus_arm, homunculus_glove, keyboard, keyboard_ee, keyboard_rover, koch_leader, mobileai_leader_teleop, omx_leader, openarm_leader, openarm_mini, reachy2_teleoperator, so100_leader, so101_leader, unitree_g1, widowxai_leader_teleop
INFO 2026-09-21 23:52:50 nsemble.py:1046 commit=30: 워커는 쉬지 않고 추론하고, 로봇은 청크 하나를 30 스텝 실행한 뒤 그 사이 도착한 청크들의 가중평균으로 크로스페이드해 갈아탄다 (TA, coeff 적용)
INFO 2026-09-21 23:52:50 nsemble.py:1055 샘플링 조정: 초기 노이즈 x0.9, 추론당 노이즈 샘플 2개 평균
INFO 2026-09-21 23:52:50 nsemble.py:1061 temporal ensembling 활성화 (coeff=-1.5, every=1, async/process, align=on, amp=bf16). 추론은 전용 스레드·CUDA 스트림에서 돌고 제어 루프는 안 멈춘다. 매 제어 스텝마다 새 청크를 요청하고, 도착한 청크는 비행 중 흘러간 스텝만큼 앞을 잘라 맞춘 뒤 겹치는 구간을 가중 평균한다.
INFO 2026-09-21 23:52:50 rt_utils.py:160 Imported third-party plugin: lerobot_teleoperator_trossen
INFO 2026-09-21 23:52:50 rt_utils.py:160 Imported third-party plugin: lerobot_robot_trossen
INFO 2026-09-21 23:52:50 rt_utils.py:160 Imported third-party plugin: lerobot_robot_trossen
INFO 2026-09-21 23:52:50 rt_utils.py:160 Imported third-party plugin: lerobot_teleoperator_trossen
INFO 2026-09-21 23:52:53 t_record.py:435 {'dataset': {'encoder_queue_maxsize': 30,
             'encoder_threads': None,
             'episode_time_s': 60,
             'fps': 30,
             'num_episodes': 1,
             'num_image_writer_processes': 0,
             'num_image_writer_threads_per_camera': 4,
             'private': False,
             'push_to_hub': False,
             'rename_map': {},
             'repo_id': 'kiroaiseoul/eval_foundation_smolvla_v1',
             'reset_time_s': 30,
             'root': None,
             'single_task': 'Grab and shake the filled beaker, then move to '
                            'the front of the fridge',
             'streaming_encoding': False,
             'tags': None,
             'vcodec': 'libsvtav1',
             'video': True,
             'video_encoding_batch_size': 1},
 'display_compressed_images': False,
 'display_data': False,
 'display_ip': None,
 'display_port': None,
 'play_sounds': True,
 'policy': {'adapt_to_pi_aloha': False,
            'add_image_special_tokens': False,
            'attention_mode': 'cross_attn',
            'chunk_size': 50,
            'compile_mode': 'max-autotune',
            'compile_model': False,
            'device': 'cuda',
            'empty_cameras': 0,
            'expert_width_multiplier': 0.75,
            'freeze_vision_encoder': True,
            'input_features': {'observation.images.cam_high': {'shape': (3,
                                                                         480,
                                                                         640),
                                                               'type': <FeatureType.VISUAL: 'VISUAL'>},
                               'observation.images.cam_left_wrist': {'shape': (3,
                                                                               480,
                                                                               640),
                                                                     'type': <FeatureType.VISUAL: 'VISUAL'>},
                               'observation.images.cam_right_wrist': {'shape': (3,
                                                                                480,
                                                                                640),
                                                                      'type': <FeatureType.VISUAL: 'VISUAL'>},
                               'observation.state': {'shape': (16,),
                                                     'type': <FeatureType.STATE: 'STATE'>}},
            'license': None,
            'load_vlm_weights': False,
            'max_action_dim': 32,
            'max_period': 4.0,
            'max_state_dim': 32,
            'min_period': 0.004,
            'n_action_steps': 50,
            'n_obs_steps': 1,
            'normalization_mapping': {'ACTION': <NormalizationMode.MEAN_STD: 'MEAN_STD'>,
                                      'STATE': <NormalizationMode.MEAN_STD: 'MEAN_STD'>,
                                      'VISUAL': <NormalizationMode.IDENTITY: 'IDENTITY'>},
            'num_expert_layers': -1,
            'num_steps': 15,
            'num_vlm_layers': 16,
            'optimizer_betas': (0.9, 0.95),
            'optimizer_eps': 1e-08,
            'optimizer_grad_clip_norm': 10.0,
            'optimizer_lr': 1e-05,
            'optimizer_weight_decay': 1e-10,
            'output_features': {'action': {'shape': (16,),
                                           'type': <FeatureType.ACTION: 'ACTION'>}},
            'pad_language_to': 'longest',
            'prefix_length': -1,
            'pretrained_path': '/home/trossen-ai/daehee/models/smolvla_190k_30k_aug_80k_kirogist/pretrained_model',
            'private': None,
            'push_to_hub': False,
            'repo_id': None,
            'resize_imgs_with_padding': (512, 512),
            'rtc_config': None,
            'scheduler_decay_lr': 5e-07,
            'scheduler_decay_steps': 112000,
            'scheduler_warmup_steps': 1000,
            'self_attn_every_n_layers': 2,
            'tags': None,
            'tokenizer_max_length': 48,
            'train_expert_only': True,
            'train_state_proj': True,
            'use_amp': False,
            'use_cache': True,
            'use_delta_joint_actions_aloha': False,
            'use_peft': False,
            'vlm_model_name': 'HuggingFaceTB/SmolVLM2-500M-Video-Instruct'},
 'resume': False,
 'robot': {'calibration_dir': None,
           'cameras': {'cam_high': {'color_mode': <ColorMode.RGB: 'rgb'>,
                                    'fps': 30,
                                    'height': 480,
                                    'rotation': <Cv2Rotation.NO_ROTATION: 0>,
                                    'serial_number_or_name': '230422273501',
                                    'use_depth': False,
                                    'warmup_s': 1,
                                    'width': 640},
                       'cam_left_wrist': {'color_mode': <ColorMode.RGB: 'rgb'>,
                                          'fps': 30,
                                          'height': 480,
                                          'rotation': <Cv2Rotation.NO_ROTATION: 0>,
                                          'serial_number_or_name': '230422271234',
                                          'use_depth': False,
                                          'warmup_s': 1,
                                          'width': 640},
                       'cam_right_wrist': {'color_mode': <ColorMode.RGB: 'rgb'>,
                                           'fps': 30,
                                           'height': 480,
                                           'rotation': <Cv2Rotation.NO_ROTATION: 0>,
                                           'serial_number_or_name': '230322274369',
                                           'use_depth': False,
                                           'warmup_s': 1,
                                           'width': 640}},
           'enable_base_motor_torque': True,
           'estop_check': True,
           'id': 'follower',
           'include_base_in_state': True,
           'include_effort': False,
           'include_external_effort': False,
           'include_velocity': False,
           'left_arm_ip_address': '192.168.1.5',
           'left_arm_max_relative_target': 0.1,
           'loop_rate': 30,
           'min_time_to_move_multiplier': 3.0,
           'right_arm_ip_address': '192.168.1.4',
           'right_arm_max_relative_target': 0.1,
           'velocity_safety_factor': 0.4},
 'teleop': {'calibration_dir': None,
            'id': 'leader',
            'left_arm_ip_address': '192.168.1.3',
            'right_arm_ip_address': '192.168.1.2'}}
INFO 2026-09-21 23:52:53 eo_utils.py:106 Using video codec: libsvtav1
You have video processor config saved in `preprocessor.json` file which is deprecated. Video processor configs should be saved in their own `video_preprocessor.json` file. You can rename the file or load and save the processor back which renames it automatically. Loading from `preprocessor.json` will be removed in v5.0.
Reducing the number of VLM layers to 16 ...
INFO 2026-09-21 23:53:07 follower.py:100 Connecting to the arm controller's TCP server at 192.168.1.5:50001
INFO 2026-09-21 23:53:07 follower.py:100 Connecting to the arm controller's UDP server at 192.168.1.5:50000
INFO 2026-09-21 23:53:07 follower.py:100 Driver version: 'v1.9.0'
INFO 2026-09-21 23:53:07 follower.py:100 Controller firmware version: 'v1.9.1'
INFO 2026-09-21 23:53:09 follower.py:141 192.168.1.5 joint velocity_max (rad/s; m/s for the gripper carriage): joint_0=6.283185, joint_1=6.283185, joint_2=6.283185, joint_3=9.424778, joint_4=9.424778, joint_5=9.424778, left_carriage_joint=0.250000
INFO 2026-09-21 23:53:09 follower.py:113 None WidowXAIFollower connected.
INFO 2026-09-21 23:53:09 follower.py:100 Connecting to the arm controller's TCP server at 192.168.1.4:50001
INFO 2026-09-21 23:53:09 follower.py:100 Connecting to the arm controller's UDP server at 192.168.1.4:50000
INFO 2026-09-21 23:53:09 follower.py:100 Driver version: 'v1.9.0'
INFO 2026-09-21 23:53:09 follower.py:100 Controller firmware version: 'v1.9.1'
INFO 2026-09-21 23:53:11 follower.py:141 192.168.1.4 joint velocity_max (rad/s; m/s for the gripper carriage): joint_0=6.283185, joint_1=6.283185, joint_2=6.283185, joint_3=9.424778, joint_4=9.424778, joint_5=9.424778, left_carriage_joint=0.250000
INFO 2026-09-21 23:53:11 follower.py:113 None WidowXAIFollower connected.
INFO 2026-09-21 23:53:12 ealsense.py:202 RealSenseCamera(230422273501) connected.
INFO 2026-09-21 23:53:13 ealsense.py:202 RealSenseCamera(230422271234) connected.
INFO 2026-09-21 23:53:14 ealsense.py:202 RealSenseCamera(230322274369) connected.
INFO 2026-09-21 23:53:14 ai_leader.py:46 Connecting to the arm controller's TCP server at 192.168.1.3:50001
INFO 2026-09-21 23:53:14 ai_leader.py:46 Connecting to the arm controller's UDP server at 192.168.1.3:50000
INFO 2026-09-21 23:53:14 ai_leader.py:46 Driver version: 'v1.9.0'
INFO 2026-09-21 23:53:14 ai_leader.py:46 Controller firmware version: 'v1.9.1'
INFO 2026-09-21 23:53:16 ai_leader.py:56 leader_left WidowXAILeaderTeleop connected.
INFO 2026-09-21 23:53:16 ai_leader.py:46 Connecting to the arm controller's TCP server at 192.168.1.2:50001
INFO 2026-09-21 23:53:16 ai_leader.py:46 Connecting to the arm controller's UDP server at 192.168.1.2:50000
INFO 2026-09-21 23:53:16 ai_leader.py:46 Driver version: 'v1.9.0'
INFO 2026-09-21 23:53:16 ai_leader.py:46 Controller firmware version: 'v1.9.1'
You have video processor config saved in `preprocessor.json` file which is deprecated. Video processor configs should be saved in their own `video_preprocessor.json` file. You can rename the file or load and save the processor back which renames it automatically. Loading from `preprocessor.json` will be removed in v5.0.
INFO 2026-09-21 23:53:19 ai_leader.py:56 leader_right WidowXAILeaderTeleop connected.
INFO 2026-09-21 23:53:19 t_record.py:526 Streaming encoding is disabled. If you have capable hardware, consider enabling it for way faster episode saving. --dataset.streaming_encoding=true --dataset.encoder_threads=2 # --dataset.vcodec=auto. More info in the documentation: https://huggingface.co/docs/lerobot/streaming_video_encoding
INFO 2026-09-21 23:53:19 ls/utils.py:227 Recording episode 0
INFO 2026-09-21 23:53:19 bs_patch.py:125 GPU-side observation preprocessing is active (converting images on the device instead of the CPU). Disable with LEROBOT_FAST_OBS=0.
INFO 2026-09-21 23:53:22 rate_log.py:205 Control loop rate over last 30 frames (phase=policy, target=30 Hz): mean=20.8 Hz, min=16.5 Hz (divide the recording run's mean by this one for the base over-rotation multiplier) | per-frame: arms_read=1ms  arms_write=2ms  base_read=21ms  base_write=20ms  cam:cam_high=0ms  cam:cam_left_wrist=0ms  cam:cam_right_wrist=0ms  other=3ms
INFO 2026-09-21 23:53:24 rate_log.py:205 Control loop rate over last 30 frames (phase=policy, target=30 Hz): mean=20.9 Hz, min=19.1 Hz (divide the recording run's mean by this one for the base over-rotation multiplier) | per-frame: arms_read=1ms  arms_write=2ms  base_read=21ms  base_write=21ms  cam:cam_high=0ms  cam:cam_left_wrist=0ms  cam:cam_right_wrist=0ms  other=3ms
INFO 2026-09-21 23:53:25 rate_log.py:205 Control loop rate over last 30 frames (phase=policy, target=30 Hz): mean=20.8 Hz, min=19.5 Hz (divide the recording run's mean by this one for the base over-rotation multiplier) | per-frame: arms_read=1ms  arms_write=2ms  base_read=21ms  base_write=21ms  cam:cam_high=0ms  cam:cam_left_wrist=0ms  cam:cam_right_wrist=0ms  other=4ms
WARNING 2026-09-21 23:53:26 ts/utils.py:113 Relative goal position magnitude had to be clamped to be safe.
{   'joint_1': {   'original goal_pos': 1.8698110580444336,
                   'safe goal_pos': 1.8679483890533448}}
WARNING 2026-09-21 23:53:26 ts/utils.py:113 Relative goal position magnitude had to be clamped to be safe.
{   'joint_1': {   'original goal_pos': 1.9397542476654053,
                   'safe goal_pos': 1.9255512714385987}}
WARNING 2026-09-21 23:53:26 ts/utils.py:113 Relative goal position magnitude had to be clamped to be safe.
{   'joint_1': {   'original goal_pos': 1.9999226331710815,
                   'safe goal_pos': 1.9900206089019776}}
WARNING 2026-09-21 23:53:26 ts/utils.py:113 Relative goal position magnitude had to be clamped to be safe.
{   'joint_1': {   'original goal_pos': 2.0588912963867188,
                   'safe goal_pos': 2.051056718826294}}
INFO 2026-09-21 23:53:27 rate_log.py:205 Control loop rate over last 30 frames (phase=policy, target=30 Hz): mean=20.8 Hz, min=19.3 Hz (divide the recording run's mean by this one for the base over-rotation multiplier) | per-frame: arms_read=2ms  arms_write=2ms  base_read=21ms  base_write=20ms  cam:cam_high=0ms  cam:cam_left_wrist=0ms  cam:cam_right_wrist=0ms  other=3ms
INFO 2026-09-21 23:53:28 rate_log.py:205 Control loop rate over last 30 frames (phase=policy, target=30 Hz): mean=20.9 Hz, min=19.9 Hz (divide the recording run's mean by this one for the base over-rotation multiplier) | per-frame: arms_read=1ms  arms_write=2ms  base_read=21ms  base_write=21ms  cam:cam_high=0ms  cam:cam_left_wrist=0ms  cam:cam_right_wrist=0ms  other=3ms
INFO 2026-09-21 23:53:30 rate_log.py:205 Control loop rate over last 30 frames (phase=policy, target=30 Hz): mean=20.9 Hz, min=19.8 Hz (divide the recording run's mean by this one for the base over-rotation multiplier) | per-frame: arms_read=1ms  arms_write=2ms  base_read=21ms  base_write=21ms  cam:cam_high=0ms  cam:cam_left_wrist=0ms  cam:cam_right_wrist=0ms  other=3ms
WARNING 2026-09-21 23:53:30 ts/utils.py:113 Relative goal position magnitude had to be clamped to be safe.
{   'joint_1': {   'original goal_pos': 1.8515255451202393,
                   'safe goal_pos': 1.8518196582794189}}
INFO 2026-09-21 23:53:31 rate_log.py:205 Control loop rate over last 30 frames (phase=policy, target=30 Hz): mean=20.8 Hz, min=19.7 Hz (divide the recording run's mean by this one for the base over-rotation multiplier) | per-frame: arms_read=1ms  arms_write=2ms  base_read=21ms  base_write=21ms  cam:cam_high=0ms  cam:cam_left_wrist=0ms  cam:cam_right_wrist=0ms  other=3ms
INFO 2026-09-21 23:53:33 rate_log.py:205 Control loop rate over last 30 frames (phase=policy, target=30 Hz): mean=20.6 Hz, min=19.3 Hz (divide the recording run's mean by this one for the base over-rotation multiplier) | per-frame: arms_read=2ms  arms_write=2ms  base_read=21ms  base_write=21ms  cam:cam_high=0ms  cam:cam_left_wrist=0ms  cam:cam_right_wrist=0ms  other=3ms
INFO 2026-09-21 23:53:34 rate_log.py:205 Control loop rate over last 30 frames (phase=policy, target=30 Hz): mean=20.8 Hz, min=19.5 Hz (divide the recording run's mean by this one for the base over-rotation multiplier) | per-frame: arms_read=1ms  arms_write=2ms  base_read=21ms  base_write=21ms  cam:cam_high=0ms  cam:cam_left_wrist=0ms  cam:cam_right_wrist=0ms  other=3ms
INFO 2026-09-21 23:53:35 rate_log.py:205 Control loop rate over last 30 frames (phase=policy, target=30 Hz): mean=20.7 Hz, min=19.5 Hz (divide the recording run's mean by this one for the base over-rotation multiplier) | per-frame: arms_read=2ms  arms_write=2ms  base_read=21ms  base_write=21ms  cam:cam_high=0ms  cam:cam_left_wrist=0ms  cam:cam_right_wrist=0ms  other=3ms
INFO 2026-09-21 23:53:37 rate_log.py:205 Control loop rate over last 30 frames (phase=policy, target=30 Hz): mean=20.6 Hz, min=19.2 Hz (divide the recording run's mean by this one for the base over-rotation multiplier) | per-frame: arms_read=2ms  arms_write=2ms  base_read=21ms  base_write=21ms  cam:cam_high=0ms  cam:cam_left_wrist=0ms  cam:cam_right_wrist=0ms  other=3ms
INFO 2026-09-21 23:53:38 rate_log.py:205 Control loop rate over last 30 frames (phase=policy, target=30 Hz): mean=21.0 Hz, min=18.7 Hz (divide the recording run's mean by this one for the base over-rotation multiplier) | per-frame: arms_read=1ms  arms_write=2ms  base_read=21ms  base_write=21ms  cam:cam_high=0ms  cam:cam_left_wrist=0ms  cam:cam_right_wrist=0ms  other=3ms
INFO 2026-09-21 23:53:39 ls/utils.py:227 Reset the environment
WARNING 2026-09-21 23:53:39 ts/utils.py:113 Relative goal position magnitude had to be clamped to be safe.
{   'joint_4': {   'original goal_pos': -0.000572213320992887,
                   'safe goal_pos': 0.06422522068023681}}
WARNING 2026-09-21 23:53:39 ts/utils.py:113 Relative goal position magnitude had to be clamped to be safe.
{   'joint_0': {   'original goal_pos': 0.00019073777366429567,
                   'safe goal_pos': 0.2912031650543213},
    'joint_1': {   'original goal_pos': 1.0545891523361206,
                   'safe goal_pos': 1.345983052253723},
    'joint_2': {   'original goal_pos': 0.5224307775497437,
                   'safe goal_pos': 0.5780728101730347},
    'joint_3': {   'original goal_pos': 0.290112167596817,
                   'safe goal_pos': 0.6028687000274658},
    'joint_4': {   'original goal_pos': -0.0078202486038208,
                   'safe goal_pos': -0.13403525352478027}}
WARNING 2026-09-21 23:53:39 ts/utils.py:113 Relative goal position magnitude had to be clamped to be safe.
{   'joint_4': {   'original goal_pos': -0.000572213320992887,
                   'safe goal_pos': 0.04171816408634185}}
WARNING 2026-09-21 23:53:39 ts/utils.py:113 Relative goal position magnitude had to be clamped to be safe.
{   'joint_0': {   'original goal_pos': 0.00019073777366429567,
                   'safe goal_pos': 0.25420003533363345},
    'joint_1': {   'original goal_pos': 1.0545891523361206,
                   'safe goal_pos': 1.318898344039917},
    'joint_2': {   'original goal_pos': 0.5220493078231812,
                   'safe goal_pos': 0.5490806341171265},
    'joint_3': {   'original goal_pos': 0.28667888045310974,
                   'safe goal_pos': 0.5834134459495545},
    'joint_4': {   'original goal_pos': -0.008201723918318748,
                   'safe goal_pos': -0.0802472025156021}}
WARNING 2026-09-21 23:53:39 ts/utils.py:113 Relative goal position magnitude had to be clamped to be safe.
{   'joint_0': {   'original goal_pos': 0.00019073777366429567,
                   'safe goal_pos': 0.19659724235534667},
    'joint_1': {   'original goal_pos': 1.0488669872283936,
                   'safe goal_pos': 1.2433661460876464},
    'joint_3': {   'original goal_pos': 0.2809567451477051,
                   'safe goal_pos': 0.507118308544159},
    'joint_4': {   'original goal_pos': -0.008201723918318748,
                   'safe goal_pos': -0.047821769118309015}}
WARNING 2026-09-21 23:53:39 ts/utils.py:113 Relative goal position magnitude had to be clamped to be safe.
{   'joint_0': {   'original goal_pos': 0.0009536888683214784,
                   'safe goal_pos': 0.13975738883018493},
    'joint_1': {   'original goal_pos': 1.0481040477752686,
                   'safe goal_pos': 1.194537305831909},
    'joint_3': {   'original goal_pos': 0.29926756024360657,
                   'safe goal_pos': 0.4647745728492737}}
WARNING 2026-09-21 23:53:39 ts/utils.py:113 Relative goal position magnitude had to be clamped to be safe.
{   'joint_0': {   'original goal_pos': 0.0009536888683214784,
                   'safe goal_pos': 0.07948424816131591},
    'joint_1': {   'original goal_pos': 1.0648889541625977,
                   'safe goal_pos': 1.1357900142669677},
    'joint_3': {   'original goal_pos': 0.2935454249382019,
                   'safe goal_pos': 0.4022125840187073}}
WARNING 2026-09-21 23:53:39 ts/utils.py:113 Relative goal position magnitude had to be clamped to be safe.
{   'joint_0': {   'original goal_pos': 0.001716639962978661,
                   'safe goal_pos': 0.019974061846733088},
    'joint_1': {   'original goal_pos': 1.0515373945236206,
                   'safe goal_pos': 1.0766613721847533},
    'joint_3': {   'original goal_pos': 0.2958342730998993,
                   'safe goal_pos': 0.33163958191871645}}
INFO 2026-09-21 23:53:41 rate_log.py:205 Control loop rate over last 30 frames (phase=teleop, target=30 Hz): mean=22.3 Hz, min=21.3 Hz (divide the recording run's mean by this one for the base over-rotation multiplier) | per-frame: arms_read=1ms  arms_write=2ms  base_read=21ms  base_write=20ms  cam:cam_high=0ms  cam:cam_left_wrist=0ms  cam:cam_right_wrist=0ms  other=0ms
WARNING 2026-09-21 23:53:41 ts/utils.py:113 Relative goal position magnitude had to be clamped to be safe.
{   'joint_4': {   'original goal_pos': 0.14858472347259521,
                   'safe goal_pos': 0.1406271442770958}}
WARNING 2026-09-21 23:53:41 ts/utils.py:113 Relative goal position magnitude had to be clamped to be safe.
{   'joint_4': {   'original goal_pos': -0.25577935576438904,
                   'safe goal_pos': -0.17724879682064057}}
WARNING 2026-09-21 23:53:41 ts/utils.py:113 Relative goal position magnitude had to be clamped to be safe.
{   'joint_3': {   'original goal_pos': 0.6738765835762024,
                   'safe goal_pos': 0.6472266674041748},
    'joint_4': {   'original goal_pos': 0.2607385218143463,
                   'safe goal_pos': 0.18564125746488572}}
WARNING 2026-09-21 23:53:41 ts/utils.py:113 Relative goal position magnitude had to be clamped to be safe.
{   'joint_4': {   'original goal_pos': -0.4186694025993347,
                   'safe goal_pos': -0.23866636157035828}}
WARNING 2026-09-21 23:53:41 ts/utils.py:113 Relative goal position magnitude had to be clamped to be safe.
{   'joint_3': {   'original goal_pos': 0.7631418108940125,
                   'safe goal_pos': 0.7078813076019287},
    'joint_4': {   'original goal_pos': 0.3919661343097687,
                   'safe goal_pos': 0.24744029939174653}}
WARNING 2026-09-21 23:53:41 ts/utils.py:113 Relative goal position magnitude had to be clamped to be safe.
{   'joint_4': {   'original goal_pos': -0.5903334021568298,
                   'safe goal_pos': -0.2943617910146713}}
WARNING 2026-09-21 23:53:41 ts/utils.py:113 Relative goal position magnitude had to be clamped to be safe.
{   'joint_3': {   'original goal_pos': 0.8501182794570923,
                   'safe goal_pos': 0.7643396615982055},
    'joint_4': {   'original goal_pos': 0.4987792670726776,
                   'safe goal_pos': 0.30275425910949705}}
WARNING 2026-09-21 23:53:41 ts/utils.py:113 Relative goal position magnitude had to be clamped to be safe.
{   'joint_4': {   'original goal_pos': -0.7291905283927917,
                   'safe goal_pos': -0.35196459889411924}}
WARNING 2026-09-21 23:53:41 ts/utils.py:113 Relative goal position magnitude had to be clamped to be safe.
{   'joint_3': {   'original goal_pos': 0.9302281141281128,
                   'safe goal_pos': 0.8192721366882324},
    'joint_4': {   'original goal_pos': 0.5518043637275696,
                   'safe goal_pos': 0.3611200213432312}}
WARNING 2026-09-21 23:53:41 ts/utils.py:113 Relative goal position magnitude had to be clamped to be safe.
{   'joint_4': {   'original goal_pos': -0.8009079098701477,
                   'safe goal_pos': -0.41071183085441587}}
WARNING 2026-09-21 23:53:41 ts/utils.py:113 Relative goal position magnitude had to be clamped to be safe.
{   'joint_3': {   'original goal_pos': 0.9988937377929688,
                   'safe goal_pos': 0.876493489742279},
    'joint_4': {   'original goal_pos': 0.5445563197135925,
                   'safe goal_pos': 0.41528952717781065}}
WARNING 2026-09-21 23:53:41 ts/utils.py:113 Relative goal position magnitude had to be clamped to be safe.
{   'joint_4': {   'original goal_pos': -0.7990005612373352,
                   'safe goal_pos': -0.4675516843795776}}
WARNING 2026-09-21 23:53:41 ts/utils.py:113 Relative goal position magnitude had to be clamped to be safe.
{   'joint_3': {   'original goal_pos': 1.052681803703308,
                   'safe goal_pos': 0.9321889042854309},
    'joint_4': {   'original goal_pos': 0.5033569931983948,
                   'safe goal_pos': 0.4732738196849823}}
WARNING 2026-09-21 23:53:41 ts/utils.py:113 Relative goal position magnitude had to be clamped to be safe.
{   'joint_4': {   'original goal_pos': -0.7600900530815125,
                   'safe goal_pos': -0.5236285984516144}}
WARNING 2026-09-21 23:53:41 ts/utils.py:113 Relative goal position magnitude had to be clamped to be safe.
{   'joint_3': {   'original goal_pos': 1.0919737815856934,
                   'safe goal_pos': 0.9871213793754577}}
WARNING 2026-09-21 23:53:41 ts/utils.py:113 Relative goal position magnitude had to be clamped to be safe.
{   'joint_4': {   'original goal_pos': -0.7001983523368835,
                   'safe goal_pos': -0.5785610735416412}}
WARNING 2026-09-21 23:53:41 ts/utils.py:113 Relative goal position magnitude had to be clamped to be safe.
{   'joint_3': {   'original goal_pos': 1.11295485496521,
                   'safe goal_pos': 1.0451056718826295}}
WARNING 2026-09-21 23:53:41 ts/utils.py:113 Relative goal position magnitude had to be clamped to be safe.
{   'joint_1': {   'original goal_pos': 1.4478904008865356,
                   'safe goal_pos': 1.446036434173584},
    'joint_4': {   'original goal_pos': -0.6464102864265442,
                   'safe goal_pos': -0.633875048160553}}
WARNING 2026-09-21 23:53:41 ts/utils.py:113 Relative goal position magnitude had to be clamped to be safe.
{   'joint_3': {   'original goal_pos': 1.117914080619812,
                   'safe goal_pos': 1.1034713745117188}}
WARNING 2026-09-21 23:53:41 ts/utils.py:113 Relative goal position magnitude had to be clamped to be safe.
{   'joint_1': {   'original goal_pos': 1.506637692451477,
                   'safe goal_pos': 1.504402256011963}}
WARNING 2026-09-21 23:53:41 ts/utils.py:113 Relative goal position magnitude had to be clamped to be safe.
{   'joint_1': {   'original goal_pos': 1.566529393196106,
                   'safe goal_pos': 1.5620050191879273}}
INFO 2026-09-21 23:53:42 rate_log.py:205 Control loop rate over last 30 frames (phase=teleop, target=30 Hz): mean=22.3 Hz, min=21.4 Hz (divide the recording run's mean by this one for the base over-rotation multiplier) | per-frame: arms_read=1ms  arms_write=2ms  base_read=20ms  base_write=20ms  cam:cam_high=0ms  cam:cam_left_wrist=0ms  cam:cam_right_wrist=0ms  other=1ms
INFO 2026-09-21 23:53:43 rate_log.py:205 Control loop rate over last 30 frames (phase=teleop, target=30 Hz): mean=22.2 Hz, min=21.4 Hz (divide the recording run's mean by this one for the base over-rotation multiplier) | per-frame: arms_read=1ms  arms_write=2ms  base_read=20ms  base_write=20ms  cam:cam_high=0ms  cam:cam_left_wrist=0ms  cam:cam_right_wrist=0ms  other=1ms
INFO 2026-09-21 23:53:44 ls/utils.py:227 Re-record episode
INFO 2026-09-21 23:53:44 ls/utils.py:227 Recording episode 0
INFO 2026-09-21 23:53:45 rate_log.py:205 Control loop rate over last 30 frames (phase=policy, target=30 Hz): mean=20.8 Hz, min=19.3 Hz (divide the recording run's mean by this one for the base over-rotation multiplier) | per-frame: arms_read=1ms  arms_write=2ms  base_read=21ms  base_write=21ms  cam:cam_high=0ms  cam:cam_left_wrist=0ms  cam:cam_right_wrist=0ms  other=3ms
INFO 2026-09-21 23:53:47 rate_log.py:205 Control loop rate over last 30 frames (phase=policy, target=30 Hz): mean=20.8 Hz, min=19.3 Hz (divide the recording run's mean by this one for the base over-rotation multiplier) | per-frame: arms_read=1ms  arms_write=2ms  base_read=21ms  base_write=21ms  cam:cam_high=0ms  cam:cam_left_wrist=0ms  cam:cam_right_wrist=0ms  other=3ms
INFO 2026-09-21 23:53:48 rate_log.py:205 Control loop rate over last 30 frames (phase=policy, target=30 Hz): mean=21.0 Hz, min=20.0 Hz (divide the recording run's mean by this one for the base over-rotation multiplier) | per-frame: arms_read=1ms  arms_write=2ms  base_read=21ms  base_write=21ms  cam:cam_high=0ms  cam:cam_left_wrist=0ms  cam:cam_right_wrist=0ms  other=3ms
INFO 2026-09-21 23:53:50 rate_log.py:205 Control loop rate over last 30 frames (phase=policy, target=30 Hz): mean=20.7 Hz, min=19.1 Hz (divide the recording run's mean by this one for the base over-rotation multiplier) | per-frame: arms_read=2ms  arms_write=2ms  base_read=21ms  base_write=21ms  cam:cam_high=0ms  cam:cam_left_wrist=0ms  cam:cam_right_wrist=0ms  other=3ms
INFO 2026-09-21 23:53:51 rate_log.py:205 Control loop rate over last 30 frames (phase=policy, target=30 Hz): mean=20.6 Hz, min=18.9 Hz (divide the recording run's mean by this one for the base over-rotation multiplier) | per-frame: arms_read=2ms  arms_write=2ms  base_read=21ms  base_write=21ms  cam:cam_high=0ms  cam:cam_left_wrist=0ms  cam:cam_right_wrist=0ms  other=4ms
INFO 2026-09-21 23:53:52 rate_log.py:205 Control loop rate over last 30 frames (phase=policy, target=30 Hz): mean=20.7 Hz, min=18.9 Hz (divide the recording run's mean by this one for the base over-rotation multiplier) | per-frame: arms_read=2ms  arms_write=2ms  base_read=21ms  base_write=21ms  cam:cam_high=0ms  cam:cam_left_wrist=0ms  cam:cam_right_wrist=0ms  other=3ms
INFO 2026-09-21 23:53:54 rate_log.py:205 Control loop rate over last 30 frames (phase=policy, target=30 Hz): mean=20.7 Hz, min=19.4 Hz (divide the recording run's mean by this one for the base over-rotation multiplier) | per-frame: arms_read=2ms  arms_write=2ms  base_read=21ms  base_write=21ms  cam:cam_high=0ms  cam:cam_left_wrist=0ms  cam:cam_right_wrist=0ms  other=3ms
INFO 2026-09-21 23:53:55 rate_log.py:205 Control loop rate over last 30 frames (phase=policy, target=30 Hz): mean=20.6 Hz, min=20.0 Hz (divide the recording run's mean by this one for the base over-rotation multiplier) | per-frame: arms_read=2ms  arms_write=2ms  base_read=21ms  base_write=21ms  cam:cam_high=0ms  cam:cam_left_wrist=0ms  cam:cam_right_wrist=0ms  other=3ms
INFO 2026-09-21 23:53:57 rate_log.py:205 Control loop rate over last 30 frames (phase=policy, target=30 Hz): mean=20.6 Hz, min=19.3 Hz (divide the recording run's mean by this one for the base over-rotation multiplier) | per-frame: arms_read=1ms  arms_write=2ms  base_read=21ms  base_write=21ms  cam:cam_high=0ms  cam:cam_left_wrist=0ms  cam:cam_right_wrist=0ms  other=3ms
INFO 2026-09-21 23:53:58 rate_log.py:205 Control loop rate over last 30 frames (phase=policy, target=30 Hz): mean=21.1 Hz, min=19.8 Hz (divide the recording run's mean by this one for the base over-rotation multiplier) | per-frame: arms_read=1ms  arms_write=2ms  base_read=21ms  base_write=21ms  cam:cam_high=0ms  cam:cam_left_wrist=0ms  cam:cam_right_wrist=0ms  other=3ms
INFO 2026-09-21 23:54:00 rate_log.py:205 Control loop rate over last 30 frames (phase=policy, target=30 Hz): mean=20.9 Hz, min=19.6 Hz (divide the recording run's mean by this one for the base over-rotation multiplier) | per-frame: arms_read=1ms  arms_write=2ms  base_read=21ms  base_write=20ms  cam:cam_high=0ms  cam:cam_left_wrist=0ms  cam:cam_right_wrist=0ms  other=3ms
INFO 2026-09-21 23:54:01 rate_log.py:205 Control loop rate over last 30 frames (phase=policy, target=30 Hz): mean=20.6 Hz, min=19.7 Hz (divide the recording run's mean by this one for the base over-rotation multiplier) | per-frame: arms_read=2ms  arms_write=2ms  base_read=21ms  base_write=21ms  cam:cam_high=0ms  cam:cam_left_wrist=0ms  cam:cam_right_wrist=0ms  other=4ms
INFO 2026-09-21 23:54:03 rate_log.py:205 Control loop rate over last 30 frames (phase=policy, target=30 Hz): mean=20.8 Hz, min=19.9 Hz (divide the recording run's mean by this one for the base over-rotation multiplier) | per-frame: arms_read=1ms  arms_write=2ms  base_read=21ms  base_write=21ms  cam:cam_high=0ms  cam:cam_left_wrist=0ms  cam:cam_right_wrist=0ms  other=3ms
INFO 2026-09-21 23:54:04 rate_log.py:205 Control loop rate over last 30 frames (phase=policy, target=30 Hz): mean=20.7 Hz, min=19.2 Hz (divide the recording run's mean by this one for the base over-rotation multiplier) | per-frame: arms_read=2ms  arms_write=2ms  base_read=21ms  base_write=21ms  cam:cam_high=0ms  cam:cam_left_wrist=0ms  cam:cam_right_wrist=0ms  other=3ms
INFO 2026-09-21 23:54:05 rate_log.py:205 Control loop rate over last 30 frames (phase=policy, target=30 Hz): mean=20.7 Hz, min=19.5 Hz (divide the recording run's mean by this one for the base over-rotation multiplier) | per-frame: arms_read=2ms  arms_write=2ms  base_read=21ms  base_write=21ms  cam:cam_high=0ms  cam:cam_left_wrist=0ms  cam:cam_right_wrist=0ms  other=3ms
INFO 2026-09-21 23:54:07 rate_log.py:205 Control loop rate over last 30 frames (phase=policy, target=30 Hz): mean=20.7 Hz, min=19.8 Hz (divide the recording run's mean by this one for the base over-rotation multiplier) | per-frame: arms_read=2ms  arms_write=2ms  base_read=21ms  base_write=21ms  cam:cam_high=0ms  cam:cam_left_wrist=0ms  cam:cam_right_wrist=0ms  other=3ms
INFO 2026-09-21 23:54:08 rate_log.py:205 Control loop rate over last 30 frames (phase=policy, target=30 Hz): mean=20.9 Hz, min=19.4 Hz (divide the recording run's mean by this one for the base over-rotation multiplier) | per-frame: arms_read=1ms  arms_write=2ms  base_read=21ms  base_write=21ms  cam:cam_high=0ms  cam:cam_left_wrist=0ms  cam:cam_right_wrist=0ms  other=3ms
INFO 2026-09-21 23:54:10 rate_log.py:205 Control loop rate over last 30 frames (phase=policy, target=30 Hz): mean=20.8 Hz, min=19.1 Hz (divide the recording run's mean by this one for the base over-rotation multiplier) | per-frame: arms_read=2ms  arms_write=2ms  base_read=21ms  base_write=20ms  cam:cam_high=0ms  cam:cam_left_wrist=0ms  cam:cam_right_wrist=0ms  other=4ms
INFO 2026-09-21 23:54:11 rate_log.py:205 Control loop rate over last 30 frames (phase=policy, target=30 Hz): mean=20.9 Hz, min=19.8 Hz (divide the recording run's mean by this one for the base over-rotation multiplier) | per-frame: arms_read=1ms  arms_write=2ms  base_read=21ms  base_write=21ms  cam:cam_high=0ms  cam:cam_left_wrist=0ms  cam:cam_right_wrist=0ms  other=3ms
INFO 2026-09-21 23:54:13 rate_log.py:205 Control loop rate over last 30 frames (phase=policy, target=30 Hz): mean=20.6 Hz, min=19.6 Hz (divide the recording run's mean by this one for the base over-rotation multiplier) | per-frame: arms_read=2ms  arms_write=2ms  base_read=21ms  base_write=21ms  cam:cam_high=0ms  cam:cam_left_wrist=0ms  cam:cam_right_wrist=0ms  other=3ms
INFO 2026-09-21 23:54:14 rate_log.py:205 Control loop rate over last 30 frames (phase=policy, target=30 Hz): mean=20.7 Hz, min=19.8 Hz (divide the recording run's mean by this one for the base over-rotation multiplier) | per-frame: arms_read=2ms  arms_write=2ms  base_read=21ms  base_write=21ms  cam:cam_high=0ms  cam:cam_left_wrist=0ms  cam:cam_right_wrist=0ms  other=4ms
INFO 2026-09-21 23:54:16 rate_log.py:205 Control loop rate over last 30 frames (phase=policy, target=30 Hz): mean=20.6 Hz, min=19.8 Hz (divide the recording run's mean by this one for the base over-rotation multiplier) | per-frame: arms_read=2ms  arms_write=2ms  base_read=21ms  base_write=21ms  cam:cam_high=0ms  cam:cam_left_wrist=0ms  cam:cam_right_wrist=0ms  other=3ms
INFO 2026-09-21 23:54:17 rate_log.py:205 Control loop rate over last 30 frames (phase=policy, target=30 Hz): mean=20.6 Hz, min=19.0 Hz (divide the recording run's mean by this one for the base over-rotation multiplier) | per-frame: arms_read=2ms  arms_write=2ms  base_read=21ms  base_write=21ms  cam:cam_high=0ms  cam:cam_left_wrist=0ms  cam:cam_right_wrist=0ms  other=3ms
INFO 2026-09-21 23:54:18 rate_log.py:205 Control loop rate over last 30 frames (phase=policy, target=30 Hz): mean=20.7 Hz, min=18.7 Hz (divide the recording run's mean by this one for the base over-rotation multiplier) | per-frame: arms_read=2ms  arms_write=2ms  base_read=21ms  base_write=21ms  cam:cam_high=0ms  cam:cam_left_wrist=0ms  cam:cam_right_wrist=0ms  other=3ms
INFO 2026-09-21 23:54:20 rate_log.py:205 Control loop rate over last 30 frames (phase=policy, target=30 Hz): mean=20.5 Hz, min=19.3 Hz (divide the recording run's mean by this one for the base over-rotation multiplier) | per-frame: arms_read=2ms  arms_write=2ms  base_read=21ms  base_write=21ms  cam:cam_high=0ms  cam:cam_left_wrist=0ms  cam:cam_right_wrist=0ms  other=3ms
INFO 2026-09-21 23:54:21 rate_log.py:205 Control loop rate over last 30 frames (phase=policy, target=30 Hz): mean=20.9 Hz, min=20.2 Hz (divide the recording run's mean by this one for the base over-rotation multiplier) | per-frame: arms_read=1ms  arms_write=2ms  base_read=21ms  base_write=21ms  cam:cam_high=0ms  cam:cam_left_wrist=0ms  cam:cam_right_wrist=0ms  other=3ms
INFO 2026-09-21 23:54:22 ls/utils.py:227 Reset the environment
WARNING 2026-09-21 23:54:22 ts/utils.py:113 Relative goal position magnitude had to be clamped to be safe.
{   'joint_1': {   'original goal_pos': 1.71950101852417,
                   'safe goal_pos': 1.6817883014678956},
    'joint_3': {   'original goal_pos': 0.9725719094276428,
                   'safe goal_pos': 0.8257572412490845}}
WARNING 2026-09-21 23:54:22 ts/utils.py:113 Relative goal position magnitude had to be clamped to be safe.
{   'joint_0': {   'original goal_pos': 0.03376058489084244,
                   'safe goal_pos': 0.2938735127449036},
    'joint_1': {   'original goal_pos': 1.642824411392212,
                   'safe goal_pos': 1.6618448734283446},
    'joint_2': {   'original goal_pos': 0.5621042251586914,
                   'safe goal_pos': 0.6417792081832886},
    'joint_3': {   'original goal_pos': 0.5148012638092041,
                   'safe goal_pos': 0.7356221914291382},
    'joint_4': {   'original goal_pos': -0.7352941036224365,
                   'safe goal_pos': -0.4027008473873138},
    'joint_5': {   'original goal_pos': -0.20618753135204315,
                   'safe goal_pos': -0.039917601644992834}}
WARNING 2026-09-21 23:54:22 ts/utils.py:113 Relative goal position magnitude had to be clamped to be safe.
{   'joint_1': {   'original goal_pos': 1.71950101852417,
                   'safe goal_pos': 1.7165026426315309},
    'joint_3': {   'original goal_pos': 0.9725719094276428,
                   'safe goal_pos': 0.8383459210395813}}
WARNING 2026-09-21 23:54:22 ts/utils.py:113 Relative goal position magnitude had to be clamped to be safe.
{   'joint_0': {   'original goal_pos': 0.03376058489084244,
                   'safe goal_pos': 0.2564889132976532},
    'joint_2': {   'original goal_pos': 0.5617227554321289,
                   'safe goal_pos': 0.6154573798179627},
    'joint_3': {   'original goal_pos': 0.5136567950248718,
                   'safe goal_pos': 0.713115119934082},
    'joint_4': {   'original goal_pos': -0.7352941036224365,
                   'safe goal_pos': -0.41643396615982053},
    'joint_5': {   'original goal_pos': -0.20618753135204315,
                   'safe goal_pos': -0.06471351012587548}}
WARNING 2026-09-21 23:54:22 ts/utils.py:113 Relative goal position magnitude had to be clamped to be safe.
{   'joint_3': {   'original goal_pos': 0.9737163186073303,
                   'safe goal_pos': 0.9581292629241943}}
WARNING 2026-09-21 23:54:22 ts/utils.py:113 Relative goal position magnitude had to be clamped to be safe.
{   'joint_0': {   'original goal_pos': 0.03376058489084244,
                   'safe goal_pos': 0.1912565767765045},
    'joint_3': {   'original goal_pos': 0.5022125840187073,
                   'safe goal_pos': 0.6360570430755615},
    'joint_4': {   'original goal_pos': -0.7360570430755615,
                   'safe goal_pos': -0.5205767810344696},
    'joint_5': {   'original goal_pos': -0.20618753135204315,
                   'safe goal_pos': -0.14596780240535737}}
WARNING 2026-09-21 23:54:22 ts/utils.py:113 Relative goal position magnitude had to be clamped to be safe.
{   'joint_0': {   'original goal_pos': 0.034142062067985535,
                   'safe goal_pos': 0.13365376889705657},
    'joint_3': {   'original goal_pos': 0.5018310546875,
                   'safe goal_pos': 0.5921873688697815},
    'joint_4': {   'original goal_pos': -0.734912633895874,
                   'safe goal_pos': -0.5430838525295257},
    'joint_5': {   'original goal_pos': -0.20618753135204315,
                   'safe goal_pos': -0.18411535620689393}}
WARNING 2026-09-21 23:54:22 ts/utils.py:113 Relative goal position magnitude had to be clamped to be safe.
{   'joint_0': {   'original goal_pos': 0.03337911143898964,
                   'safe goal_pos': 0.07299915850162506},
    'joint_3': {   'original goal_pos': 0.49267566204071045,
                   'safe goal_pos': 0.5532768607139588},
    'joint_4': {   'original goal_pos': -0.735675573348999,
                   'safe goal_pos': -0.6086976289749145}}
WARNING 2026-09-21 23:54:22 ts/utils.py:113 Relative goal position magnitude had to be clamped to be safe.
{   'joint_4': {   'original goal_pos': -0.7295719981193542,
                   'safe goal_pos': -0.6563820600509643}}
INFO 2026-09-21 23:54:23 rate_log.py:205 Control loop rate over last 30 frames (phase=teleop, target=30 Hz): mean=22.4 Hz, min=21.2 Hz (divide the recording run's mean by this one for the base over-rotation multiplier) | per-frame: arms_read=1ms  arms_write=2ms  base_read=21ms  base_write=20ms  cam:cam_high=0ms  cam:cam_left_wrist=0ms  cam:cam_right_wrist=0ms  other=0ms
WARNING 2026-09-21 23:54:23 ts/utils.py:113 Relative goal position magnitude had to be clamped to be safe.
{   'joint_4': {   'original goal_pos': -0.5479896068572998,
                   'safe goal_pos': -0.5826505064964295}}
WARNING 2026-09-21 23:54:23 ts/utils.py:113 Relative goal position magnitude had to be clamped to be safe.
{   'joint_4': {   'original goal_pos': -0.4495689272880554,
                   'safe goal_pos': -0.5288624405860901}}
WARNING 2026-09-21 23:54:23 ts/utils.py:113 Relative goal position magnitude had to be clamped to be safe.
{   'joint_4': {   'original goal_pos': -0.36373692750930786,
                   'safe goal_pos': -0.47392996549606325}}
WARNING 2026-09-21 23:54:23 ts/utils.py:113 Relative goal position magnitude had to be clamped to be safe.
{   'joint_4': {   'original goal_pos': -0.30308231711387634,
                   'safe goal_pos': -0.4186160206794739}}
WARNING 2026-09-21 23:54:24 ts/utils.py:113 Relative goal position magnitude had to be clamped to be safe.
{   'joint_4': {   'original goal_pos': -0.27103838324546814,
                   'safe goal_pos': -0.36406501531600954}}
WARNING 2026-09-21 23:54:24 ts/utils.py:113 Relative goal position magnitude had to be clamped to be safe.
{   'joint_4': {   'original goal_pos': -0.24242770671844482,
                   'safe goal_pos': -0.3068436622619629}}
WARNING 2026-09-21 23:54:24 ts/utils.py:113 Relative goal position magnitude had to be clamped to be safe.
{   'joint_4': {   'original goal_pos': -0.22297245264053345,
                   'safe goal_pos': -0.24962233901023864}}
WARNING 2026-09-21 23:54:24 ts/utils.py:113 Relative goal position magnitude had to be clamped to be safe.
{   'joint_5': {   'original goal_pos': 0.182154580950737,
                   'safe goal_pos': 0.17991912961006165}}
WARNING 2026-09-21 23:54:24 ts/utils.py:113 Relative goal position magnitude had to be clamped to be safe.
{   'joint_5': {   'original goal_pos': 0.2504386901855469,
                   'safe goal_pos': 0.23027389347553254}}
WARNING 2026-09-21 23:54:24 ts/utils.py:113 Relative goal position magnitude had to be clamped to be safe.
{   'joint_4': {   'original goal_pos': -0.09517814964056015,
                   'safe goal_pos': -0.09550621509552001}}
WARNING 2026-09-21 23:54:24 ts/utils.py:113 Relative goal position magnitude had to be clamped to be safe.
{   'joint_4': {   'original goal_pos': -0.007057297509163618,
                   'safe goal_pos': -0.04400701224803924}}
WARNING 2026-09-21 23:54:24 ts/utils.py:113 Relative goal position magnitude had to be clamped to be safe.
{   'joint_4': {   'original goal_pos': 0.2801937758922577,
                   'safe goal_pos': 0.3243915379047394}}
WARNING 2026-09-21 23:54:24 ts/utils.py:113 Relative goal position magnitude had to be clamped to be safe.
{   'joint_3': {   'original goal_pos': 0.9706645011901855,
                   'safe goal_pos': 0.9463035225868225},
    'joint_4': {   'original goal_pos': 0.06923781335353851,
                   'safe goal_pos': 0.01626612097024918}}
WARNING 2026-09-21 23:54:24 ts/utils.py:113 Relative goal position magnitude had to be clamped to be safe.
{   'joint_4': {   'original goal_pos': 0.19169145822525024,
                   'safe goal_pos': 0.26564430594444277}}
WARNING 2026-09-21 23:54:24 ts/utils.py:113 Relative goal position magnitude had to be clamped to be safe.
{   'joint_3': {   'original goal_pos': 1.042763352394104,
                   'safe goal_pos': 1.011154329776764},
    'joint_4': {   'original goal_pos': 0.1028076633810997,
                   'safe goal_pos': 0.07158007137477398}}
WARNING 2026-09-21 23:54:24 ts/utils.py:113 Relative goal position magnitude had to be clamped to be safe.
{   'joint_3': {   'original goal_pos': 1.0755703449249268,
                   'safe goal_pos': 1.052735185623169},
    'joint_4': {   'original goal_pos': 0.1329442262649536,
                   'safe goal_pos': 0.2099488914012909}}
WARNING 2026-09-21 23:54:24 ts/utils.py:113 Relative goal position magnitude had to be clamped to be safe.
{   'joint_3': {   'original goal_pos': 1.0984588861465454,
                   'safe goal_pos': 1.0702830314636231}}
WARNING 2026-09-21 23:54:24 ts/utils.py:113 Relative goal position magnitude had to be clamped to be safe.
{   'joint_3': {   'original goal_pos': 1.1594948768615723,
                   'safe goal_pos': 1.108430600166321},
    'joint_4': {   'original goal_pos': 0.1203555315732956,
                   'safe goal_pos': 0.1473868876695633}}
WARNING 2026-09-21 23:54:24 ts/utils.py:113 Relative goal position magnitude had to be clamped to be safe.
{   'joint_3': {   'original goal_pos': 1.1293584108352661,
                   'safe goal_pos': 1.1271228551864625}}
WARNING 2026-09-21 23:54:24 ts/utils.py:113 Relative goal position magnitude had to be clamped to be safe.
{   'joint_3': {   'original goal_pos': 1.2392233610153198,
                   'safe goal_pos': 1.1687037706375123}}
WARNING 2026-09-21 23:54:24 ts/utils.py:113 Relative goal position magnitude had to be clamped to be safe.
{   'joint_3': {   'original goal_pos': 1.3010224103927612,
                   'safe goal_pos': 1.2263065338134767}}
WARNING 2026-09-21 23:54:24 ts/utils.py:113 Relative goal position magnitude had to be clamped to be safe.
{   'joint_3': {   'original goal_pos': 1.3426032066345215,
                   'safe goal_pos': 1.2789501905441285}}
WARNING 2026-09-21 23:54:24 ts/utils.py:113 Relative goal position magnitude had to be clamped to be safe.
{   'joint_3': {   'original goal_pos': 1.3681620359420776,
                   'safe goal_pos': 1.3350270748138429}}
WARNING 2026-09-21 23:54:24 ts/utils.py:113 Relative goal position magnitude had to be clamped to be safe.
{   'joint_4': {   'original goal_pos': -0.03604944050312042,
                   'safe goal_pos': -0.03228808790445328}}
WARNING 2026-09-21 23:54:24 ts/utils.py:113 Relative goal position magnitude had to be clamped to be safe.
{   'joint_4': {   'original goal_pos': -0.11348897218704224,
                   'safe goal_pos': -0.08531319107860327}}
WARNING 2026-09-21 23:54:24 ts/utils.py:113 Relative goal position magnitude had to be clamped to be safe.
{   'joint_4': {   'original goal_pos': -0.1825360506772995,
                   'safe goal_pos': -0.14711223021149636}}
WARNING 2026-09-21 23:54:24 ts/utils.py:113 Relative goal position magnitude had to be clamped to be safe.
{   'joint_4': {   'original goal_pos': -0.22640573978424072,
                   'safe goal_pos': -0.2035706102848053}}
INFO 2026-09-21 23:54:24 rate_log.py:205 Control loop rate over last 30 frames (phase=teleop, target=30 Hz): mean=22.3 Hz, min=21.7 Hz (divide the recording run's mean by this one for the base over-rotation multiplier) | per-frame: arms_read=1ms  arms_write=2ms  base_read=20ms  base_write=20ms  cam:cam_high=0ms  cam:cam_left_wrist=0ms  cam:cam_right_wrist=0ms  other=1ms
WARNING 2026-09-21 23:54:25 ts/utils.py:113 Relative goal position magnitude had to be clamped to be safe.
{   'joint_4': {   'original goal_pos': -0.43087664246559143,
                   'safe goal_pos': -0.41452658772468565}}
WARNING 2026-09-21 23:54:25 ts/utils.py:113 Relative goal position magnitude had to be clamped to be safe.
{   'joint_4': {   'original goal_pos': -0.4869535267353058,
                   'safe goal_pos': -0.47441825866699217}}
WARNING 2026-09-21 23:54:25 ts/utils.py:113 Relative goal position magnitude had to be clamped to be safe.
{   'joint_4': {   'original goal_pos': -0.7085908055305481,
                   'safe goal_pos': -0.6876630544662475}}
WARNING 2026-09-21 23:54:25 ts/utils.py:113 Relative goal position magnitude had to be clamped to be safe.
{   'joint_4': {   'original goal_pos': -0.7799267768859863,
                   'safe goal_pos': -0.7464102864265442}}
WARNING 2026-09-21 23:54:25 ts/utils.py:113 Relative goal position magnitude had to be clamped to be safe.
{   'joint_3': {   'original goal_pos': 1.337262511253357,
                   'safe goal_pos': 1.3315938472747804}}
WARNING 2026-09-21 23:54:25 ts/utils.py:113 Relative goal position magnitude had to be clamped to be safe.
{   'joint_4': {   'original goal_pos': -0.8215075731277466,
                   'safe goal_pos': -0.8051575779914856}}
INFO 2026-09-21 23:54:26 rate_log.py:205 Control loop rate over last 30 frames (phase=teleop, target=30 Hz): mean=22.2 Hz, min=21.5 Hz (divide the recording run's mean by this one for the base over-rotation multiplier) | per-frame: arms_read=1ms  arms_write=2ms  base_read=20ms  base_write=20ms  cam:cam_high=0ms  cam:cam_left_wrist=0ms  cam:cam_right_wrist=0ms  other=1ms
WARNING 2026-09-21 23:54:26 ts/utils.py:113 Relative goal position magnitude had to be clamped to be safe.
{   'joint_2': {   'original goal_pos': 0.6536583304405212,
                   'safe goal_pos': 0.6487525463104248}}
WARNING 2026-09-21 23:54:26 ts/utils.py:113 Relative goal position magnitude had to be clamped to be safe.
{   'joint_2': {   'original goal_pos': 0.725375771522522,
                   'safe goal_pos': 0.7055924296379089}}
WARNING 2026-09-21 23:54:26 ts/utils.py:113 Relative goal position magnitude had to be clamped to be safe.
{   'joint_2': {   'original goal_pos': 0.7631418108940125,
                   'safe goal_pos': 0.7445029377937317}}
WARNING 2026-09-21 23:54:26 ts/utils.py:113 Relative goal position magnitude had to be clamped to be safe.
{   'joint_2': {   'original goal_pos': 0.7951858043670654,
                   'safe goal_pos': 0.7643396615982055}}
WARNING 2026-09-21 23:54:26 ts/utils.py:113 Relative goal position magnitude had to be clamped to be safe.
{   'joint_2': {   'original goal_pos': 0.8413442969322205,
                   'safe goal_pos': 0.8055390477180481}}
WARNING 2026-09-21 23:54:26 ts/utils.py:113 Relative goal position magnitude had to be clamped to be safe.
{   'joint_2': {   'original goal_pos': 0.8642328381538391,
                   'safe goal_pos': 0.8204165458679199}}
WARNING 2026-09-21 23:54:26 ts/utils.py:113 Relative goal position magnitude had to be clamped to be safe.
{   'joint_2': {   'original goal_pos': 0.9187838435173035,
                   'safe goal_pos': 0.8608529925346374}}
WARNING 2026-09-21 23:54:26 ts/utils.py:113 Relative goal position magnitude had to be clamped to be safe.
{   'joint_2': {   'original goal_pos': 0.9275577664375305,
                   'safe goal_pos': 0.8799267768859863}}
WARNING 2026-09-21 23:54:26 ts/utils.py:113 Relative goal position magnitude had to be clamped to be safe.
{   'joint_2': {   'original goal_pos': 1.0034713745117188,
                   'safe goal_pos': 0.9211261034011841}}
WARNING 2026-09-21 23:54:26 ts/utils.py:113 Relative goal position magnitude had to be clamped to be safe.
{   'joint_2': {   'original goal_pos': 0.9863049983978271,
                   'safe goal_pos': 0.9386740088462829}}
WARNING 2026-09-21 23:54:26 ts/utils.py:113 Relative goal position magnitude had to be clamped to be safe.
{   'joint_2': {   'original goal_pos': 1.0805294513702393,
                   'safe goal_pos': 0.9791103959083557}}
WARNING 2026-09-21 23:54:26 ts/utils.py:113 Relative goal position magnitude had to be clamped to be safe.
{   'joint_2': {   'original goal_pos': 1.046196699142456,
                   'safe goal_pos': 0.9966583013534546}}
WARNING 2026-09-21 23:54:26 ts/utils.py:113 Relative goal position magnitude had to be clamped to be safe.
{   'joint_2': {   'original goal_pos': 1.1610208749771118,
                   'safe goal_pos': 1.0378576278686524}}
WARNING 2026-09-21 23:54:26 ts/utils.py:113 Relative goal position magnitude had to be clamped to be safe.
{   'joint_2': {   'original goal_pos': 1.0961699485778809,
                   'safe goal_pos': 1.055024003982544}}
WARNING 2026-09-21 23:54:26 ts/utils.py:113 Relative goal position magnitude had to be clamped to be safe.
{   'joint_2': {   'original goal_pos': 1.2361714839935303,
                   'safe goal_pos': 1.095078980922699}}
WARNING 2026-09-21 23:54:26 ts/utils.py:113 Relative goal position magnitude had to be clamped to be safe.
{   'joint_2': {   'original goal_pos': 1.1408026218414307,
                   'safe goal_pos': 1.1130083560943604}}
WARNING 2026-09-21 23:54:26 ts/utils.py:113 Relative goal position magnitude had to be clamped to be safe.
{   'joint_2': {   'original goal_pos': 1.3040741682052612,
                   'safe goal_pos': 1.1530632734298707}}
WARNING 2026-09-21 23:54:26 ts/utils.py:113 Relative goal position magnitude had to be clamped to be safe.
{   'joint_2': {   'original goal_pos': 1.1766613721847534,
                   'safe goal_pos': 1.1725184679031373},
    'joint_3': {   'original goal_pos': 1.2380788326263428,
                   'safe goal_pos': 1.269306445121765}}
WARNING 2026-09-21 23:54:26 ts/utils.py:113 Relative goal position magnitude had to be clamped to be safe.
{   'joint_2': {   'original goal_pos': 1.3704508543014526,
                   'safe goal_pos': 1.213336443901062}}
WARNING 2026-09-21 23:54:26 ts/utils.py:113 Relative goal position magnitude had to be clamped to be safe.
{   'joint_3': {   'original goal_pos': 1.1232547760009766,
                   'safe goal_pos': 1.2162813186645507}}
WARNING 2026-09-21 23:54:26 ts/utils.py:113 Relative goal position magnitude had to be clamped to be safe.
{   'joint_2': {   'original goal_pos': 1.4238574504852295,
                   'safe goal_pos': 1.270557737350464}}
WARNING 2026-09-21 23:54:26 ts/utils.py:113 Relative goal position magnitude had to be clamped to be safe.
{   'joint_3': {   'original goal_pos': 0.997367799282074,
                   'safe goal_pos': 1.1525749206542968}}
WARNING 2026-09-21 23:54:26 ts/utils.py:113 Relative goal position magnitude had to be clamped to be safe.
{   'joint_2': {   'original goal_pos': 1.4696345329284668,
                   'safe goal_pos': 1.3304493188858033},
    'joint_3': {   'original goal_pos': 0.8779659867286682,
                   'safe goal_pos': 0.9183489322662354}}
WARNING 2026-09-21 23:54:27 ts/utils.py:113 Relative goal position magnitude had to be clamped to be safe.
{   'joint_3': {   'original goal_pos': 0.8676661252975464,
                   'safe goal_pos': 1.1022202014923095}}
WARNING 2026-09-21 23:54:27 ts/utils.py:113 Relative goal position magnitude had to be clamped to be safe.
{   'joint_2': {   'original goal_pos': 1.5115967988967896,
                   'safe goal_pos': 1.3857633829116822},
    'joint_3': {   'original goal_pos': 0.7974746227264404,
                   'safe goal_pos': 0.855024003982544}}
WARNING 2026-09-21 23:54:27 ts/utils.py:113 Relative goal position magnitude had to be clamped to be safe.
{   'joint_3': {   'original goal_pos': 0.7303349375724792,
                   'safe goal_pos': 1.042709970474243}}
WARNING 2026-09-21 23:54:27 ts/utils.py:113 Relative goal position magnitude had to be clamped to be safe.
{   'joint_2': {   'original goal_pos': 1.5463111400604248,
                   'safe goal_pos': 1.442984676361084},
    'joint_3': {   'original goal_pos': 0.7402533292770386,
                   'safe goal_pos': 0.8012359976768494}}
WARNING 2026-09-21 23:54:27 ts/utils.py:113 Relative goal position magnitude had to be clamped to be safe.
{   'joint_3': {   'original goal_pos': 0.5975814461708069,
                   'safe goal_pos': 0.9862516164779663}}
WARNING 2026-09-21 23:54:27 ts/utils.py:113 Relative goal position magnitude had to be clamped to be safe.
{   'joint_2': {   'original goal_pos': 1.581406831741333,
                   'safe goal_pos': 1.5013503789901734},
    'joint_3': {   'original goal_pos': 0.6788357496261597,
                   'safe goal_pos': 0.7447775840759278}}
WARNING 2026-09-21 23:54:27 ts/utils.py:113 Relative goal position magnitude had to be clamped to be safe.
{   'joint_3': {   'original goal_pos': 0.5121309161186218,
                   'safe goal_pos': 0.928648853302002}}
WARNING 2026-09-21 23:54:27 ts/utils.py:113 Relative goal position magnitude had to be clamped to be safe.
{   'joint_2': {   'original goal_pos': 1.6100175380706787,
                   'safe goal_pos': 1.5593347311019898},
    'joint_3': {   'original goal_pos': 0.6342030763626099,
                   'safe goal_pos': 0.6833600640296936}}
WARNING 2026-09-21 23:54:27 ts/utils.py:113 Relative goal position magnitude had to be clamped to be safe.
{   'joint_3': {   'original goal_pos': 0.4404135048389435,
                   'safe goal_pos': 0.8729533791542053}}
WARNING 2026-09-21 23:54:27 ts/utils.py:113 Relative goal position magnitude had to be clamped to be safe.
{   'joint_2': {   'original goal_pos': 1.6348134279251099,
                   'safe goal_pos': 1.6184633731842042},
    'joint_3': {   'original goal_pos': 0.5975814461708069,
                   'safe goal_pos': 0.6322422862052918},
    'joint_5': {   'original goal_pos': -0.20695048570632935,
                   'safe goal_pos': -0.2072785437107086}}
WARNING 2026-09-21 23:54:27 ts/utils.py:113 Relative goal position magnitude had to be clamped to be safe.
{   'joint_3': {   'original goal_pos': 0.4015030264854431,
                   'safe goal_pos': 0.8115357995033264}}
WARNING 2026-09-21 23:54:27 ts/utils.py:113 Relative goal position magnitude had to be clamped to be safe.
{   'joint_3': {   'original goal_pos': 0.5666819214820862,
                   'safe goal_pos': 0.5692988276481629},
    'joint_5': {   'original goal_pos': -0.10738536715507507,
                   'safe goal_pos': -0.1622644305229187}}
WARNING 2026-09-21 23:54:27 ts/utils.py:113 Relative goal position magnitude had to be clamped to be safe.
{   'joint_3': {   'original goal_pos': 0.4087510406970978,
                   'safe goal_pos': 0.7630884289741516}}
WARNING 2026-09-21 23:54:27 ts/utils.py:113 Relative goal position magnitude had to be clamped to be safe.
{   'joint_5': {   'original goal_pos': -0.029182879254221916,
                   'safe goal_pos': -0.0974135935306549}}
WARNING 2026-09-21 23:54:27 ts/utils.py:113 Relative goal position magnitude had to be clamped to be safe.
{   'joint_3': {   'original goal_pos': 0.4518577754497528,
                   'safe goal_pos': 0.7009079098701477}}
WARNING 2026-09-21 23:54:27 ts/utils.py:113 Relative goal position magnitude had to be clamped to be safe.
{   'joint_5': {   'original goal_pos': -0.012779430486261845,
                   'safe goal_pos': -0.04667734503746032}}
WARNING 2026-09-21 23:54:27 ts/utils.py:113 Relative goal position magnitude had to be clamped to be safe.
{   'joint_3': {   'original goal_pos': 0.5216678380966187,
                   'safe goal_pos': 0.6402533292770386}}
WARNING 2026-09-21 23:54:27 ts/utils.py:113 Relative goal position magnitude had to be clamped to be safe.
{   'joint_4': {   'original goal_pos': -0.9771496057510376,
                   'safe goal_pos': -0.9768215179443359}}
WARNING 2026-09-21 23:54:27 ts/utils.py:113 Relative goal position magnitude had to be clamped to be safe.
{   'joint_4': {   'original goal_pos': -1.0843442678451538,
                   'safe goal_pos': -1.0290837049484254}}
WARNING 2026-09-21 23:54:27 ts/utils.py:113 Relative goal position magnitude had to be clamped to be safe.
{   'joint_2': {   'original goal_pos': 1.1545357704162598,
                   'safe goal_pos': 1.1628748416900634},
    'joint_3': {   'original goal_pos': 0.7612344622612,
                   'safe goal_pos': 0.7319142580032348}}
WARNING 2026-09-21 23:54:27 ts/utils.py:113 Relative goal position magnitude had to be clamped to be safe.
{   'joint_4': {   'original goal_pos': -1.176279902458191,
                   'safe goal_pos': -1.0924086332321168}}
INFO 2026-09-21 23:54:27 rate_log.py:205 Control loop rate over last 30 frames (phase=teleop, target=30 Hz): mean=22.2 Hz, min=21.4 Hz (divide the recording run's mean by this one for the base over-rotation multiplier) | per-frame: arms_read=1ms  arms_write=2ms  base_read=20ms  base_write=20ms  cam:cam_high=0ms  cam:cam_left_wrist=0ms  cam:cam_right_wrist=0ms  other=1ms
WARNING 2026-09-21 23:54:27 ts/utils.py:113 Relative goal position magnitude had to be clamped to be safe.
{   'joint_2': {   'original goal_pos': 1.0923552513122559,
                   'safe goal_pos': 1.1022202014923095},
    'joint_3': {   'original goal_pos': 0.8520256280899048,
                   'safe goal_pos': 0.7853207945823669}}
WARNING 2026-09-21 23:54:27 ts/utils.py:113 Relative goal position magnitude had to be clamped to be safe.
{   'joint_4': {   'original goal_pos': -1.2243458032608032,
                   'safe goal_pos': -1.1465781688690186}}
WARNING 2026-09-21 23:54:27 ts/utils.py:113 Relative goal position magnitude had to be clamped to be safe.
{   'joint_2': {   'original goal_pos': 1.0282673835754395,
                   'safe goal_pos': 1.043472909927368},
    'joint_3': {   'original goal_pos': 0.9504463076591492,
                   'safe goal_pos': 0.8375829815864563}}
WARNING 2026-09-21 23:54:27 ts/utils.py:113 Relative goal position magnitude had to be clamped to be safe.
{   'joint_2': {   'original goal_pos': 1.4547569751739502,
                   'safe goal_pos': 1.4657663345336913},
    'joint_4': {   'original goal_pos': -1.2232013940811157,
                   'safe goal_pos': -1.2095216274261475}}
WARNING 2026-09-21 23:54:27 ts/utils.py:113 Relative goal position magnitude had to be clamped to be safe.
{   'joint_2': {   'original goal_pos': 0.9645609259605408,
                   'safe goal_pos': 0.9885404348373413},
    'joint_3': {   'original goal_pos': 1.0416189432144165,
                   'safe goal_pos': 0.9047226667404175}}
WARNING 2026-09-21 23:54:27 ts/utils.py:113 Relative goal position magnitude had to be clamped to be safe.
{   'joint_2': {   'original goal_pos': 1.3811322450637817,
                   'safe goal_pos': 1.410452389717102}}
WARNING 2026-09-21 23:54:27 ts/utils.py:113 Relative goal position magnitude had to be clamped to be safe.
{   'joint_2': {   'original goal_pos': 0.9039062857627869,
                   'safe goal_pos': 0.930937671661377},
    'joint_3': {   'original goal_pos': 1.1175326108932495,
                   'safe goal_pos': 0.9627069592475891}}
WARNING 2026-09-21 23:54:27 ts/utils.py:113 Relative goal position magnitude had to be clamped to be safe.
{   'joint_2': {   'original goal_pos': 1.3010224103927612,
                   'safe goal_pos': 1.348271870613098}}
WARNING 2026-09-21 23:54:27 ts/utils.py:113 Relative goal position magnitude had to be clamped to be safe.
{   'joint_2': {   'original goal_pos': 0.8512626886367798,
                   'safe goal_pos': 0.8737163186073303},
    'joint_3': {   'original goal_pos': 1.1751353740692139,
                   'safe goal_pos': 1.0157320261001588}}
WARNING 2026-09-21 23:54:27 ts/utils.py:113 Relative goal position magnitude had to be clamped to be safe.
{   'joint_2': {   'original goal_pos': 1.2224383354187012,
                   'safe goal_pos': 1.2956283330917358}}
WARNING 2026-09-21 23:54:27 ts/utils.py:113 Relative goal position magnitude had to be clamped to be safe.
{   'joint_2': {   'original goal_pos': 0.8054856061935425,
                   'safe goal_pos': 0.8142061471939087},
    'joint_3': {   'original goal_pos': 1.1987868547439575,
                   'safe goal_pos': 1.0691386222839356}}
WARNING 2026-09-21 23:54:27 ts/utils.py:113 Relative goal position magnitude had to be clamped to be safe.
{   'joint_1': {   'original goal_pos': 1.970893383026123,
                   'safe goal_pos': 1.9792324542999267},
    'joint_2': {   'original goal_pos': 1.1297398805618286,
                   'safe goal_pos': 1.2342107534408568}}
WARNING 2026-09-21 23:54:27 ts/utils.py:113 Relative goal position magnitude had to be clamped to be safe.
{   'joint_3': {   'original goal_pos': 1.1900129318237305,
                   'safe goal_pos': 1.1225452184677125}}
WARNING 2026-09-21 23:54:27 ts/utils.py:113 Relative goal position magnitude had to be clamped to be safe.
{   'joint_1': {   'original goal_pos': 1.9098572731018066,
                   'safe goal_pos': 1.9193407535552978},
    'joint_2': {   'original goal_pos': 1.0400930643081665,
                   'safe goal_pos': 1.1796597480773925}}
WARNING 2026-09-21 23:54:27 ts/utils.py:113 Relative goal position magnitude had to be clamped to be safe.
{   'joint_1': {   'original goal_pos': 1.8564507961273193,
                   'safe goal_pos': 1.8586862325668334},
    'joint_2': {   'original goal_pos': 0.9500648379325867,
                   'safe goal_pos': 1.120149517059326}}
WARNING 2026-09-21 23:54:27 ts/utils.py:113 Relative goal position magnitude had to be clamped to be safe.
{   'joint_1': {   'original goal_pos': 1.80113685131073,
                   'safe goal_pos': 1.801464819908142},
    'joint_2': {   'original goal_pos': 0.8535515666007996,
                   'safe goal_pos': 1.0633096933364867},
    'joint_3': {   'original goal_pos': 0.6181811094284058,
                   'safe goal_pos': 0.6018310546875}}
WARNING 2026-09-21 23:54:27 ts/utils.py:113 Relative goal position magnitude had to be clamped to be safe.
{   'joint_2': {   'original goal_pos': 0.7673380374908447,
                   'safe goal_pos': 1.0030365228652953},
    'joint_3': {   'original goal_pos': 0.7082093358039856,
                   'safe goal_pos': 0.6567635893821716}}
WARNING 2026-09-21 23:54:28 ts/utils.py:113 Relative goal position magnitude had to be clamped to be safe.
{   'joint_2': {   'original goal_pos': 0.6845578551292419,
                   'safe goal_pos': 0.942763352394104},
    'joint_3': {   'original goal_pos': 0.8081559538841248,
                   'safe goal_pos': 0.7078813076019287},
    'joint_4': {   'original goal_pos': -0.9023804068565369,
                   'safe goal_pos': -0.9069047212600708}}
WARNING 2026-09-21 23:54:28 ts/utils.py:113 Relative goal position magnitude had to be clamped to be safe.
{   'joint_2': {   'original goal_pos': 0.6139848828315735,
                   'safe goal_pos': 0.8874494671821594},
    'joint_3': {   'original goal_pos': 0.9218356609344482,
                   'safe goal_pos': 0.7719691753387451},
    'joint_4': {   'original goal_pos': -0.7909895181655884,
                   'safe goal_pos': -0.8630350470542908}}
WARNING 2026-09-21 23:54:28 ts/utils.py:113 Relative goal position magnitude had to be clamped to be safe.
{   'joint_2': {   'original goal_pos': 0.5521858334541321,
                   'safe goal_pos': 0.8283207654953003},
    'joint_3': {   'original goal_pos': 1.053444743156433,
                   'safe goal_pos': 0.8314793467521667},
    'joint_4': {   'original goal_pos': -0.6582360863685608,
                   'safe goal_pos': -0.7993285894393921}}
WARNING 2026-09-21 23:54:28 ts/utils.py:113 Relative goal position magnitude had to be clamped to be safe.
{   'joint_2': {   'original goal_pos': 0.5022125840187073,
                   'safe goal_pos': 0.7703364729881287},
    'joint_3': {   'original goal_pos': 1.1820019483566284,
                   'safe goal_pos': 0.8860303521156311},
    'joint_4': {   'original goal_pos': -0.5296788215637207,
                   'safe goal_pos': -0.7478294014930725}}
WARNING 2026-09-21 23:54:28 ts/utils.py:113 Relative goal position magnitude had to be clamped to be safe.
{   'joint_4': {   'original goal_pos': 0.5182345509529114,
                   'safe goal_pos': 0.5372548937797547}}
WARNING 2026-09-21 23:54:28 ts/utils.py:113 Relative goal position magnitude had to be clamped to be safe.
{   'joint_2': {   'original goal_pos': 0.46253910660743713,
                   'safe goal_pos': 0.7085374236106873},
    'joint_3': {   'original goal_pos': 1.2907224893569946,
                   'safe goal_pos': 0.9398184180259704},
    'joint_4': {   'original goal_pos': -0.42591744661331177,
                   'safe goal_pos': -0.6867932915687561}}
WARNING 2026-09-21 23:54:28 ts/utils.py:113 Relative goal position magnitude had to be clamped to be safe.
{   'joint_4': {   'original goal_pos': 0.404936283826828,
                   'safe goal_pos': 0.4827038884162903}}
WARNING 2026-09-21 23:54:28 ts/utils.py:113 Relative goal position magnitude had to be clamped to be safe.
{   'joint_2': {   'original goal_pos': 0.4350728690624237,
                   'safe goal_pos': 0.6516975402832031},
    'joint_3': {   'original goal_pos': 1.3681620359420776,
                   'safe goal_pos': 0.9955138325691223},
    'joint_4': {   'original goal_pos': -0.3759441375732422,
                   'safe goal_pos': -0.6291905283927918}}
WARNING 2026-09-21 23:54:28 ts/utils.py:113 Relative goal position magnitude had to be clamped to be safe.
{   'joint_4': {   'original goal_pos': 0.26798656582832336,
                   'safe goal_pos': 0.42586406469345095}}
WARNING 2026-09-21 23:54:28 ts/utils.py:113 Relative goal position magnitude had to be clamped to be safe.
{   'joint_2': {   'original goal_pos': 0.42515450716018677,
                   'safe goal_pos': 0.5929503083229065},
    'joint_3': {   'original goal_pos': 1.4032578468322754,
                   'safe goal_pos': 1.0565499424934388},
    'joint_4': {   'original goal_pos': -0.36793315410614014,
                   'safe goal_pos': -0.5712062358856201}}
WARNING 2026-09-21 23:54:28 ts/utils.py:113 Relative goal position magnitude had to be clamped to be safe.
{   'joint_4': {   'original goal_pos': 0.14286258816719055,
                   'safe goal_pos': 0.3709315598011017}}
WARNING 2026-09-21 23:54:28 ts/utils.py:113 Relative goal position magnitude had to be clamped to be safe.
{   'joint_2': {   'original goal_pos': 0.42591744661331177,
                   'safe goal_pos': 0.5357290148735047},
    'joint_3': {   'original goal_pos': 1.4166094064712524,
                   'safe goal_pos': 1.109956479072571},
    'joint_4': {   'original goal_pos': -0.3686961233615875,
                   'safe goal_pos': -0.5147478222846985}}
WARNING 2026-09-21 23:54:28 ts/utils.py:113 Relative goal position magnitude had to be clamped to be safe.
{   'joint_4': {   'original goal_pos': 0.04482337832450867,
                   'safe goal_pos': 0.3121843278408051}}
WARNING 2026-09-21 23:54:28 ts/utils.py:113 Relative goal position magnitude had to be clamped to be safe.
{   'joint_2': {   'original goal_pos': 0.4331654906272888,
                   'safe goal_pos': 0.47583731412887575},
    'joint_3': {   'original goal_pos': 1.4158464670181274,
                   'safe goal_pos': 1.1671778917312623},
    'joint_4': {   'original goal_pos': -0.3732738196849823,
                   'safe goal_pos': -0.4560005903244019}}
WARNING 2026-09-21 23:54:28 ts/utils.py:113 Relative goal position magnitude had to be clamped to be safe.
{   'joint_4': {   'original goal_pos': -0.007057297509163618,
                   'safe goal_pos': 0.2564889132976532}}
WARNING 2026-09-21 23:54:28 ts/utils.py:113 Relative goal position magnitude had to be clamped to be safe.
{   'joint_3': {   'original goal_pos': 1.4143205881118774,
                   'safe goal_pos': 1.2167696714401246},
    'joint_4': {   'original goal_pos': -0.3747997283935547,
                   'safe goal_pos': -0.40030517578125}}
WARNING 2026-09-21 23:54:28 ts/utils.py:113 Relative goal position magnitude had to be clamped to be safe.
{   'joint_4': {   'original goal_pos': -0.007057297509163618,
                   'safe goal_pos': 0.19888609051704406}}
WARNING 2026-09-21 23:54:28 ts/utils.py:113 Relative goal position magnitude had to be clamped to be safe.
{   'joint_3': {   'original goal_pos': 1.4200427532196045,
                   'safe goal_pos': 1.276279902458191}}
WARNING 2026-09-21 23:54:28 ts/utils.py:113 Relative goal position magnitude had to be clamped to be safe.
{   'joint_4': {   'original goal_pos': 0.008964675478637218,
                   'safe goal_pos': 0.14090181291103362}}
WARNING 2026-09-21 23:54:28 ts/utils.py:113 Relative goal position magnitude had to be clamped to be safe.
{   'joint_3': {   'original goal_pos': 1.4208056926727295,
                   'safe goal_pos': 1.3323567867279054}}
WARNING 2026-09-21 23:54:28 ts/utils.py:113 Relative goal position magnitude had to be clamped to be safe.
{   'joint_4': {   'original goal_pos': 0.02994582988321781,
                   'safe goal_pos': 0.08520638346672058}}
WARNING 2026-09-21 23:54:28 ts/utils.py:113 Relative goal position magnitude had to be clamped to be safe.
{   'joint_3': {   'original goal_pos': 1.4265278577804565,
                   'safe goal_pos': 1.3872892618179322}}
INFO 2026-09-21 23:54:28 rate_log.py:205 Control loop rate over last 30 frames (phase=teleop, target=30 Hz): mean=22.1 Hz, min=21.6 Hz (divide the recording run's mean by this one for the base over-rotation multiplier) | per-frame: arms_read=1ms  arms_write=2ms  base_read=20ms  base_write=20ms  cam:cam_high=0ms  cam:cam_left_wrist=0ms  cam:cam_right_wrist=0ms  other=1ms
WARNING 2026-09-21 23:54:28 ts/utils.py:113 Relative goal position magnitude had to be clamped to be safe.
{   'joint_5': {   'original goal_pos': 0.15659570693969727,
                   'safe goal_pos': 0.16455327868461608}}
WARNING 2026-09-21 23:54:28 ts/utils.py:113 Relative goal position magnitude had to be clamped to be safe.
{   'joint_5': {   'original goal_pos': 0.09555962681770325,
                   'safe goal_pos': 0.1130540907382965}}
WARNING 2026-09-21 23:54:29 ts/utils.py:113 Relative goal position magnitude had to be clamped to be safe.
{   'joint_5': {   'original goal_pos': 0.05436026677489281,
                   'safe goal_pos': 0.055451282858848566}}
INFO 2026-09-21 23:54:30 rate_log.py:205 Control loop rate over last 30 frames (phase=teleop, target=30 Hz): mean=22.5 Hz, min=21.6 Hz (divide the recording run's mean by this one for the base over-rotation multiplier) | per-frame: arms_read=1ms  arms_write=2ms  base_read=20ms  base_write=20ms  cam:cam_high=0ms  cam:cam_left_wrist=0ms  cam:cam_right_wrist=0ms  other=1ms
INFO 2026-09-21 23:54:30 ls/utils.py:227 Re-record episode
INFO 2026-09-21 23:54:30 ls/utils.py:227 Recording episode 0
INFO 2026-09-21 23:54:32 rate_log.py:205 Control loop rate over last 30 frames (phase=policy, target=30 Hz): mean=20.7 Hz, min=18.9 Hz (divide the recording run's mean by this one for the base over-rotation multiplier) | per-frame: arms_read=1ms  arms_write=2ms  base_read=22ms  base_write=21ms  cam:cam_high=0ms  cam:cam_left_wrist=0ms  cam:cam_right_wrist=0ms  other=2ms
INFO 2026-09-21 23:54:33 rate_log.py:205 Control loop rate over last 30 frames (phase=policy, target=30 Hz): mean=20.7 Hz, min=19.6 Hz (divide the recording run's mean by this one for the base over-rotation multiplier) | per-frame: arms_read=2ms  arms_write=2ms  base_read=21ms  base_write=21ms  cam:cam_high=0ms  cam:cam_left_wrist=0ms  cam:cam_right_wrist=0ms  other=3ms
INFO 2026-09-21 23:54:35 rate_log.py:205 Control loop rate over last 30 frames (phase=policy, target=30 Hz): mean=20.6 Hz, min=19.5 Hz (divide the recording run's mean by this one for the base over-rotation multiplier) | per-frame: arms_read=2ms  arms_write=2ms  base_read=21ms  base_write=21ms  cam:cam_high=0ms  cam:cam_left_wrist=0ms  cam:cam_right_wrist=0ms  other=3ms
INFO 2026-09-21 23:54:36 rate_log.py:205 Control loop rate over last 30 frames (phase=policy, target=30 Hz): mean=20.6 Hz, min=19.5 Hz (divide the recording run's mean by this one for the base over-rotation multiplier) | per-frame: arms_read=2ms  arms_write=2ms  base_read=21ms  base_write=21ms  cam:cam_high=0ms  cam:cam_left_wrist=0ms  cam:cam_right_wrist=0ms  other=3ms
INFO 2026-09-21 23:54:38 rate_log.py:205 Control loop rate over last 30 frames (phase=policy, target=30 Hz): mean=20.8 Hz, min=20.0 Hz (divide the recording run's mean by this one for the base over-rotation multiplier) | per-frame: arms_read=2ms  arms_write=2ms  base_read=21ms  base_write=21ms  cam:cam_high=0ms  cam:cam_left_wrist=0ms  cam:cam_right_wrist=0ms  other=3ms
INFO 2026-09-21 23:54:39 rate_log.py:205 Control loop rate over last 30 frames (phase=policy, target=30 Hz): mean=20.6 Hz, min=20.0 Hz (divide the recording run's mean by this one for the base over-rotation multiplier) | per-frame: arms_read=2ms  arms_write=2ms  base_read=21ms  base_write=21ms  cam:cam_high=0ms  cam:cam_left_wrist=0ms  cam:cam_right_wrist=0ms  other=3ms
INFO 2026-09-21 23:54:41 rate_log.py:205 Control loop rate over last 30 frames (phase=policy, target=30 Hz): mean=20.7 Hz, min=19.4 Hz (divide the recording run's mean by this one for the base over-rotation multiplier) | per-frame: arms_read=1ms  arms_write=2ms  base_read=21ms  base_write=21ms  cam:cam_high=0ms  cam:cam_left_wrist=0ms  cam:cam_right_wrist=0ms  other=3ms
INFO 2026-09-21 23:54:42 rate_log.py:205 Control loop rate over last 30 frames (phase=policy, target=30 Hz): mean=20.8 Hz, min=19.7 Hz (divide the recording run's mean by this one for the base over-rotation multiplier) | per-frame: arms_read=1ms  arms_write=2ms  base_read=21ms  base_write=21ms  cam:cam_high=0ms  cam:cam_left_wrist=0ms  cam:cam_right_wrist=0ms  other=3ms
INFO 2026-09-21 23:54:43 rate_log.py:205 Control loop rate over last 30 frames (phase=policy, target=30 Hz): mean=20.6 Hz, min=19.4 Hz (divide the recording run's mean by this one for the base over-rotation multiplier) | per-frame: arms_read=2ms  arms_write=2ms  base_read=21ms  base_write=21ms  cam:cam_high=0ms  cam:cam_left_wrist=0ms  cam:cam_right_wrist=0ms  other=3ms
INFO 2026-09-21 23:54:45 rate_log.py:205 Control loop rate over last 30 frames (phase=policy, target=30 Hz): mean=20.8 Hz, min=19.9 Hz (divide the recording run's mean by this one for the base over-rotation multiplier) | per-frame: arms_read=2ms  arms_write=2ms  base_read=21ms  base_write=21ms  cam:cam_high=0ms  cam:cam_left_wrist=0ms  cam:cam_right_wrist=0ms  other=3ms
INFO 2026-09-21 23:54:46 rate_log.py:205 Control loop rate over last 30 frames (phase=policy, target=30 Hz): mean=20.8 Hz, min=19.4 Hz (divide the recording run's mean by this one for the base over-rotation multiplier) | per-frame: arms_read=1ms  arms_write=2ms  base_read=21ms  base_write=21ms  cam:cam_high=0ms  cam:cam_left_wrist=0ms  cam:cam_right_wrist=0ms  other=3ms
INFO 2026-09-21 23:54:48 rate_log.py:205 Control loop rate over last 30 frames (phase=policy, target=30 Hz): mean=20.7 Hz, min=19.1 Hz (divide the recording run's mean by this one for the base over-rotation multiplier) | per-frame: arms_read=1ms  arms_write=2ms  base_read=21ms  base_write=21ms  cam:cam_high=0ms  cam:cam_left_wrist=0ms  cam:cam_right_wrist=0ms  other=4ms
INFO 2026-09-21 23:54:49 rate_log.py:205 Control loop rate over last 30 frames (phase=policy, target=30 Hz): mean=20.4 Hz, min=19.1 Hz (divide the recording run's mean by this one for the base over-rotation multiplier) | per-frame: arms_read=2ms  arms_write=2ms  base_read=21ms  base_write=21ms  cam:cam_high=0ms  cam:cam_left_wrist=0ms  cam:cam_right_wrist=0ms  other=3ms
INFO 2026-09-21 23:54:51 rate_log.py:205 Control loop rate over last 30 frames (phase=policy, target=30 Hz): mean=20.7 Hz, min=19.3 Hz (divide the recording run's mean by this one for the base over-rotation multiplier) | per-frame: arms_read=2ms  arms_write=2ms  base_read=21ms  base_write=21ms  cam:cam_high=0ms  cam:cam_left_wrist=0ms  cam:cam_right_wrist=0ms  other=4ms
INFO 2026-09-21 23:54:52 rate_log.py:205 Control loop rate over last 30 frames (phase=policy, target=30 Hz): mean=21.0 Hz, min=19.7 Hz (divide the recording run's mean by this one for the base over-rotation multiplier) | per-frame: arms_read=1ms  arms_write=2ms  base_read=21ms  base_write=21ms  cam:cam_high=0ms  cam:cam_left_wrist=0ms  cam:cam_right_wrist=0ms  other=3ms
INFO 2026-09-21 23:54:54 rate_log.py:205 Control loop rate over last 30 frames (phase=policy, target=30 Hz): mean=20.8 Hz, min=19.9 Hz (divide the recording run's mean by this one for the base over-rotation multiplier) | per-frame: arms_read=2ms  arms_write=2ms  base_read=21ms  base_write=21ms  cam:cam_high=0ms  cam:cam_left_wrist=0ms  cam:cam_right_wrist=0ms  other=3ms
INFO 2026-09-21 23:54:55 rate_log.py:205 Control loop rate over last 30 frames (phase=policy, target=30 Hz): mean=20.5 Hz, min=18.8 Hz (divide the recording run's mean by this one for the base over-rotation multiplier) | per-frame: arms_read=2ms  arms_write=2ms  base_read=21ms  base_write=21ms  cam:cam_high=0ms  cam:cam_left_wrist=0ms  cam:cam_right_wrist=0ms  other=4ms
INFO 2026-09-21 23:54:56 rate_log.py:205 Control loop rate over last 30 frames (phase=policy, target=30 Hz): mean=20.9 Hz, min=19.4 Hz (divide the recording run's mean by this one for the base over-rotation multiplier) | per-frame: arms_read=1ms  arms_write=2ms  base_read=21ms  base_write=21ms  cam:cam_high=0ms  cam:cam_left_wrist=0ms  cam:cam_right_wrist=0ms  other=3ms
INFO 2026-09-21 23:54:58 ls/utils.py:227 Stop recording
INFO 2026-09-21 23:55:03 follower.py:328 None WidowXAIFollower disconnected.
INFO 2026-09-21 23:55:07 follower.py:328 None WidowXAIFollower disconnected.
INFO 2026-09-21 23:55:08 ealsense.py:639 RealSenseCamera(230422273501) disconnected.
INFO 2026-09-21 23:55:08 ealsense.py:639 RealSenseCamera(230422271234) disconnected.
INFO 2026-09-21 23:55:08 ealsense.py:639 RealSenseCamera(230322274369) disconnected.
INFO 2026-09-21 23:55:12 i_leader.py:122 leader_left WidowXAILeaderTeleop disconnected.
INFO 2026-09-21 23:55:16 i_leader.py:122 leader_right WidowXAILeaderTeleop disconnected.
INFO 2026-09-21 23:55:16 ls/utils.py:227 Exiting
INFO 2026-09-21 23:55:16 nsemble.py:1076 추론 433회 · 평균 164.7 ms (최악 445.8 ms) -> 동기로 돌렸다면 지속 가능한 제어 주파수 약 6 Hz · 비행 중 지연 평균 4.0 스텝 (최악 4) · 프로세스 워커: 제출(관측 복사) 평균 0.9 ms/회 | 내역: 큐 대기 1.2 ms (최악 18.8)
Loading weights from local directory
Left arrow key pressed. Exiting loop and rerecord the last episode...
Left arrow key pressed. Exiting loop and rerecord the last episode...
Left arrow key pressed. Exiting loop and rerecord the last episode...
Left arrow key pressed. Exiting loop and rerecord the last episode...
Left arrow key pressed. Exiting loop and rerecord the last episode...
Left arrow key pressed. Exiting loop and rerecord the last episode...
Left arrow key pressed. Exiting loop and rerecord the last episode...
Left arrow key pressed. Exiting loop and rerecord the last episode...
Left arrow key pressed. Exiting loop and rerecord the last episode...
Traceback (most recent call last):
  File "/home/trossen-ai/NAJY/lerobot_trossen/scripts/record_ensemble.py", line 1080, in <module>
    main()
  File "/home/trossen-ai/NAJY/lerobot_trossen/scripts/record_ensemble.py", line 1074, in main
    lerobot_record.main()
  File "/home/trossen-ai/NAJY/lerobot_trossen/.venv/lib/python3.11/site-packages/lerobot/scripts/lerobot_record.py", line 608, in main
    record()
  File "/home/trossen-ai/NAJY/lerobot_trossen/.venv/lib/python3.11/site-packages/lerobot/configs/parser.py", line 233, in wrapper_inner
    response = fn(cfg, *args, **kwargs)
               ^^^^^^^^^^^^^^^^^^^^^^^^
  File "/home/trossen-ai/NAJY/lerobot_trossen/.venv/lib/python3.11/site-packages/lerobot/scripts/lerobot_record.py", line 534, in record
    record_loop(
  File "/home/trossen-ai/NAJY/lerobot_trossen/packages/lerobot_robot_trossen/src/lerobot_robot_trossen/loop_rate_log.py", line 270, in record_loop
    return original(*args, **kwargs)
           ^^^^^^^^^^^^^^^^^^^^^^^^^
  File "/home/trossen-ai/NAJY/lerobot_trossen/.venv/lib/python3.11/site-packages/lerobot/datasets/image_writer.py", line 29, in wrapper
    return func(*args, **kwargs)
           ^^^^^^^^^^^^^^^^^^^^^
  File "/home/trossen-ai/NAJY/lerobot_trossen/.venv/lib/python3.11/site-packages/lerobot/scripts/lerobot_record.py", line 406, in record_loop
    _sent_action = robot.send_action(robot_action_to_send)
                   ^^^^^^^^^^^^^^^^^^^^^^^^^^^^^^^^^^^^^^^
  File "/home/trossen-ai/NAJY/lerobot_trossen/packages/lerobot_robot_trossen/src/lerobot_robot_trossen/mobileai.py", line 474, in send_action
    if not self.base.set_cmd_vel(action_base_x_vel, action_base_theta_vel):
           ^^^^^^^^^^^^^^^^^^^^^^^^^^^^^^^^^^^^^^^^^^^^^^^^^^^^^^^^^^^^^^^
KeyboardInterrupt
Reducing the number of VLM layers to 16 ...
Loading weights from local directory
