INFO 2026-09-22 00:16:03 bs_patch.py:207 Patched prepare_observation_for_inference to convert images on the device (LEROBOT_FAST_OBS) (rebound in: lerobot.utils.control_utils).
INFO 2026-09-22 00:16:03 rt_utils.py:160 Imported third-party plugin: lerobot_teleoperator_trossen
INFO 2026-09-22 00:16:03 rt_utils.py:160 Imported third-party plugin: lerobot_robot_trossen
INFO 2026-09-22 00:16:03 rt_utils.py:160 Imported third-party plugin: lerobot_robot_trossen
INFO 2026-09-22 00:16:03 rt_utils.py:160 Imported third-party plugin: lerobot_teleoperator_trossen
INFO 2026-09-22 00:16:03 ensemble.py:997 등록된 robot.type: bi_openarm_follower, bi_so_follower, bi_widowxai_follower_robot, earthrover_mini_plus, hope_jr_arm, hope_jr_hand, koch_follower, mobileai_robot, omx_follower, openarm_follower, reachy2, so100_follower, so101_follower, unitree_g1, widowxai_follower_robot
INFO 2026-09-22 00:16:03 ensemble.py:997 등록된 teleop.type: bi_openarm_leader, bi_so_leader, bi_widowxai_leader_teleop, homunculus_arm, homunculus_glove, keyboard, keyboard_ee, keyboard_rover, koch_leader, mobileai_leader_teleop, omx_leader, openarm_leader, openarm_mini, reachy2_teleoperator, so100_leader, so101_leader, unitree_g1, widowxai_leader_teleop
INFO 2026-09-22 00:16:03 nsemble.py:1046 commit=40: 워커는 쉬지 않고 추론하고, 로봇은 청크 하나를 40 스텝 실행한 뒤 그 사이 도착한 청크들의 가중평균으로 크로스페이드해 갈아탄다 (TA, coeff 적용)
INFO 2026-09-22 00:16:03 nsemble.py:1055 샘플링 조정: 초기 노이즈 x0.9, 추론당 노이즈 샘플 1개 평균
INFO 2026-09-22 00:16:03 nsemble.py:1061 temporal ensembling 활성화 (coeff=-1.5, every=1, async/process, align=on, amp=bf16). 추론은 전용 스레드·CUDA 스트림에서 돌고 제어 루프는 안 멈춘다. 매 제어 스텝마다 새 청크를 요청하고, 도착한 청크는 비행 중 흘러간 스텝만큼 앞을 잘라 맞춘 뒤 겹치는 구간을 가중 평균한다.
INFO 2026-09-22 00:16:04 rt_utils.py:160 Imported third-party plugin: lerobot_teleoperator_trossen
INFO 2026-09-22 00:16:04 rt_utils.py:160 Imported third-party plugin: lerobot_robot_trossen
INFO 2026-09-22 00:16:04 rt_utils.py:160 Imported third-party plugin: lerobot_robot_trossen
INFO 2026-09-22 00:16:04 rt_utils.py:160 Imported third-party plugin: lerobot_teleoperator_trossen
INFO 2026-09-22 00:16:07 t_record.py:435 {'dataset': {'encoder_queue_maxsize': 30,
             'encoder_threads': None,
             'episode_time_s': 60,
             'fps': 30,
             'num_episodes': 1,
             'num_image_writer_processes': 0,
             'num_image_writer_threads_per_camera': 4,
             'private': False,
             'push_to_hub': False,
             'rename_map': {},
             'repo_id': 'kiroaiseoul/eval_foundation_smolvla_v1',
             'reset_time_s': 30,
             'root': None,
             'single_task': 'Pick up the two tubes from the rack with both '
                            'hands',
             'streaming_encoding': False,
             'tags': None,
             'vcodec': 'libsvtav1',
             'video': True,
             'video_encoding_batch_size': 1},
 'display_compressed_images': False,
 'display_data': False,
 'display_ip': None,
 'display_port': None,
 'play_sounds': True,
 'policy': {'adapt_to_pi_aloha': False,
            'add_image_special_tokens': False,
            'attention_mode': 'cross_attn',
            'chunk_size': 50,
            'compile_mode': 'max-autotune',
            'compile_model': False,
            'device': 'cuda',
            'empty_cameras': 0,
            'expert_width_multiplier': 0.75,
            'freeze_vision_encoder': True,
            'input_features': {'observation.images.cam_high': {'shape': (3,
                                                                         480,
                                                                         640),
                                                               'type': <FeatureType.VISUAL: 'VISUAL'>},
                               'observation.images.cam_left_wrist': {'shape': (3,
                                                                               480,
                                                                               640),
                                                                     'type': <FeatureType.VISUAL: 'VISUAL'>},
                               'observation.images.cam_right_wrist': {'shape': (3,
                                                                                480,
                                                                                640),
                                                                      'type': <FeatureType.VISUAL: 'VISUAL'>},
                               'observation.state': {'shape': (16,),
                                                     'type': <FeatureType.STATE: 'STATE'>}},
            'license': None,
            'load_vlm_weights': False,
            'max_action_dim': 32,
            'max_period': 4.0,
            'max_state_dim': 32,
            'min_period': 0.004,
            'n_action_steps': 50,
            'n_obs_steps': 1,
            'normalization_mapping': {'ACTION': <NormalizationMode.MEAN_STD: 'MEAN_STD'>,
                                      'STATE': <NormalizationMode.MEAN_STD: 'MEAN_STD'>,
                                      'VISUAL': <NormalizationMode.IDENTITY: 'IDENTITY'>},
            'num_expert_layers': -1,
            'num_steps': 20,
            'num_vlm_layers': 16,
            'optimizer_betas': (0.9, 0.95),
            'optimizer_eps': 1e-08,
            'optimizer_grad_clip_norm': 10.0,
            'optimizer_lr': 1e-05,
            'optimizer_weight_decay': 1e-10,
            'output_features': {'action': {'shape': (16,),
                                           'type': <FeatureType.ACTION: 'ACTION'>}},
            'pad_language_to': 'longest',
            'prefix_length': -1,
            'pretrained_path': '/home/trossen-ai/daehee/models/smolvla_190k_30k_aug_80k_kirogist/pretrained_model',
            'private': None,
            'push_to_hub': False,
            'repo_id': None,
            'resize_imgs_with_padding': (512, 512),
            'rtc_config': None,
            'scheduler_decay_lr': 5e-07,
            'scheduler_decay_steps': 112000,
            'scheduler_warmup_steps': 1000,
            'self_attn_every_n_layers': 2,
            'tags': None,
            'tokenizer_max_length': 48,
            'train_expert_only': True,
            'train_state_proj': True,
            'use_amp': False,
            'use_cache': True,
            'use_delta_joint_actions_aloha': False,
            'use_peft': False,
            'vlm_model_name': 'HuggingFaceTB/SmolVLM2-500M-Video-Instruct'},
 'resume': False,
 'robot': {'calibration_dir': None,
           'cameras': {'cam_high': {'color_mode': <ColorMode.RGB: 'rgb'>,
                                    'fps': 30,
                                    'height': 480,
                                    'rotation': <Cv2Rotation.NO_ROTATION: 0>,
                                    'serial_number_or_name': '230422273501',
                                    'use_depth': False,
                                    'warmup_s': 1,
                                    'width': 640},
                       'cam_left_wrist': {'color_mode': <ColorMode.RGB: 'rgb'>,
                                          'fps': 30,
                                          'height': 480,
                                          'rotation': <Cv2Rotation.NO_ROTATION: 0>,
                                          'serial_number_or_name': '230422271234',
                                          'use_depth': False,
                                          'warmup_s': 1,
                                          'width': 640},
                       'cam_right_wrist': {'color_mode': <ColorMode.RGB: 'rgb'>,
                                           'fps': 30,
                                           'height': 480,
                                           'rotation': <Cv2Rotation.NO_ROTATION: 0>,
                                           'serial_number_or_name': '230322274369',
                                           'use_depth': False,
                                           'warmup_s': 1,
                                           'width': 640}},
           'enable_base_motor_torque': True,
           'estop_check': True,
           'id': 'follower',
           'include_base_in_state': True,
           'include_effort': False,
           'include_external_effort': False,
           'include_velocity': False,
           'left_arm_ip_address': '192.168.1.5',
           'left_arm_max_relative_target': 0.1,
           'loop_rate': 30,
           'min_time_to_move_multiplier': 3.0,
           'right_arm_ip_address': '192.168.1.4',
           'right_arm_max_relative_target': 0.1,
           'velocity_safety_factor': 0.4},
 'teleop': {'calibration_dir': None,
            'id': 'leader',
            'left_arm_ip_address': '192.168.1.3',
            'right_arm_ip_address': '192.168.1.2'}}
INFO 2026-09-22 00:16:07 eo_utils.py:106 Using video codec: libsvtav1
You have video processor config saved in `preprocessor.json` file which is deprecated. Video processor configs should be saved in their own `video_preprocessor.json` file. You can rename the file or load and save the processor back which renames it automatically. Loading from `preprocessor.json` will be removed in v5.0.
Reducing the number of VLM layers to 16 ...
INFO 2026-09-22 00:16:21 follower.py:100 Connecting to the arm controller's TCP server at 192.168.1.5:50001
INFO 2026-09-22 00:16:21 follower.py:100 Connecting to the arm controller's UDP server at 192.168.1.5:50000
INFO 2026-09-22 00:16:21 follower.py:100 Driver version: 'v1.9.0'
INFO 2026-09-22 00:16:21 follower.py:100 Controller firmware version: 'v1.9.1'
INFO 2026-09-22 00:16:23 follower.py:141 192.168.1.5 joint velocity_max (rad/s; m/s for the gripper carriage): joint_0=6.283185, joint_1=6.283185, joint_2=6.283185, joint_3=9.424778, joint_4=9.424778, joint_5=9.424778, left_carriage_joint=0.250000
INFO 2026-09-22 00:16:23 follower.py:113 None WidowXAIFollower connected.
INFO 2026-09-22 00:16:23 follower.py:100 Connecting to the arm controller's TCP server at 192.168.1.4:50001
INFO 2026-09-22 00:16:23 follower.py:100 Connecting to the arm controller's UDP server at 192.168.1.4:50000
INFO 2026-09-22 00:16:23 follower.py:100 Driver version: 'v1.9.0'
INFO 2026-09-22 00:16:23 follower.py:100 Controller firmware version: 'v1.9.1'
INFO 2026-09-22 00:16:25 follower.py:141 192.168.1.4 joint velocity_max (rad/s; m/s for the gripper carriage): joint_0=6.283185, joint_1=6.283185, joint_2=6.283185, joint_3=9.424778, joint_4=9.424778, joint_5=9.424778, left_carriage_joint=0.250000
INFO 2026-09-22 00:16:25 follower.py:113 None WidowXAIFollower connected.
INFO 2026-09-22 00:16:26 ealsense.py:202 RealSenseCamera(230422273501) connected.
INFO 2026-09-22 00:16:27 ealsense.py:202 RealSenseCamera(230422271234) connected.
INFO 2026-09-22 00:16:29 ealsense.py:202 RealSenseCamera(230322274369) connected.
INFO 2026-09-22 00:16:29 ai_leader.py:46 Connecting to the arm controller's TCP server at 192.168.1.3:50001
INFO 2026-09-22 00:16:29 ai_leader.py:46 Connecting to the arm controller's UDP server at 192.168.1.3:50000
INFO 2026-09-22 00:16:29 ai_leader.py:46 Driver version: 'v1.9.0'
INFO 2026-09-22 00:16:29 ai_leader.py:46 Controller firmware version: 'v1.9.1'
INFO 2026-09-22 00:16:31 ai_leader.py:56 leader_left WidowXAILeaderTeleop connected.
INFO 2026-09-22 00:16:31 ai_leader.py:46 Connecting to the arm controller's TCP server at 192.168.1.2:50001
INFO 2026-09-22 00:16:31 ai_leader.py:46 Connecting to the arm controller's UDP server at 192.168.1.2:50000
INFO 2026-09-22 00:16:31 ai_leader.py:46 Driver version: 'v1.9.0'
INFO 2026-09-22 00:16:31 ai_leader.py:46 Controller firmware version: 'v1.9.1'
You have video processor config saved in `preprocessor.json` file which is deprecated. Video processor configs should be saved in their own `video_preprocessor.json` file. You can rename the file or load and save the processor back which renames it automatically. Loading from `preprocessor.json` will be removed in v5.0.
INFO 2026-09-22 00:16:33 ai_leader.py:56 leader_right WidowXAILeaderTeleop connected.
INFO 2026-09-22 00:16:33 t_record.py:526 Streaming encoding is disabled. If you have capable hardware, consider enabling it for way faster episode saving. --dataset.streaming_encoding=true --dataset.encoder_threads=2 # --dataset.vcodec=auto. More info in the documentation: https://huggingface.co/docs/lerobot/streaming_video_encoding
INFO 2026-09-22 00:16:33 ls/utils.py:227 Recording episode 0
INFO 2026-09-22 00:16:33 bs_patch.py:125 GPU-side observation preprocessing is active (converting images on the device instead of the CPU). Disable with LEROBOT_FAST_OBS=0.
INFO 2026-09-22 00:16:37 rate_log.py:205 Control loop rate over last 30 frames (phase=policy, target=30 Hz): mean=20.6 Hz, min=16.6 Hz (divide the recording run's mean by this one for the base over-rotation multiplier) | per-frame: arms_read=1ms  arms_write=2ms  base_read=21ms  base_write=21ms  cam:cam_high=0ms  cam:cam_left_wrist=0ms  cam:cam_right_wrist=0ms  other=2ms
WARNING 2026-09-22 00:16:37 ts/utils.py:113 Relative goal position magnitude had to be clamped to be safe.
{   'joint_3': {   'original goal_pos': 0.4702509343624115,
                   'safe goal_pos': 0.4861371755599976},
    'joint_5': {   'original goal_pos': -0.1628875434398651,
                   'safe goal_pos': -0.13566796332597733}}
WARNING 2026-09-22 00:16:37 ts/utils.py:113 Relative goal position magnitude had to be clamped to be safe.
{   'joint_3': {   'original goal_pos': 0.7403614521026611,
                   'safe goal_pos': 0.7280995011329651}}
WARNING 2026-09-22 00:16:38 ts/utils.py:113 Relative goal position magnitude had to be clamped to be safe.
{   'joint_4': {   'original goal_pos': 0.24841821193695068,
                   'safe goal_pos': 0.21615930497646332}}
WARNING 2026-09-22 00:16:38 ts/utils.py:113 Relative goal position magnitude had to be clamped to be safe.
{   'joint_4': {   'original goal_pos': 0.3726990222930908,
                   'safe goal_pos': 0.2779583394527435}}
WARNING 2026-09-22 00:16:38 ts/utils.py:113 Relative goal position magnitude had to be clamped to be safe.
{   'joint_4': {   'original goal_pos': -0.19350621104240417,
                   'safe goal_pos': -0.18220797777175904}}
WARNING 2026-09-22 00:16:38 ts/utils.py:113 Relative goal position magnitude had to be clamped to be safe.
{   'joint_4': {   'original goal_pos': 0.44485634565353394,
                   'safe goal_pos': 0.3454795092344284}}
WARNING 2026-09-22 00:16:38 ts/utils.py:113 Relative goal position magnitude had to be clamped to be safe.
{   'joint_4': {   'original goal_pos': 0.5413223505020142,
                   'safe goal_pos': 0.4042267560958862}}
WARNING 2026-09-22 00:16:38 ts/utils.py:113 Relative goal position magnitude had to be clamped to be safe.
{   'joint_4': {   'original goal_pos': -0.3343515992164612,
                   'safe goal_pos': -0.30199130475521085}}
WARNING 2026-09-22 00:16:38 ts/utils.py:113 Relative goal position magnitude had to be clamped to be safe.
{   'joint_4': {   'original goal_pos': 0.5872443914413452,
                   'safe goal_pos': 0.4656443059444427}}
WARNING 2026-09-22 00:16:38 ts/utils.py:113 Relative goal position magnitude had to be clamped to be safe.
{   'joint_4': {   'original goal_pos': -0.4123852550983429,
                   'safe goal_pos': -0.3569237947463989}}
WARNING 2026-09-22 00:16:38 ts/utils.py:113 Relative goal position magnitude had to be clamped to be safe.
{   'joint_4': {   'original goal_pos': 0.6596102118492126,
                   'safe goal_pos': 0.5137102365493774}}
WARNING 2026-09-22 00:16:38 ts/utils.py:113 Relative goal position magnitude had to be clamped to be safe.
{   'joint_4': {   'original goal_pos': -0.4784967601299286,
                   'safe goal_pos': -0.41414511799812315}}
WARNING 2026-09-22 00:16:38 ts/utils.py:113 Relative goal position magnitude had to be clamped to be safe.
{   'joint_4': {   'original goal_pos': 0.6995574831962585,
                   'safe goal_pos': 0.5755092561244964}}
WARNING 2026-09-22 00:16:38 ts/utils.py:113 Relative goal position magnitude had to be clamped to be safe.
{   'joint_4': {   'original goal_pos': -0.4979289174079895,
                   'safe goal_pos': -0.469840532541275}}
WARNING 2026-09-22 00:16:38 ts/utils.py:113 Relative goal position magnitude had to be clamped to be safe.
{   'joint_4': {   'original goal_pos': 0.6896550059318542,
                   'safe goal_pos': 0.6357823967933655}}
WARNING 2026-09-22 00:16:38 ts/utils.py:113 Relative goal position magnitude had to be clamped to be safe.
{   'joint_1': {   'original goal_pos': 1.338928461074829,
                   'safe goal_pos': 1.3094682455062867}}
WARNING 2026-09-22 00:16:38 ts/utils.py:113 Relative goal position magnitude had to be clamped to be safe.
{   'joint_1': {   'original goal_pos': 1.363391637802124,
                   'safe goal_pos': 1.3621119022369386}}
INFO 2026-09-22 00:16:39 rate_log.py:205 Control loop rate over last 30 frames (phase=policy, target=30 Hz): mean=20.9 Hz, min=19.6 Hz (divide the recording run's mean by this one for the base over-rotation multiplier) | per-frame: arms_read=1ms  arms_write=2ms  base_read=21ms  base_write=21ms  cam:cam_high=0ms  cam:cam_left_wrist=0ms  cam:cam_right_wrist=0ms  other=3ms
WARNING 2026-09-22 00:16:39 ts/utils.py:113 Relative goal position magnitude had to be clamped to be safe.
{   'joint_4': {   'original goal_pos': 0.8146927952766418,
                   'safe goal_pos': 0.8108796834945678}}
WARNING 2026-09-22 00:16:39 ts/utils.py:113 Relative goal position magnitude had to be clamped to be safe.
{   'joint_3': {   'original goal_pos': 0.16305825114250183,
                   'safe goal_pos': 0.17943083643913268},
    'joint_5': {   'original goal_pos': 0.6961360573768616,
                   'safe goal_pos': 0.6621042251586914}}
WARNING 2026-09-22 00:16:39 ts/utils.py:113 Relative goal position magnitude had to be clamped to be safe.
{   'joint_5': {   'original goal_pos': 0.7308555841445923,
                   'safe goal_pos': 0.7139848828315735}}
WARNING 2026-09-22 00:16:40 ts/utils.py:113 Relative goal position magnitude had to be clamped to be safe.
{   'joint_1': {   'original goal_pos': 1.6406803131103516,
                   'safe goal_pos': 1.6341038703918458},
    'joint_3': {   'original goal_pos': -0.021334171295166016,
                   'safe goal_pos': -0.007873652875423437},
    'joint_4': {   'original goal_pos': 0.9756620526313782,
                   'safe goal_pos': 0.910826301574707},
    'joint_5': {   'original goal_pos': 0.8917341232299805,
                   'safe goal_pos': 0.843686556816101}}
WARNING 2026-09-22 00:16:40 ts/utils.py:113 Relative goal position magnitude had to be clamped to be safe.
{   'joint_3': {   'original goal_pos': -0.2489708960056305,
                   'safe goal_pos': -0.19937438368797303},
    'joint_5': {   'original goal_pos': -0.7482102513313293,
                   'safe goal_pos': -0.7292439103126526}}
WARNING 2026-09-22 00:16:40 ts/utils.py:113 Relative goal position magnitude had to be clamped to be safe.
{   'joint_4': {   'original goal_pos': 1.010667085647583,
                   'safe goal_pos': 0.9550774455070495},
    'joint_5': {   'original goal_pos': 0.8811792731285095,
                   'safe goal_pos': 0.8749675512313843}}
INFO 2026-09-22 00:16:40 rate_log.py:205 Control loop rate over last 30 frames (phase=policy, target=30 Hz): mean=20.9 Hz, min=19.8 Hz (divide the recording run's mean by this one for the base over-rotation multiplier) | per-frame: arms_read=2ms  arms_write=2ms  base_read=21ms  base_write=20ms  cam:cam_high=0ms  cam:cam_left_wrist=0ms  cam:cam_right_wrist=0ms  other=3ms
INFO 2026-09-22 00:16:41 rate_log.py:205 Control loop rate over last 30 frames (phase=policy, target=30 Hz): mean=20.9 Hz, min=19.7 Hz (divide the recording run's mean by this one for the base over-rotation multiplier) | per-frame: arms_read=1ms  arms_write=2ms  base_read=21ms  base_write=21ms  cam:cam_high=0ms  cam:cam_left_wrist=0ms  cam:cam_right_wrist=0ms  other=3ms
INFO 2026-09-22 00:16:43 rate_log.py:205 Control loop rate over last 30 frames (phase=policy, target=30 Hz): mean=20.8 Hz, min=19.5 Hz (divide the recording run's mean by this one for the base over-rotation multiplier) | per-frame: arms_read=2ms  arms_write=2ms  base_read=21ms  base_write=21ms  cam:cam_high=0ms  cam:cam_left_wrist=0ms  cam:cam_right_wrist=0ms  other=3ms
INFO 2026-09-22 00:16:44 rate_log.py:205 Control loop rate over last 30 frames (phase=policy, target=30 Hz): mean=20.7 Hz, min=19.5 Hz (divide the recording run's mean by this one for the base over-rotation multiplier) | per-frame: arms_read=2ms  arms_write=2ms  base_read=21ms  base_write=21ms  cam:cam_high=0ms  cam:cam_left_wrist=0ms  cam:cam_right_wrist=0ms  other=3ms
INFO 2026-09-22 00:16:46 rate_log.py:205 Control loop rate over last 30 frames (phase=policy, target=30 Hz): mean=20.8 Hz, min=20.0 Hz (divide the recording run's mean by this one for the base over-rotation multiplier) | per-frame: arms_read=2ms  arms_write=2ms  base_read=21ms  base_write=21ms  cam:cam_high=0ms  cam:cam_left_wrist=0ms  cam:cam_right_wrist=0ms  other=3ms
INFO 2026-09-22 00:16:47 rate_log.py:205 Control loop rate over last 30 frames (phase=policy, target=30 Hz): mean=20.8 Hz, min=19.4 Hz (divide the recording run's mean by this one for the base over-rotation multiplier) | per-frame: arms_read=1ms  arms_write=2ms  base_read=21ms  base_write=21ms  cam:cam_high=0ms  cam:cam_left_wrist=0ms  cam:cam_right_wrist=0ms  other=3ms
INFO 2026-09-22 00:16:49 rate_log.py:205 Control loop rate over last 30 frames (phase=policy, target=30 Hz): mean=20.8 Hz, min=19.5 Hz (divide the recording run's mean by this one for the base over-rotation multiplier) | per-frame: arms_read=1ms  arms_write=2ms  base_read=21ms  base_write=21ms  cam:cam_high=0ms  cam:cam_left_wrist=0ms  cam:cam_right_wrist=0ms  other=3ms
INFO 2026-09-22 00:16:50 rate_log.py:205 Control loop rate over last 30 frames (phase=policy, target=30 Hz): mean=20.6 Hz, min=19.8 Hz (divide the recording run's mean by this one for the base over-rotation multiplier) | per-frame: arms_read=2ms  arms_write=2ms  base_read=21ms  base_write=21ms  cam:cam_high=0ms  cam:cam_left_wrist=0ms  cam:cam_right_wrist=0ms  other=3ms
INFO 2026-09-22 00:16:52 rate_log.py:205 Control loop rate over last 30 frames (phase=policy, target=30 Hz): mean=20.6 Hz, min=19.7 Hz (divide the recording run's mean by this one for the base over-rotation multiplier) | per-frame: arms_read=2ms  arms_write=2ms  base_read=21ms  base_write=21ms  cam:cam_high=0ms  cam:cam_left_wrist=0ms  cam:cam_right_wrist=0ms  other=3ms
INFO 2026-09-22 00:16:53 rate_log.py:205 Control loop rate over last 30 frames (phase=policy, target=30 Hz): mean=20.7 Hz, min=19.5 Hz (divide the recording run's mean by this one for the base over-rotation multiplier) | per-frame: arms_read=2ms  arms_write=2ms  base_read=21ms  base_write=21ms  cam:cam_high=0ms  cam:cam_left_wrist=0ms  cam:cam_right_wrist=0ms  other=3ms
INFO 2026-09-22 00:16:54 rate_log.py:205 Control loop rate over last 30 frames (phase=policy, target=30 Hz): mean=20.8 Hz, min=19.8 Hz (divide the recording run's mean by this one for the base over-rotation multiplier) | per-frame: arms_read=2ms  arms_write=2ms  base_read=21ms  base_write=21ms  cam:cam_high=0ms  cam:cam_left_wrist=0ms  cam:cam_right_wrist=0ms  other=3ms
INFO 2026-09-22 00:16:56 rate_log.py:205 Control loop rate over last 30 frames (phase=policy, target=30 Hz): mean=20.9 Hz, min=19.8 Hz (divide the recording run's mean by this one for the base over-rotation multiplier) | per-frame: arms_read=1ms  arms_write=2ms  base_read=21ms  base_write=21ms  cam:cam_high=0ms  cam:cam_left_wrist=0ms  cam:cam_right_wrist=0ms  other=3ms
INFO 2026-09-22 00:16:57 rate_log.py:205 Control loop rate over last 30 frames (phase=policy, target=30 Hz): mean=21.0 Hz, min=19.9 Hz (divide the recording run's mean by this one for the base over-rotation multiplier) | per-frame: arms_read=1ms  arms_write=2ms  base_read=21ms  base_write=20ms  cam:cam_high=0ms  cam:cam_left_wrist=0ms  cam:cam_right_wrist=0ms  other=3ms
INFO 2026-09-22 00:16:59 rate_log.py:205 Control loop rate over last 30 frames (phase=policy, target=30 Hz): mean=20.9 Hz, min=19.8 Hz (divide the recording run's mean by this one for the base over-rotation multiplier) | per-frame: arms_read=1ms  arms_write=2ms  base_read=21ms  base_write=20ms  cam:cam_high=0ms  cam:cam_left_wrist=0ms  cam:cam_right_wrist=0ms  other=3ms
INFO 2026-09-22 00:17:00 rate_log.py:205 Control loop rate over last 30 frames (phase=policy, target=30 Hz): mean=20.9 Hz, min=19.2 Hz (divide the recording run's mean by this one for the base over-rotation multiplier) | per-frame: arms_read=2ms  arms_write=2ms  base_read=21ms  base_write=21ms  cam:cam_high=0ms  cam:cam_left_wrist=0ms  cam:cam_right_wrist=0ms  other=3ms
INFO 2026-09-22 00:17:02 rate_log.py:205 Control loop rate over last 30 frames (phase=policy, target=30 Hz): mean=20.8 Hz, min=19.8 Hz (divide the recording run's mean by this one for the base over-rotation multiplier) | per-frame: arms_read=1ms  arms_write=2ms  base_read=21ms  base_write=21ms  cam:cam_high=0ms  cam:cam_left_wrist=0ms  cam:cam_right_wrist=0ms  other=3ms
INFO 2026-09-22 00:17:03 rate_log.py:205 Control loop rate over last 30 frames (phase=policy, target=30 Hz): mean=20.7 Hz, min=19.1 Hz (divide the recording run's mean by this one for the base over-rotation multiplier) | per-frame: arms_read=2ms  arms_write=2ms  base_read=21ms  base_write=21ms  cam:cam_high=0ms  cam:cam_left_wrist=0ms  cam:cam_right_wrist=0ms  other=3ms
INFO 2026-09-22 00:17:05 rate_log.py:205 Control loop rate over last 30 frames (phase=policy, target=30 Hz): mean=20.9 Hz, min=19.1 Hz (divide the recording run's mean by this one for the base over-rotation multiplier) | per-frame: arms_read=1ms  arms_write=2ms  base_read=21ms  base_write=21ms  cam:cam_high=0ms  cam:cam_left_wrist=0ms  cam:cam_right_wrist=0ms  other=3ms
WARNING 2026-09-22 00:17:05 ts/utils.py:113 Relative goal position magnitude had to be clamped to be safe.
{   'joint_1': {   'original goal_pos': 1.9585193395614624,
                   'safe goal_pos': 1.9255512714385987},
    'joint_3': {   'original goal_pos': 0.3898485004901886,
                   'safe goal_pos': 0.372945761680603}}
INFO 2026-09-22 00:17:05 follower.py:288 pacing[192.168.1.4] FIRED goal_time=152.8ms max_delta=0.1000@joint_1 avg_v=0.654 deltas=[0.0158,0.1000,0.0246,0.1000,0.0559,0.0128,0.0153]
INFO 2026-09-22 00:17:06 rate_log.py:205 Control loop rate over last 30 frames (phase=policy, target=30 Hz): mean=20.9 Hz, min=19.5 Hz (divide the recording run's mean by this one for the base over-rotation multiplier) | per-frame: arms_read=1ms  arms_write=2ms  base_read=21ms  base_write=21ms  cam:cam_high=0ms  cam:cam_left_wrist=0ms  cam:cam_right_wrist=0ms  other=3ms
INFO 2026-09-22 00:17:07 rate_log.py:205 Control loop rate over last 30 frames (phase=policy, target=30 Hz): mean=20.6 Hz, min=19.2 Hz (divide the recording run's mean by this one for the base over-rotation multiplier) | per-frame: arms_read=2ms  arms_write=2ms  base_read=21ms  base_write=21ms  cam:cam_high=0ms  cam:cam_left_wrist=0ms  cam:cam_right_wrist=0ms  other=3ms
INFO 2026-09-22 00:17:09 rate_log.py:205 Control loop rate over last 30 frames (phase=policy, target=30 Hz): mean=20.8 Hz, min=19.9 Hz (divide the recording run's mean by this one for the base over-rotation multiplier) | per-frame: arms_read=2ms  arms_write=2ms  base_read=21ms  base_write=21ms  cam:cam_high=0ms  cam:cam_left_wrist=0ms  cam:cam_right_wrist=0ms  other=3ms
INFO 2026-09-22 00:17:10 rate_log.py:205 Control loop rate over last 30 frames (phase=policy, target=30 Hz): mean=20.8 Hz, min=19.6 Hz (divide the recording run's mean by this one for the base over-rotation multiplier) | per-frame: arms_read=2ms  arms_write=2ms  base_read=21ms  base_write=21ms  cam:cam_high=0ms  cam:cam_left_wrist=0ms  cam:cam_right_wrist=0ms  other=3ms
INFO 2026-09-22 00:17:12 rate_log.py:205 Control loop rate over last 30 frames (phase=policy, target=30 Hz): mean=20.9 Hz, min=19.8 Hz (divide the recording run's mean by this one for the base over-rotation multiplier) | per-frame: arms_read=1ms  arms_write=2ms  base_read=21ms  base_write=21ms  cam:cam_high=0ms  cam:cam_left_wrist=0ms  cam:cam_right_wrist=0ms  other=3ms
WARNING 2026-09-22 00:17:13 ts/utils.py:113 Relative goal position magnitude had to be clamped to be safe.
{   'joint_3': {   'original goal_pos': 0.11875012516975403,
                   'safe goal_pos': 0.0967574579641223}}
WARNING 2026-09-22 00:17:13 ts/utils.py:113 Relative goal position magnitude had to be clamped to be safe.
{   'joint_3': {   'original goal_pos': 0.1532016098499298,
                   'safe goal_pos': 0.13223468363285065}}
WARNING 2026-09-22 00:17:13 ts/utils.py:113 Relative goal position magnitude had to be clamped to be safe.
{   'joint_3': {   'original goal_pos': 0.40405339002609253,
                   'safe goal_pos': 0.35425344705581663}}
WARNING 2026-09-22 00:17:13 ts/utils.py:113 Relative goal position magnitude had to be clamped to be safe.
{   'joint_3': {   'original goal_pos': 0.4365919530391693,
                   'safe goal_pos': 0.41490805745124815}}
INFO 2026-09-22 00:17:13 rate_log.py:205 Control loop rate over last 30 frames (phase=policy, target=30 Hz): mean=20.8 Hz, min=19.5 Hz (divide the recording run's mean by this one for the base over-rotation multiplier) | per-frame: arms_read=2ms  arms_write=2ms  base_read=21ms  base_write=21ms  cam:cam_high=0ms  cam:cam_left_wrist=0ms  cam:cam_right_wrist=0ms  other=3ms
INFO 2026-09-22 00:17:15 rate_log.py:205 Control loop rate over last 30 frames (phase=policy, target=30 Hz): mean=20.7 Hz, min=19.0 Hz (divide the recording run's mean by this one for the base over-rotation multiplier) | per-frame: arms_read=2ms  arms_write=2ms  base_read=21ms  base_write=21ms  cam:cam_high=0ms  cam:cam_left_wrist=0ms  cam:cam_right_wrist=0ms  other=3ms
INFO 2026-09-22 00:17:16 rate_log.py:205 Control loop rate over last 30 frames (phase=policy, target=30 Hz): mean=20.7 Hz, min=19.5 Hz (divide the recording run's mean by this one for the base over-rotation multiplier) | per-frame: arms_read=1ms  arms_write=2ms  base_read=21ms  base_write=21ms  cam:cam_high=0ms  cam:cam_left_wrist=0ms  cam:cam_right_wrist=0ms  other=3ms
INFO 2026-09-22 00:17:16 follower.py:288 pacing[192.168.1.5] FIRED goal_time=101.6ms max_delta=0.0344@joint_3 avg_v=0.338 deltas=[0.0018,0.0067,0.0133,0.0344,0.0158,0.0138,0.0102]
INFO 2026-09-22 00:17:18 rate_log.py:205 Control loop rate over last 30 frames (phase=policy, target=30 Hz): mean=20.6 Hz, min=19.0 Hz (divide the recording run's mean by this one for the base over-rotation multiplier) | per-frame: arms_read=1ms  arms_write=2ms  base_read=21ms  base_write=21ms  cam:cam_high=0ms  cam:cam_left_wrist=0ms  cam:cam_right_wrist=0ms  other=3ms
WARNING 2026-09-22 00:17:18 ts/utils.py:113 Relative goal position magnitude had to be clamped to be safe.
{   'joint_4': {   'original goal_pos': 1.0558546781539917,
                   'safe goal_pos': 1.0355688095092774}}
WARNING 2026-09-22 00:17:18 ts/utils.py:113 Relative goal position magnitude had to be clamped to be safe.
{   'joint_4': {   'original goal_pos': 1.0965652465820312,
                   'safe goal_pos': 1.0836347103118897}}
INFO 2026-09-22 00:17:19 rate_log.py:205 Control loop rate over last 30 frames (phase=policy, target=30 Hz): mean=20.7 Hz, min=19.1 Hz (divide the recording run's mean by this one for the base over-rotation multiplier) | per-frame: arms_read=2ms  arms_write=2ms  base_read=21ms  base_write=21ms  cam:cam_high=0ms  cam:cam_left_wrist=0ms  cam:cam_right_wrist=0ms  other=3ms
INFO 2026-09-22 00:17:20 rate_log.py:205 Control loop rate over last 30 frames (phase=policy, target=30 Hz): mean=20.8 Hz, min=19.1 Hz (divide the recording run's mean by this one for the base over-rotation multiplier) | per-frame: arms_read=2ms  arms_write=2ms  base_read=21ms  base_write=21ms  cam:cam_high=0ms  cam:cam_left_wrist=0ms  cam:cam_right_wrist=0ms  other=3ms
INFO 2026-09-22 00:17:22 rate_log.py:205 Control loop rate over last 30 frames (phase=policy, target=30 Hz): mean=20.8 Hz, min=19.6 Hz (divide the recording run's mean by this one for the base over-rotation multiplier) | per-frame: arms_read=1ms  arms_write=2ms  base_read=21ms  base_write=21ms  cam:cam_high=0ms  cam:cam_left_wrist=0ms  cam:cam_right_wrist=0ms  other=3ms
INFO 2026-09-22 00:17:23 rate_log.py:205 Control loop rate over last 30 frames (phase=policy, target=30 Hz): mean=20.6 Hz, min=18.5 Hz (divide the recording run's mean by this one for the base over-rotation multiplier) | per-frame: arms_read=2ms  arms_write=2ms  base_read=21ms  base_write=21ms  cam:cam_high=0ms  cam:cam_left_wrist=0ms  cam:cam_right_wrist=0ms  other=3ms
INFO 2026-09-22 00:17:25 rate_log.py:205 Control loop rate over last 30 frames (phase=policy, target=30 Hz): mean=20.5 Hz, min=19.6 Hz (divide the recording run's mean by this one for the base over-rotation multiplier) | per-frame: arms_read=2ms  arms_write=2ms  base_read=21ms  base_write=21ms  cam:cam_high=0ms  cam:cam_left_wrist=0ms  cam:cam_right_wrist=0ms  other=3ms
INFO 2026-09-22 00:17:26 rate_log.py:205 Control loop rate over last 30 frames (phase=policy, target=30 Hz): mean=20.5 Hz, min=19.0 Hz (divide the recording run's mean by this one for the base over-rotation multiplier) | per-frame: arms_read=2ms  arms_write=2ms  base_read=21ms  base_write=21ms  cam:cam_high=0ms  cam:cam_left_wrist=0ms  cam:cam_right_wrist=0ms  other=3ms
INFO 2026-09-22 00:17:28 rate_log.py:205 Control loop rate over last 30 frames (phase=policy, target=30 Hz): mean=20.5 Hz, min=19.2 Hz (divide the recording run's mean by this one for the base over-rotation multiplier) | per-frame: arms_read=2ms  arms_write=2ms  base_read=21ms  base_write=21ms  cam:cam_high=0ms  cam:cam_left_wrist=0ms  cam:cam_right_wrist=0ms  other=3ms
INFO 2026-09-22 00:17:29 rate_log.py:205 Control loop rate over last 30 frames (phase=policy, target=30 Hz): mean=20.8 Hz, min=19.3 Hz (divide the recording run's mean by this one for the base over-rotation multiplier) | per-frame: arms_read=1ms  arms_write=2ms  base_read=21ms  base_write=21ms  cam:cam_high=0ms  cam:cam_left_wrist=0ms  cam:cam_right_wrist=0ms  other=3ms
INFO 2026-09-22 00:17:31 rate_log.py:205 Control loop rate over last 30 frames (phase=policy, target=30 Hz): mean=20.8 Hz, min=19.3 Hz (divide the recording run's mean by this one for the base over-rotation multiplier) | per-frame: arms_read=1ms  arms_write=2ms  base_read=21ms  base_write=21ms  cam:cam_high=0ms  cam:cam_left_wrist=0ms  cam:cam_right_wrist=0ms  other=3ms
INFO 2026-09-22 00:17:32 rate_log.py:205 Control loop rate over last 30 frames (phase=policy, target=30 Hz): mean=20.8 Hz, min=19.6 Hz (divide the recording run's mean by this one for the base over-rotation multiplier) | per-frame: arms_read=2ms  arms_write=2ms  base_read=21ms  base_write=21ms  cam:cam_high=0ms  cam:cam_left_wrist=0ms  cam:cam_right_wrist=0ms  other=3ms
Process ensemble-inference:
Traceback (most recent call last):
  File "/home/trossen-ai/.local/share/uv/python/cpython-3.11.15-linux-x86_64-gnu/lib/python3.11/multiprocessing/process.py", line 314, in _bootstrap
    self.run()
  File "/home/trossen-ai/.local/share/uv/python/cpython-3.11.15-linux-x86_64-gnu/lib/python3.11/multiprocessing/process.py", line 108, in run
    self._target(*self._args, **self._kwargs)
  File "/home/trossen-ai/NAJY/lerobot_trossen/scripts/record_ensemble.py", line 244, in _proc_main
    msg = requests.get()
          ^^^^^^^^^^^^^^
  File "/home/trossen-ai/.local/share/uv/python/cpython-3.11.15-linux-x86_64-gnu/lib/python3.11/multiprocessing/queues.py", line 103, in get
    res = self._recv_bytes()
          ^^^^^^^^^^^^^^^^^^
  File "/home/trossen-ai/.local/share/uv/python/cpython-3.11.15-linux-x86_64-gnu/lib/python3.11/multiprocessing/connection.py", line 216, in recv_bytes
    buf = self._recv_bytes(maxlength)
          ^^^^^^^^^^^^^^^^^^^^^^^^^^^
  File "/home/trossen-ai/.local/share/uv/python/cpython-3.11.15-linux-x86_64-gnu/lib/python3.11/multiprocessing/connection.py", line 430, in _recv_bytes
    buf = self._recv(4)
          ^^^^^^^^^^^^^
  File "/home/trossen-ai/.local/share/uv/python/cpython-3.11.15-linux-x86_64-gnu/lib/python3.11/multiprocessing/connection.py", line 395, in _recv
    chunk = read(handle, remaining)
            ^^^^^^^^^^^^^^^^^^^^^^^
KeyboardInterrupt
Reducing the number of VLM layers to 16 ...
Loading weights from local directory
INFO 2026-09-22 00:17:37 ls/utils.py:227 Stop recording
INFO 2026-09-22 00:17:37 nsemble.py:1076 추론 238회 · 평균 203.0 ms (최악 498.9 ms) -> 동기로 돌렸다면 지속 가능한 제어 주파수 약 5 Hz · 비행 중 지연 평균 4.9 스텝 (최악 5) · 프로세스 워커: 제출(관측 복사) 평균 1.0 ms/회 | 내역: 큐 대기 1.3 ms (최악 23.7)
Loading weights from local directory
Left arrow key pressed. Exiting loop and rerecord the last episode...
Traceback (most recent call last):
  File "/home/trossen-ai/NAJY/lerobot_trossen/.venv/lib/python3.11/site-packages/lerobot/scripts/lerobot_record.py", line 583, in record
    dataset.save_episode()
  File "/home/trossen-ai/NAJY/lerobot_trossen/.venv/lib/python3.11/site-packages/lerobot/datasets/lerobot_dataset.py", line 1287, in save_episode
    ep_stats = compute_episode_stats(episode_buffer, self.features)
               ^^^^^^^^^^^^^^^^^^^^^^^^^^^^^^^^^^^^^^^^^^^^^^^^^^^^
  File "/home/trossen-ai/NAJY/lerobot_trossen/.venv/lib/python3.11/site-packages/lerobot/datasets/compute_stats.py", line 512, in compute_episode_stats
    ep_ft_array = sample_images(data)
                  ^^^^^^^^^^^^^^^^^^^
  File "/home/trossen-ai/NAJY/lerobot_trossen/.venv/lib/python3.11/site-packages/lerobot/datasets/compute_stats.py", line 237, in sample_images
    img = load_image_as_numpy(path, dtype=np.uint8, channel_first=True)
          ^^^^^^^^^^^^^^^^^^^^^^^^^^^^^^^^^^^^^^^^^^^^^^^^^^^^^^^^^^^^^
  File "/home/trossen-ai/NAJY/lerobot_trossen/.venv/lib/python3.11/site-packages/lerobot/datasets/utils.py", line 401, in load_image_as_numpy
    img = PILImage.open(fpath).convert("RGB")
          ^^^^^^^^^^^^^^^^^^^^^^^^^^^^^^^^^^^
  File "/home/trossen-ai/NAJY/lerobot_trossen/.venv/lib/python3.11/site-packages/PIL/Image.py", line 972, in convert
    self.load()
  File "/home/trossen-ai/NAJY/lerobot_trossen/.venv/lib/python3.11/site-packages/PIL/ImageFile.py", line 394, in load
    n, err_code = decoder.decode(b)
                  ^^^^^^^^^^^^^^^^^
KeyboardInterrupt

During handling of the above exception, another exception occurred:

Traceback (most recent call last):
  File "/home/trossen-ai/NAJY/lerobot_trossen/scripts/record_ensemble.py", line 1080, in <module>
    main()
  File "/home/trossen-ai/NAJY/lerobot_trossen/scripts/record_ensemble.py", line 1074, in main
    lerobot_record.main()
  File "/home/trossen-ai/NAJY/lerobot_trossen/.venv/lib/python3.11/site-packages/lerobot/scripts/lerobot_record.py", line 608, in main
    record()
  File "/home/trossen-ai/NAJY/lerobot_trossen/.venv/lib/python3.11/site-packages/lerobot/configs/parser.py", line 233, in wrapper_inner
    response = fn(cfg, *args, **kwargs)
               ^^^^^^^^^^^^^^^^^^^^^^^^
  File "/home/trossen-ai/NAJY/lerobot_trossen/.venv/lib/python3.11/site-packages/lerobot/scripts/lerobot_record.py", line 586, in record
    log_say("Stop recording", cfg.play_sounds, blocking=True)
  File "/home/trossen-ai/NAJY/lerobot_trossen/.venv/lib/python3.11/site-packages/lerobot/utils/utils.py", line 230, in log_say
    say(text, blocking)
  File "/home/trossen-ai/NAJY/lerobot_trossen/.venv/lib/python3.11/site-packages/lerobot/utils/utils.py", line 221, in say
    subprocess.run(cmd, check=True)
  File "/home/trossen-ai/.local/share/uv/python/cpython-3.11.15-linux-x86_64-gnu/lib/python3.11/subprocess.py", line 550, in run
    stdout, stderr = process.communicate(input, timeout=timeout)
                     ^^^^^^^^^^^^^^^^^^^^^^^^^^^^^^^^^^^^^^^^^^^
  File "/home/trossen-ai/.local/share/uv/python/cpython-3.11.15-linux-x86_64-gnu/lib/python3.11/subprocess.py", line 1201, in communicate
    self.wait()
  File "/home/trossen-ai/.local/share/uv/python/cpython-3.11.15-linux-x86_64-gnu/lib/python3.11/subprocess.py", line 1264, in wait
    return self._wait(timeout=timeout)
           ^^^^^^^^^^^^^^^^^^^^^^^^^^^
  File "/home/trossen-ai/.local/share/uv/python/cpython-3.11.15-linux-x86_64-gnu/lib/python3.11/subprocess.py", line 2053, in _wait
    (pid, sts) = self._try_wait(0)
                 ^^^^^^^^^^^^^^^^^
  File "/home/trossen-ai/.local/share/uv/python/cpython-3.11.15-linux-x86_64-gnu/lib/python3.11/subprocess.py", line 2011, in _try_wait
    (pid, sts) = os.waitpid(self.pid, wait_flags)
                 ^^^^^^^^^^^^^^^^^^^^^^^^^^^^^^^^
KeyboardInterrupt
terminate called without an active exception
