INFO 2026-09-21 21:46:27 bs_patch.py:207 Patched prepare_observation_for_inference to convert images on the device (LEROBOT_FAST_OBS) (rebound in: lerobot.utils.control_utils).
INFO 2026-09-21 21:46:27 rt_utils.py:160 Imported third-party plugin: lerobot_teleoperator_trossen
INFO 2026-09-21 21:46:27 rt_utils.py:160 Imported third-party plugin: lerobot_robot_trossen
INFO 2026-09-21 21:46:27 rt_utils.py:160 Imported third-party plugin: lerobot_robot_trossen
INFO 2026-09-21 21:46:27 rt_utils.py:160 Imported third-party plugin: lerobot_teleoperator_trossen
INFO 2026-09-21 21:46:27 ensemble.py:635 등록된 robot.type: bi_openarm_follower, bi_so_follower, bi_widowxai_follower_robot, earthrover_mini_plus, hope_jr_arm, hope_jr_hand, koch_follower, mobileai_robot, omx_follower, openarm_follower, reachy2, so100_follower, so101_follower, unitree_g1, widowxai_follower_robot
INFO 2026-09-21 21:46:27 ensemble.py:635 등록된 teleop.type: bi_openarm_leader, bi_so_leader, bi_widowxai_leader_teleop, homunculus_arm, homunculus_glove, keyboard, keyboard_ee, keyboard_rover, koch_leader, mobileai_leader_teleop, omx_leader, openarm_leader, openarm_mini, reachy2_teleoperator, so100_leader, so101_leader, unitree_g1, widowxai_leader_teleop
WARNING 2026-09-21 21:46:27 ensemble.py:672 temporal ensembling 활성화 (coeff=0.01, every=50, 동기). 정책을 50 스텝마다 호출하고 그동안 제어 루프가 멈춘다 -- 이 로봇에서 루프 저하는 그대로 base 과회전이다. A/B 목적이 아니라면 --ensemble.async=true 로 돌릴 것.
INFO 2026-09-21 21:46:27 rt_utils.py:160 Imported third-party plugin: lerobot_teleoperator_trossen
INFO 2026-09-21 21:46:27 rt_utils.py:160 Imported third-party plugin: lerobot_robot_trossen
INFO 2026-09-21 21:46:27 rt_utils.py:160 Imported third-party plugin: lerobot_robot_trossen
INFO 2026-09-21 21:46:27 rt_utils.py:160 Imported third-party plugin: lerobot_teleoperator_trossen
INFO 2026-09-21 21:46:30 t_record.py:435 {'dataset': {'encoder_queue_maxsize': 30,
             'encoder_threads': None,
             'episode_time_s': 60,
             'fps': 30,
             'num_episodes': 2,
             'num_image_writer_processes': 0,
             'num_image_writer_threads_per_camera': 4,
             'private': False,
             'push_to_hub': False,
             'rename_map': {},
             'repo_id': 'kiroaiseoul/eval_foundation_smolvla_v1',
             'reset_time_s': 30,
             'root': None,
             'single_task': 'Grab and shake the filled beaker, then move to '
                            'the front of the fridge',
             'streaming_encoding': False,
             'tags': None,
             'vcodec': 'libsvtav1',
             'video': True,
             'video_encoding_batch_size': 1},
 'display_compressed_images': False,
 'display_data': False,
 'display_ip': None,
 'display_port': None,
 'play_sounds': True,
 'policy': {'adapt_to_pi_aloha': False,
            'add_image_special_tokens': False,
            'attention_mode': 'cross_attn',
            'chunk_size': 50,
            'compile_mode': 'max-autotune',
            'compile_model': False,
            'device': 'cuda',
            'empty_cameras': 0,
            'expert_width_multiplier': 0.75,
            'freeze_vision_encoder': True,
            'input_features': {'observation.images.cam_high': {'shape': (3,
                                                                         480,
                                                                         640),
                                                               'type': <FeatureType.VISUAL: 'VISUAL'>},
                               'observation.images.cam_left_wrist': {'shape': (3,
                                                                               480,
                                                                               640),
                                                                     'type': <FeatureType.VISUAL: 'VISUAL'>},
                               'observation.images.cam_right_wrist': {'shape': (3,
                                                                                480,
                                                                                640),
                                                                      'type': <FeatureType.VISUAL: 'VISUAL'>},
                               'observation.state': {'shape': (16,),
                                                     'type': <FeatureType.STATE: 'STATE'>}},
            'license': None,
            'load_vlm_weights': False,
            'max_action_dim': 32,
            'max_period': 4.0,
            'max_state_dim': 32,
            'min_period': 0.004,
            'n_action_steps': 50,
            'n_obs_steps': 1,
            'normalization_mapping': {'ACTION': <NormalizationMode.MEAN_STD: 'MEAN_STD'>,
                                      'STATE': <NormalizationMode.MEAN_STD: 'MEAN_STD'>,
                                      'VISUAL': <NormalizationMode.IDENTITY: 'IDENTITY'>},
            'num_expert_layers': -1,
            'num_steps': 50,
            'num_vlm_layers': 16,
            'optimizer_betas': (0.9, 0.95),
            'optimizer_eps': 1e-08,
            'optimizer_grad_clip_norm': 10.0,
            'optimizer_lr': 1e-05,
            'optimizer_weight_decay': 1e-10,
            'output_features': {'action': {'shape': (16,),
                                           'type': <FeatureType.ACTION: 'ACTION'>}},
            'pad_language_to': 'longest',
            'prefix_length': -1,
            'pretrained_path': '/home/trossen-ai/daehee/models/smolvla_190k_30k_aug_80k_kirogist/pretrained_model',
            'private': None,
            'push_to_hub': False,
            'repo_id': None,
            'resize_imgs_with_padding': (512, 512),
            'rtc_config': None,
            'scheduler_decay_lr': 5e-07,
            'scheduler_decay_steps': 112000,
            'scheduler_warmup_steps': 1000,
            'self_attn_every_n_layers': 2,
            'tags': None,
            'tokenizer_max_length': 48,
            'train_expert_only': True,
            'train_state_proj': True,
            'use_amp': False,
            'use_cache': True,
            'use_delta_joint_actions_aloha': False,
            'use_peft': False,
            'vlm_model_name': 'HuggingFaceTB/SmolVLM2-500M-Video-Instruct'},
 'resume': False,
 'robot': {'calibration_dir': None,
           'cameras': {'cam_high': {'color_mode': <ColorMode.RGB: 'rgb'>,
                                    'fps': 30,
                                    'height': 480,
                                    'rotation': <Cv2Rotation.NO_ROTATION: 0>,
                                    'serial_number_or_name': '230422273501',
                                    'use_depth': False,
                                    'warmup_s': 1,
                                    'width': 640},
                       'cam_left_wrist': {'color_mode': <ColorMode.RGB: 'rgb'>,
                                          'fps': 30,
                                          'height': 480,
                                          'rotation': <Cv2Rotation.NO_ROTATION: 0>,
                                          'serial_number_or_name': '230422271234',
                                          'use_depth': False,
                                          'warmup_s': 1,
                                          'width': 640},
                       'cam_right_wrist': {'color_mode': <ColorMode.RGB: 'rgb'>,
                                           'fps': 30,
                                           'height': 480,
                                           'rotation': <Cv2Rotation.NO_ROTATION: 0>,
                                           'serial_number_or_name': '230322274369',
                                           'use_depth': False,
                                           'warmup_s': 1,
                                           'width': 640}},
           'enable_base_motor_torque': True,
           'estop_check': True,
           'id': 'follower',
           'include_base_in_state': True,
           'include_effort': False,
           'include_external_effort': False,
           'include_velocity': False,
           'left_arm_ip_address': '192.168.1.5',
           'left_arm_max_relative_target': 0.1,
           'loop_rate': 30,
           'min_time_to_move_multiplier': 3.0,
           'right_arm_ip_address': '192.168.1.4',
           'right_arm_max_relative_target': 0.1,
           'velocity_safety_factor': 0.4},
 'teleop': {'calibration_dir': None,
            'id': 'leader',
            'left_arm_ip_address': '192.168.1.3',
            'right_arm_ip_address': '192.168.1.2'}}
INFO 2026-09-21 21:46:30 eo_utils.py:106 Using video codec: libsvtav1
You have video processor config saved in `preprocessor.json` file which is deprecated. Video processor configs should be saved in their own `video_preprocessor.json` file. You can rename the file or load and save the processor back which renames it automatically. Loading from `preprocessor.json` will be removed in v5.0.
INFO 2026-09-21 21:46:44 follower.py:100 Connecting to the arm controller's TCP server at 192.168.1.5:50001
INFO 2026-09-21 21:46:44 follower.py:100 Connecting to the arm controller's UDP server at 192.168.1.5:50000
INFO 2026-09-21 21:46:44 follower.py:100 Driver version: 'v1.9.0'
INFO 2026-09-21 21:46:44 follower.py:100 Controller firmware version: 'v1.9.1'
INFO 2026-09-21 21:46:46 follower.py:141 192.168.1.5 joint velocity_max (rad/s; m/s for the gripper carriage): joint_0=6.283185, joint_1=6.283185, joint_2=6.283185, joint_3=9.424778, joint_4=9.424778, joint_5=9.424778, left_carriage_joint=0.250000
INFO 2026-09-21 21:46:46 follower.py:113 None WidowXAIFollower connected.
INFO 2026-09-21 21:46:46 follower.py:100 Connecting to the arm controller's TCP server at 192.168.1.4:50001
INFO 2026-09-21 21:46:46 follower.py:100 Connecting to the arm controller's UDP server at 192.168.1.4:50000
INFO 2026-09-21 21:46:46 follower.py:100 Driver version: 'v1.9.0'
INFO 2026-09-21 21:46:46 follower.py:100 Controller firmware version: 'v1.9.1'
INFO 2026-09-21 21:46:48 follower.py:141 192.168.1.4 joint velocity_max (rad/s; m/s for the gripper carriage): joint_0=6.283185, joint_1=6.283185, joint_2=6.283185, joint_3=9.424778, joint_4=9.424778, joint_5=9.424778, left_carriage_joint=0.250000
INFO 2026-09-21 21:46:48 follower.py:113 None WidowXAIFollower connected.
INFO 2026-09-21 21:46:49 ealsense.py:202 RealSenseCamera(230422273501) connected.
INFO 2026-09-21 21:46:50 ealsense.py:202 RealSenseCamera(230422271234) connected.
INFO 2026-09-21 21:46:51 ealsense.py:202 RealSenseCamera(230322274369) connected.
INFO 2026-09-21 21:46:51 ai_leader.py:46 Connecting to the arm controller's TCP server at 192.168.1.3:50001
INFO 2026-09-21 21:46:51 ai_leader.py:46 Connecting to the arm controller's UDP server at 192.168.1.3:50000
INFO 2026-09-21 21:46:51 ai_leader.py:46 Driver version: 'v1.9.0'
INFO 2026-09-21 21:46:51 ai_leader.py:46 Controller firmware version: 'v1.9.1'
INFO 2026-09-21 21:46:53 ai_leader.py:56 leader_left WidowXAILeaderTeleop connected.
INFO 2026-09-21 21:46:53 ai_leader.py:46 Connecting to the arm controller's TCP server at 192.168.1.2:50001
INFO 2026-09-21 21:46:53 ai_leader.py:46 Connecting to the arm controller's UDP server at 192.168.1.2:50000
INFO 2026-09-21 21:46:53 ai_leader.py:46 Driver version: 'v1.9.0'
INFO 2026-09-21 21:46:53 ai_leader.py:46 Controller firmware version: 'v1.9.1'
INFO 2026-09-21 21:46:55 ai_leader.py:56 leader_right WidowXAILeaderTeleop connected.
INFO 2026-09-21 21:46:55 t_record.py:526 Streaming encoding is disabled. If you have capable hardware, consider enabling it for way faster episode saving. --dataset.streaming_encoding=true --dataset.encoder_threads=2 # --dataset.vcodec=auto. More info in the documentation: https://huggingface.co/docs/lerobot/streaming_video_encoding
INFO 2026-09-21 21:46:55 ls/utils.py:227 Recording episode 0
INFO 2026-09-21 21:46:55 bs_patch.py:125 GPU-side observation preprocessing is active (converting images on the device instead of the CPU). Disable with LEROBOT_FAST_OBS=0.
WARNING 2026-09-21 21:46:57 ts/utils.py:113 Relative goal position magnitude had to be clamped to be safe.
{   'joint_1': {   'original goal_pos': 1.1475906372070312,
                   'safe goal_pos': 1.142000412940979}}
WARNING 2026-09-21 21:46:57 ts/utils.py:113 Relative goal position magnitude had to be clamped to be safe.
{   'joint_1': {   'original goal_pos': 1.2526310682296753,
                   'safe goal_pos': 1.1767147541046143},
    'joint_3': {   'original goal_pos': 0.7468253970146179,
                   'safe goal_pos': 0.7361104846000671}}
WARNING 2026-09-21 21:46:57 ts/utils.py:113 Relative goal position magnitude had to be clamped to be safe.
{   'joint_1': {   'original goal_pos': 1.290693759918213,
                   'safe goal_pos': 1.2465247869491578}}
WARNING 2026-09-21 21:46:57 ts/utils.py:113 Relative goal position magnitude had to be clamped to be safe.
{   'joint_1': {   'original goal_pos': 1.335615873336792,
                   'safe goal_pos': 1.3010757923126222}}
WARNING 2026-09-21 21:46:58 ts/utils.py:113 Relative goal position magnitude had to be clamped to be safe.
{   'joint_4': {   'original goal_pos': 0.14020000398159027,
                   'safe goal_pos': 0.11163500454276801}}
INFO 2026-09-21 21:46:58 rate_log.py:205 Control loop rate over last 30 frames (phase=policy, target=30 Hz): mean=21.4 Hz, min=19.9 Hz (divide the recording run's mean by this one for the base over-rotation multiplier) | per-frame: arms_read=2ms  arms_write=2ms  base_read=21ms  base_write=21ms  cam:cam_high=0ms  cam:cam_left_wrist=0ms  cam:cam_right_wrist=0ms  other=1ms
WARNING 2026-09-21 21:46:58 ts/utils.py:113 Relative goal position magnitude had to be clamped to be safe.
{   'joint_3': {   'original goal_pos': 0.8225448131561279,
                   'safe goal_pos': 0.8169833183288574}}
WARNING 2026-09-21 21:46:59 ts/utils.py:113 Relative goal position magnitude had to be clamped to be safe.
{   'joint_1': {   'original goal_pos': 1.1841957569122314,
                   'safe goal_pos': 1.183581328392029}}
INFO 2026-09-21 21:46:59 rate_log.py:205 Control loop rate over last 30 frames (phase=policy, target=30 Hz): mean=16.3 Hz, min=2.2 Hz (divide the recording run's mean by this one for the base over-rotation multiplier) | per-frame: arms_read=2ms  arms_write=2ms  base_read=21ms  base_write=21ms  cam:cam_high=0ms  cam:cam_left_wrist=0ms  cam:cam_right_wrist=0ms  other=16ms
WARNING 2026-09-21 21:47:00 ts/utils.py:113 Relative goal position magnitude had to be clamped to be safe.
{   'joint_4': {   'original goal_pos': 0.2968851327896118,
                   'safe goal_pos': 0.25850308537483213}}
WARNING 2026-09-21 21:47:00 ts/utils.py:113 Relative goal position magnitude had to be clamped to be safe.
{   'joint_4': {   'original goal_pos': 0.321813702583313,
                   'safe goal_pos': 0.2943617910146713}}
WARNING 2026-09-21 21:47:00 ts/utils.py:113 Relative goal position magnitude had to be clamped to be safe.
{   'joint_4': {   'original goal_pos': 0.4073861837387085,
                   'safe goal_pos': 0.3744716703891754}}
WARNING 2026-09-21 21:47:00 ts/utils.py:113 Relative goal position magnitude had to be clamped to be safe.
{   'joint_1': {   'original goal_pos': 1.0819793939590454,
                   'safe goal_pos': 1.09153892993927}}
INFO 2026-09-21 21:47:01 rate_log.py:205 Control loop rate over last 30 frames (phase=policy, target=30 Hz): mean=20.8 Hz, min=19.3 Hz (divide the recording run's mean by this one for the base over-rotation multiplier) | per-frame: arms_read=2ms  arms_write=2ms  base_read=21ms  base_write=21ms  cam:cam_high=0ms  cam:cam_left_wrist=0ms  cam:cam_right_wrist=0ms  other=2ms
WARNING 2026-09-21 21:47:01 ts/utils.py:113 Relative goal position magnitude had to be clamped to be safe.
{   'joint_1': {   'original goal_pos': 1.2147853374481201,
                   'safe goal_pos': 1.2137179136276246}}
WARNING 2026-09-21 21:47:01 ts/utils.py:113 Relative goal position magnitude had to be clamped to be safe.
{   'joint_1': {   'original goal_pos': 1.289301872253418,
                   'safe goal_pos': 1.2480506658554078}}
WARNING 2026-09-21 21:47:02 ts/utils.py:113 Relative goal position magnitude had to be clamped to be safe.
{   'joint_1': {   'original goal_pos': 1.424092411994934,
                   'safe goal_pos': 1.419714665412903}}
WARNING 2026-09-21 21:47:02 ts/utils.py:113 Relative goal position magnitude had to be clamped to be safe.
{   'joint_1': {   'original goal_pos': 1.5939918756484985,
                   'safe goal_pos': 1.593667483329773}}
WARNING 2026-09-21 21:47:02 ts/utils.py:113 Relative goal position magnitude had to be clamped to be safe.
{   'joint_1': {   'original goal_pos': 1.7060048580169678,
                   'safe goal_pos': 1.6474555492401124},
    'joint_2': {   'original goal_pos': 0.6396365761756897,
                   'safe goal_pos': 0.6228122472763061}}
WARNING 2026-09-21 21:47:02 ts/utils.py:113 Relative goal position magnitude had to be clamped to be safe.
{   'joint_1': {   'original goal_pos': 1.8200609683990479,
                   'safe goal_pos': 1.7096360683441163},
    'joint_2': {   'original goal_pos': 0.6864400506019592,
                   'safe goal_pos': 0.6720225572586059}}
WARNING 2026-09-21 21:47:02 ts/utils.py:113 Relative goal position magnitude had to be clamped to be safe.
{   'joint_1': {   'original goal_pos': 1.8901820182800293,
                   'safe goal_pos': 1.7737239360809327}}
WARNING 2026-09-21 21:47:02 ts/utils.py:113 Relative goal position magnitude had to be clamped to be safe.
{   'joint_1': {   'original goal_pos': 1.942136287689209,
                   'safe goal_pos': 1.8278934717178346}}
WARNING 2026-09-21 21:47:02 ts/utils.py:113 Relative goal position magnitude had to be clamped to be safe.
{   'joint_1': {   'original goal_pos': 2.005810022354126,
                   'safe goal_pos': 1.8854963541030885}}
WARNING 2026-09-21 21:47:02 ts/utils.py:113 Relative goal position magnitude had to be clamped to be safe.
{   'joint_1': {   'original goal_pos': 2.048427104949951,
                   'safe goal_pos': 1.9488212823867799}}
WARNING 2026-09-21 21:47:02 ts/utils.py:113 Relative goal position magnitude had to be clamped to be safe.
{   'joint_1': {   'original goal_pos': 2.0500895977020264,
                   'safe goal_pos': 2.011001801490784}}
WARNING 2026-09-21 21:47:02 ts/utils.py:113 Relative goal position magnitude had to be clamped to be safe.
{   'joint_1': {   'original goal_pos': 2.149311065673828,
                   'safe goal_pos': 2.070893383026123}}
WARNING 2026-09-21 21:47:03 ts/utils.py:113 Relative goal position magnitude had to be clamped to be safe.
{   'joint_1': {   'original goal_pos': 2.215380907058716,
                   'safe goal_pos': 2.126207447052002}}
WARNING 2026-09-21 21:47:03 ts/utils.py:113 Relative goal position magnitude had to be clamped to be safe.
{   'joint_1': {   'original goal_pos': 2.2430925369262695,
                   'safe goal_pos': 2.188387966156006}}
WARNING 2026-09-21 21:47:03 ts/utils.py:113 Relative goal position magnitude had to be clamped to be safe.
{   'joint_1': {   'original goal_pos': 2.27199649810791,
                   'safe goal_pos': 2.2494240760803224},
    'joint_3': {   'original goal_pos': 1.210022211074829,
                   'safe goal_pos': 1.1885404348373414}}
WARNING 2026-09-21 21:47:03 rate_log.py:200 Control loop rate over last 30 frames (phase=policy, target=30 Hz): mean=16.4 Hz, min=2.2 Hz (divide the recording run's mean by this one for the base over-rotation multiplier) | per-frame: arms_read=2ms  arms_write=2ms  base_read=21ms  base_write=21ms  cam:cam_high=0ms  cam:cam_left_wrist=0ms  cam:cam_right_wrist=0ms  other=16ms -- slowed to 77% of the 21.4 Hz reached earlier in this run
WARNING 2026-09-21 21:47:04 ts/utils.py:113 Relative goal position magnitude had to be clamped to be safe.
{   'joint_1': {   'original goal_pos': 1.2382605075836182,
                   'safe goal_pos': 1.220202898979187}}
WARNING 2026-09-21 21:47:05 rate_log.py:200 Control loop rate over last 30 frames (phase=policy, target=30 Hz): mean=16.2 Hz, min=2.2 Hz (divide the recording run's mean by this one for the base over-rotation multiplier) | per-frame: arms_read=1ms  arms_write=2ms  base_read=21ms  base_write=21ms  cam:cam_high=0ms  cam:cam_left_wrist=0ms  cam:cam_right_wrist=0ms  other=17ms -- slowed to 76% of the 21.4 Hz reached earlier in this run
INFO 2026-09-21 21:47:06 rate_log.py:205 Control loop rate over last 30 frames (phase=policy, target=30 Hz): mean=21.2 Hz, min=19.9 Hz (divide the recording run's mean by this one for the base over-rotation multiplier) | per-frame: arms_read=2ms  arms_write=2ms  base_read=21ms  base_write=21ms  cam:cam_high=0ms  cam:cam_left_wrist=0ms  cam:cam_right_wrist=0ms  other=2ms
WARNING 2026-09-21 21:47:07 ts/utils.py:113 Relative goal position magnitude had to be clamped to be safe.
{   'joint_2': {   'original goal_pos': 1.1063449382781982,
                   'safe goal_pos': 1.1125200033187865}}
WARNING 2026-09-21 21:47:08 rate_log.py:200 Control loop rate over last 30 frames (phase=policy, target=30 Hz): mean=16.2 Hz, min=2.2 Hz (divide the recording run's mean by this one for the base over-rotation multiplier) | per-frame: arms_read=2ms  arms_write=2ms  base_read=21ms  base_write=21ms  cam:cam_high=0ms  cam:cam_left_wrist=0ms  cam:cam_right_wrist=0ms  other=17ms -- slowed to 76% of the 21.4 Hz reached earlier in this run
WARNING 2026-09-21 21:47:09 ts/utils.py:113 Relative goal position magnitude had to be clamped to be safe.
{   'joint_3': {   'original goal_pos': 1.1967052221298218,
                   'safe goal_pos': 1.189684844017029}}
INFO 2026-09-21 21:47:09 rate_log.py:205 Control loop rate over last 30 frames (phase=policy, target=30 Hz): mean=21.1 Hz, min=20.1 Hz (divide the recording run's mean by this one for the base over-rotation multiplier) | per-frame: arms_read=2ms  arms_write=2ms  base_read=21ms  base_write=21ms  cam:cam_high=0ms  cam:cam_left_wrist=0ms  cam:cam_right_wrist=0ms  other=2ms
WARNING 2026-09-21 21:47:11 ts/utils.py:113 Relative goal position magnitude had to be clamped to be safe.
{   'joint_1': {   'original goal_pos': 1.6036357879638672,
                   'safe goal_pos': 1.6114900350570678}}
WARNING 2026-09-21 21:47:11 rate_log.py:200 Control loop rate over last 30 frames (phase=policy, target=30 Hz): mean=16.3 Hz, min=2.1 Hz (divide the recording run's mean by this one for the base over-rotation multiplier) | per-frame: arms_read=2ms  arms_write=2ms  base_read=21ms  base_write=21ms  cam:cam_high=0ms  cam:cam_left_wrist=0ms  cam:cam_right_wrist=0ms  other=16ms -- slowed to 76% of the 21.4 Hz reached earlier in this run
WARNING 2026-09-21 21:47:11 ts/utils.py:113 Relative goal position magnitude had to be clamped to be safe.
{   'joint_1': {   'original goal_pos': 1.5171787738800049,
                   'safe goal_pos': 1.5577019691467284}}
WARNING 2026-09-21 21:47:11 ts/utils.py:113 Relative goal position magnitude had to be clamped to be safe.
{   'joint_1': {   'original goal_pos': 1.4449065923690796,
                   'safe goal_pos': 1.494377040863037}}
WARNING 2026-09-21 21:47:11 ts/utils.py:113 Relative goal position magnitude had to be clamped to be safe.
{   'joint_1': {   'original goal_pos': 1.4067069292068481,
                   'safe goal_pos': 1.4333409309387206}}
WARNING 2026-09-21 21:47:13 rate_log.py:200 Control loop rate over last 30 frames (phase=policy, target=30 Hz): mean=16.5 Hz, min=2.2 Hz (divide the recording run's mean by this one for the base over-rotation multiplier) | per-frame: arms_read=2ms  arms_write=2ms  base_read=21ms  base_write=21ms  cam:cam_high=0ms  cam:cam_left_wrist=0ms  cam:cam_right_wrist=0ms  other=16ms -- slowed to 77% of the 21.4 Hz reached earlier in this run
WARNING 2026-09-21 21:47:13 ts/utils.py:113 Relative goal position magnitude had to be clamped to be safe.
{   'joint_4': {   'original goal_pos': -0.27764320373535156,
                   'safe goal_pos': -0.29768826961517336}}
WARNING 2026-09-21 21:47:13 ts/utils.py:113 Relative goal position magnitude had to be clamped to be safe.
{   'joint_1': {   'original goal_pos': 1.7665462493896484,
                   'safe goal_pos': 1.7615167856216432}}
WARNING 2026-09-21 21:47:14 ts/utils.py:113 Relative goal position magnitude had to be clamped to be safe.
{   'joint_3': {   'original goal_pos': 0.8157572746276855,
                   'safe goal_pos': 0.8237430095672608}}
WARNING 2026-09-21 21:47:14 ts/utils.py:113 Relative goal position magnitude had to be clamped to be safe.
{   'joint_4': {   'original goal_pos': -0.06556545943021774,
                   'safe goal_pos': -0.082917520403862}}
INFO 2026-09-21 21:47:14 rate_log.py:205 Control loop rate over last 30 frames (phase=policy, target=30 Hz): mean=21.1 Hz, min=19.9 Hz (divide the recording run's mean by this one for the base over-rotation multiplier) | per-frame: arms_read=2ms  arms_write=2ms  base_read=21ms  base_write=21ms  cam:cam_high=0ms  cam:cam_left_wrist=0ms  cam:cam_right_wrist=0ms  other=2ms
INFO 2026-09-21 21:47:15 ls/utils.py:227 Reset the environment
WARNING 2026-09-21 21:47:15 ts/utils.py:113 Relative goal position magnitude had to be clamped to be safe.
{   'joint_1': {   'original goal_pos': 1.0912108421325684,
                   'safe goal_pos': 1.1476158142089843},
    'joint_2': {   'original goal_pos': 0.47779813408851624,
                   'safe goal_pos': 0.47479972839355467},
    'joint_3': {   'original goal_pos': 0.27027541399002075,
                   'safe goal_pos': 0.628427529335022},
    'joint_4': {   'original goal_pos': 0.02079041674733162,
                   'safe goal_pos': 0.15005722045898437}}
WARNING 2026-09-21 21:47:15 ts/utils.py:113 Relative goal position magnitude had to be clamped to be safe.
{   'joint_0': {   'original goal_pos': 0.0009536888683214784,
                   'safe goal_pos': 0.2580147922039032},
    'joint_1': {   'original goal_pos': 1.1301213502883911,
                   'safe goal_pos': 1.6862592935562133},
    'joint_2': {   'original goal_pos': 0.5357823967933655,
                   'safe goal_pos': 0.776058578491211},
    'joint_3': {   'original goal_pos': 0.06389715522527695,
                   'safe goal_pos': 0.6104982137680054},
    'joint_4': {   'original goal_pos': -0.008201723918318748,
                   'safe goal_pos': -0.20346378684043884}}
WARNING 2026-09-21 21:47:15 ts/utils.py:113 Relative goal position magnitude had to be clamped to be safe.
{   'joint_1': {   'original goal_pos': 1.0912108421325684,
                   'safe goal_pos': 1.1159533500671386},
    'joint_3': {   'original goal_pos': 0.26951247453689575,
                   'safe goal_pos': 0.6150759100914002},
    'joint_4': {   'original goal_pos': 0.02193484455347061,
                   'safe goal_pos': 0.11496146917343139}}
WARNING 2026-09-21 21:47:15 ts/utils.py:113 Relative goal position magnitude had to be clamped to be safe.
{   'joint_0': {   'original goal_pos': 0.000572213320992887,
                   'safe goal_pos': 0.21986725330352783},
    'joint_1': {   'original goal_pos': 1.1324101686477661,
                   'safe goal_pos': 1.646967315673828},
    'joint_2': {   'original goal_pos': 0.535400927066803,
                   'safe goal_pos': 0.7543145060539246},
    'joint_3': {   'original goal_pos': 0.06160829961299896,
                   'safe goal_pos': 0.5879911422729492},
    'joint_4': {   'original goal_pos': -0.0078202486038208,
                   'safe goal_pos': -0.14814984202384948}}
WARNING 2026-09-21 21:47:15 ts/utils.py:113 Relative goal position magnitude had to be clamped to be safe.
{   'joint_3': {   'original goal_pos': 0.26989394426345825,
                   'safe goal_pos': 0.49224081039428713},
    'joint_4': {   'original goal_pos': 0.021171892061829567,
                   'safe goal_pos': 0.06269932687282562}}
WARNING 2026-09-21 21:47:15 ts/utils.py:113 Relative goal position magnitude had to be clamped to be safe.
{   'joint_0': {   'original goal_pos': 0.00019073777366429567,
                   'safe goal_pos': 0.16951247453689575},
    'joint_1': {   'original goal_pos': 1.1285953521728516,
                   'safe goal_pos': 1.569527769088745},
    'joint_2': {   'original goal_pos': 0.533875048160553,
                   'safe goal_pos': 0.6761120200157166},
    'joint_3': {   'original goal_pos': 0.05207141116261482,
                   'safe goal_pos': 0.5246662139892578},
    'joint_4': {   'original goal_pos': -0.008201723918318748,
                   'safe goal_pos': -0.12564278542995452}}
WARNING 2026-09-21 21:47:15 ts/utils.py:113 Relative goal position magnitude had to be clamped to be safe.
{   'joint_3': {   'original goal_pos': 0.26951247453689575,
                   'safe goal_pos': 0.4815594792366028}}
WARNING 2026-09-21 21:47:15 ts/utils.py:113 Relative goal position magnitude had to be clamped to be safe.
{   'joint_0': {   'original goal_pos': 0.0009536888683214784,
                   'safe goal_pos': 0.112672621011734},
    'joint_1': {   'original goal_pos': 1.128213882446289,
                   'safe goal_pos': 1.5256580352783202},
    'joint_2': {   'original goal_pos': 0.5373083353042603,
                   'safe goal_pos': 0.6310978770256043},
    'joint_3': {   'original goal_pos': 0.05703059583902359,
                   'safe goal_pos': 0.4674448609352112},
    'joint_4': {   'original goal_pos': -0.010109102353453636,
                   'safe goal_pos': -0.07223620414733886}}
WARNING 2026-09-21 21:47:15 ts/utils.py:113 Relative goal position magnitude had to be clamped to be safe.
{   'joint_3': {   'original goal_pos': 0.26989394426345825,
                   'safe goal_pos': 0.4407415628433228}}
WARNING 2026-09-21 21:47:15 ts/utils.py:113 Relative goal position magnitude had to be clamped to be safe.
{   'joint_0': {   'original goal_pos': 0.000572213320992887,
                   'safe goal_pos': 0.04858472347259521},
    'joint_1': {   'original goal_pos': 1.1343175172805786,
                   'safe goal_pos': 1.4642404556274413},
    'joint_2': {   'original goal_pos': 0.5357823967933655,
                   'safe goal_pos': 0.5670100092887879},
    'joint_3': {   'original goal_pos': 0.04901960864663124,
                   'safe goal_pos': 0.4075532197952271}}
WARNING 2026-09-21 21:47:15 ts/utils.py:113 Relative goal position magnitude had to be clamped to be safe.
{   'joint_3': {   'original goal_pos': 0.26989394426345825,
                   'safe goal_pos': 0.3739833772182465}}
WARNING 2026-09-21 21:47:15 ts/utils.py:113 Relative goal position magnitude had to be clamped to be safe.
{   'joint_1': {   'original goal_pos': 1.122110366821289,
                   'safe goal_pos': 1.405874752998352},
    'joint_3': {   'original goal_pos': 0.05092698708176613,
                   'safe goal_pos': 0.3434653222560883}}
WARNING 2026-09-21 21:47:15 ts/utils.py:113 Relative goal position magnitude had to be clamped to be safe.
{   'joint_3': {   'original goal_pos': 0.26836803555488586,
                   'safe goal_pos': 0.2931105434894562}}
WARNING 2026-09-21 21:47:15 ts/utils.py:113 Relative goal position magnitude had to be clamped to be safe.
{   'joint_1': {   'original goal_pos': 1.1285953521728516,
                   'safe goal_pos': 1.3486533403396606},
    'joint_3': {   'original goal_pos': 0.05359731614589691,
                   'safe goal_pos': 0.304173344373703}}
WARNING 2026-09-21 21:47:15 ts/utils.py:113 Relative goal position magnitude had to be clamped to be safe.
{   'joint_1': {   'original goal_pos': 1.127450942993164,
                   'safe goal_pos': 1.2899061679840087},
    'joint_3': {   'original goal_pos': 0.05397878959774971,
                   'safe goal_pos': 0.23550775051116943}}
WARNING 2026-09-21 21:47:15 ts/utils.py:113 Relative goal position magnitude had to be clamped to be safe.
{   'joint_1': {   'original goal_pos': 1.126688003540039,
                   'safe goal_pos': 1.2372625112533568},
    'joint_3': {   'original goal_pos': 0.05436026677489281,
                   'safe goal_pos': 0.17981230616569518}}
WARNING 2026-09-21 21:47:15 ts/utils.py:113 Relative goal position magnitude had to be clamped to be safe.
{   'joint_1': {   'original goal_pos': 1.1255435943603516,
                   'safe goal_pos': 1.1739375829696654},
    'joint_3': {   'original goal_pos': 0.04253452271223068,
                   'safe goal_pos': 0.11572442352771758}}
WARNING 2026-09-21 21:47:15 ts/utils.py:113 Relative goal position magnitude had to be clamped to be safe.
{   'joint_3': {   'original goal_pos': 0.043678950518369675,
                   'safe goal_pos': 0.07071031033992767}}
INFO 2026-09-21 21:47:15 ls/utils.py:227 Stop recording
INFO 2026-09-21 21:47:21 follower.py:328 None WidowXAIFollower disconnected.
INFO 2026-09-21 21:47:25 follower.py:328 None WidowXAIFollower disconnected.
INFO 2026-09-21 21:47:25 ealsense.py:639 RealSenseCamera(230422273501) disconnected.
INFO 2026-09-21 21:47:25 ealsense.py:639 RealSenseCamera(230422271234) disconnected.
INFO 2026-09-21 21:47:25 ealsense.py:639 RealSenseCamera(230322274369) disconnected.
INFO 2026-09-21 21:47:29 i_leader.py:122 leader_left WidowXAILeaderTeleop disconnected.
INFO 2026-09-21 21:47:33 i_leader.py:122 leader_right WidowXAILeaderTeleop disconnected.
INFO 2026-09-21 21:47:33 ls/utils.py:227 Exiting
INFO 2026-09-21 21:47:33 ensemble.py:680 추론 7회 · 평균 452.4 ms (최악 713.5 ms) -> 동기로 돌렸다면 지속 가능한 제어 주파수 약 2 Hz
Reducing the number of VLM layers to 16 ...
Loading weights from local directory
Left arrow key pressed. Exiting loop and rerecord the last episode...
Traceback (most recent call last):
  File "/home/trossen-ai/NAJY/lerobot_trossen/scripts/record_ensemble.py", line 684, in <module>
    main()
  File "/home/trossen-ai/NAJY/lerobot_trossen/scripts/record_ensemble.py", line 678, in main
    lerobot_record.main()
  File "/home/trossen-ai/NAJY/lerobot_trossen/.venv/lib/python3.11/site-packages/lerobot/scripts/lerobot_record.py", line 608, in main
    record()
  File "/home/trossen-ai/NAJY/lerobot_trossen/.venv/lib/python3.11/site-packages/lerobot/configs/parser.py", line 233, in wrapper_inner
    response = fn(cfg, *args, **kwargs)
               ^^^^^^^^^^^^^^^^^^^^^^^^
  File "/home/trossen-ai/NAJY/lerobot_trossen/.venv/lib/python3.11/site-packages/lerobot/scripts/lerobot_record.py", line 563, in record
    record_loop(
  File "/home/trossen-ai/NAJY/lerobot_trossen/packages/lerobot_robot_trossen/src/lerobot_robot_trossen/loop_rate_log.py", line 270, in record_loop
    return original(*args, **kwargs)
           ^^^^^^^^^^^^^^^^^^^^^^^^^
  File "/home/trossen-ai/NAJY/lerobot_trossen/.venv/lib/python3.11/site-packages/lerobot/datasets/image_writer.py", line 29, in wrapper
    return func(*args, **kwargs)
           ^^^^^^^^^^^^^^^^^^^^^
  File "/home/trossen-ai/NAJY/lerobot_trossen/.venv/lib/python3.11/site-packages/lerobot/scripts/lerobot_record.py", line 348, in record_loop
    obs = robot.get_observation()
          ^^^^^^^^^^^^^^^^^^^^^^^
  File "/home/trossen-ai/NAJY/lerobot_trossen/packages/lerobot_robot_trossen/src/lerobot_robot_trossen/mobileai.py", line 416, in get_observation
    if not self.base.update_state():
           ^^^^^^^^^^^^^^^^^^^^^^^^
KeyboardInterrupt
